Archive member included to satisfy reference by file (symbol)

c:/st/stm32cubeide_1.2.0/stm32cubeide/plugins/com.st.stm32cube.ide.mcu.externaltools.gnu-tools-for-stm32.7-2018-q2-update.win32_1.5.0.202011040924/tools/bin/../lib/gcc/arm-none-eabi/7.3.1/../../../../arm-none-eabi/lib/thumb/v7e-m/fpv4-sp/hard\libc_nano.a(lib_a-errno.o)
                              Core/Src/syscalls.o (__errno)
c:/st/stm32cubeide_1.2.0/stm32cubeide/plugins/com.st.stm32cube.ide.mcu.externaltools.gnu-tools-for-stm32.7-2018-q2-update.win32_1.5.0.202011040924/tools/bin/../lib/gcc/arm-none-eabi/7.3.1/../../../../arm-none-eabi/lib/thumb/v7e-m/fpv4-sp/hard\libc_nano.a(lib_a-exit.o)
                              c:/st/stm32cubeide_1.2.0/stm32cubeide/plugins/com.st.stm32cube.ide.mcu.externaltools.gnu-tools-for-stm32.7-2018-q2-update.win32_1.5.0.202011040924/tools/bin/../lib/gcc/arm-none-eabi/7.3.1/../../../../arm-none-eabi/lib/thumb/v7e-m/fpv4-sp/hard/crt0.o (exit)
c:/st/stm32cubeide_1.2.0/stm32cubeide/plugins/com.st.stm32cube.ide.mcu.externaltools.gnu-tools-for-stm32.7-2018-q2-update.win32_1.5.0.202011040924/tools/bin/../lib/gcc/arm-none-eabi/7.3.1/../../../../arm-none-eabi/lib/thumb/v7e-m/fpv4-sp/hard\libc_nano.a(lib_a-impure.o)
                              c:/st/stm32cubeide_1.2.0/stm32cubeide/plugins/com.st.stm32cube.ide.mcu.externaltools.gnu-tools-for-stm32.7-2018-q2-update.win32_1.5.0.202011040924/tools/bin/../lib/gcc/arm-none-eabi/7.3.1/../../../../arm-none-eabi/lib/thumb/v7e-m/fpv4-sp/hard\libc_nano.a(lib_a-exit.o) (_global_impure_ptr)
c:/st/stm32cubeide_1.2.0/stm32cubeide/plugins/com.st.stm32cube.ide.mcu.externaltools.gnu-tools-for-stm32.7-2018-q2-update.win32_1.5.0.202011040924/tools/bin/../lib/gcc/arm-none-eabi/7.3.1/../../../../arm-none-eabi/lib/thumb/v7e-m/fpv4-sp/hard\libc_nano.a(lib_a-init.o)
                              c:/st/stm32cubeide_1.2.0/stm32cubeide/plugins/com.st.stm32cube.ide.mcu.externaltools.gnu-tools-for-stm32.7-2018-q2-update.win32_1.5.0.202011040924/tools/bin/../lib/gcc/arm-none-eabi/7.3.1/../../../../arm-none-eabi/lib/thumb/v7e-m/fpv4-sp/hard/crt0.o (__libc_init_array)
c:/st/stm32cubeide_1.2.0/stm32cubeide/plugins/com.st.stm32cube.ide.mcu.externaltools.gnu-tools-for-stm32.7-2018-q2-update.win32_1.5.0.202011040924/tools/bin/../lib/gcc/arm-none-eabi/7.3.1/../../../../arm-none-eabi/lib/thumb/v7e-m/fpv4-sp/hard\libc_nano.a(lib_a-memset.o)
                              c:/st/stm32cubeide_1.2.0/stm32cubeide/plugins/com.st.stm32cube.ide.mcu.externaltools.gnu-tools-for-stm32.7-2018-q2-update.win32_1.5.0.202011040924/tools/bin/../lib/gcc/arm-none-eabi/7.3.1/../../../../arm-none-eabi/lib/thumb/v7e-m/fpv4-sp/hard/crt0.o (memset)

Allocating common symbols
Common symbol       size              file

uwTick              0x4               Drivers/STM32H7xx_HAL_Driver/stm32h7xx_hal.o
pFlash              0x1c              Drivers/STM32H7xx_HAL_Driver/stm32h7xx_hal_flash.o
htim7               0x4c              Core/Src/stm32h7xx_hal_timebase_tim.o

Discarded input sections

 .text          0x0000000000000000        0x0 c:/st/stm32cubeide_1.2.0/stm32cubeide/plugins/com.st.stm32cube.ide.mcu.externaltools.gnu-tools-for-stm32.7-2018-q2-update.win32_1.5.0.202011040924/tools/bin/../lib/gcc/arm-none-eabi/7.3.1/thumb/v7e-m/fpv4-sp/hard/crti.o
 .data          0x0000000000000000        0x0 c:/st/stm32cubeide_1.2.0/stm32cubeide/plugins/com.st.stm32cube.ide.mcu.externaltools.gnu-tools-for-stm32.7-2018-q2-update.win32_1.5.0.202011040924/tools/bin/../lib/gcc/arm-none-eabi/7.3.1/thumb/v7e-m/fpv4-sp/hard/crti.o
 .bss           0x0000000000000000        0x0 c:/st/stm32cubeide_1.2.0/stm32cubeide/plugins/com.st.stm32cube.ide.mcu.externaltools.gnu-tools-for-stm32.7-2018-q2-update.win32_1.5.0.202011040924/tools/bin/../lib/gcc/arm-none-eabi/7.3.1/thumb/v7e-m/fpv4-sp/hard/crti.o
 .data          0x0000000000000000        0x4 c:/st/stm32cubeide_1.2.0/stm32cubeide/plugins/com.st.stm32cube.ide.mcu.externaltools.gnu-tools-for-stm32.7-2018-q2-update.win32_1.5.0.202011040924/tools/bin/../lib/gcc/arm-none-eabi/7.3.1/thumb/v7e-m/fpv4-sp/hard/crtbegin.o
 .text          0x0000000000000000       0x74 c:/st/stm32cubeide_1.2.0/stm32cubeide/plugins/com.st.stm32cube.ide.mcu.externaltools.gnu-tools-for-stm32.7-2018-q2-update.win32_1.5.0.202011040924/tools/bin/../lib/gcc/arm-none-eabi/7.3.1/../../../../arm-none-eabi/lib/thumb/v7e-m/fpv4-sp/hard/crt0.o
 .data          0x0000000000000000        0x0 c:/st/stm32cubeide_1.2.0/stm32cubeide/plugins/com.st.stm32cube.ide.mcu.externaltools.gnu-tools-for-stm32.7-2018-q2-update.win32_1.5.0.202011040924/tools/bin/../lib/gcc/arm-none-eabi/7.3.1/../../../../arm-none-eabi/lib/thumb/v7e-m/fpv4-sp/hard/crt0.o
 .bss           0x0000000000000000        0x0 c:/st/stm32cubeide_1.2.0/stm32cubeide/plugins/com.st.stm32cube.ide.mcu.externaltools.gnu-tools-for-stm32.7-2018-q2-update.win32_1.5.0.202011040924/tools/bin/../lib/gcc/arm-none-eabi/7.3.1/../../../../arm-none-eabi/lib/thumb/v7e-m/fpv4-sp/hard/crt0.o
[...]
Memory Configuration

Name             Origin             Length             Attributes
FLASH            0x0000000008100000 0x0000000000100000 xr
RAM              0x0000000010000000 0x0000000000048000 xrw
*default*        0x0000000000000000 0xffffffffffffffff

Linker script and memory map

LOAD c:/st/stm32cubeide_1.2.0/stm32cubeide/plugins/com.st.stm32cube.ide.mcu.externaltools.gnu-tools-for-stm32.7-2018-q2-update.win32_1.5.0.202011040924/tools/bin/../lib/gcc/arm-none-eabi/7.3.1/thumb/v7e-m/fpv4-sp/hard/crti.o
LOAD c:/st/stm32cubeide_1.2.0/stm32cubeide/plugins/com.st.stm32cube.ide.mcu.externaltools.gnu-tools-for-stm32.7-2018-q2-update.win32_1.5.0.202011040924/tools/bin/../lib/gcc/arm-none-eabi/7.3.1/thumb/v7e-m/fpv4-sp/hard/crtbegin.o
LOAD c:/st/stm32cubeide_1.2.0/stm32cubeide/plugins/com.st.stm32cube.ide.mcu.externaltools.gnu-tools-for-stm32.7-2018-q2-update.win32_1.5.0.202011040924/tools/bin/../lib/gcc/arm-none-eabi/7.3.1/../../../../arm-none-eabi/lib/thumb/v7e-m/fpv4-sp/hard/crt0.o
LOAD Common/Src/system_stm32h7xx_dualcore_boot_cm4_cm7.o
LOAD Core/Src/bdma.o
LOAD Core/Src/dma.o
LOAD Core/Src/main.o
LOAD Core/Src/stm32h7xx_hal_msp.o
LOAD Core/Src/stm32h7xx_hal_timebase_tim.o
LOAD Core/Src/stm32h7xx_it.o
LOAD Core/Src/syscalls.o
LOAD Core/Src/sysmem.o
LOAD Core/Startup/startup_stm32h747xihx.o
LOAD Drivers/STM32H7xx_HAL_Driver/stm32h7xx_hal.o
LOAD Drivers/STM32H7xx_HAL_Driver/stm32h7xx_hal_cortex.o
LOAD Drivers/STM32H7xx_HAL_Driver/stm32h7xx_hal_dma.o
LOAD Drivers/STM32H7xx_HAL_Driver/stm32h7xx_hal_dma_ex.o
LOAD Drivers/STM32H7xx_HAL_Driver/stm32h7xx_hal_exti.o
LOAD Drivers/STM32H7xx_HAL_Driver/stm32h7xx_hal_flash.o
LOAD Drivers/STM32H7xx_HAL_Driver/stm32h7xx_hal_flash_ex.o
LOAD Drivers/STM32H7xx_HAL_Driver/stm32h7xx_hal_gpio.o
LOAD Drivers/STM32H7xx_HAL_Driver/stm32h7xx_hal_hsem.o
LOAD Drivers/STM32H7xx_HAL_Driver/stm32h7xx_hal_i2c.o
LOAD Drivers/STM32H7xx_HAL_Driver/stm32h7xx_hal_i2c_ex.o
LOAD Drivers/STM32H7xx_HAL_Driver/stm32h7xx_hal_mdma.o
LOAD Drivers/STM32H7xx_HAL_Driver/stm32h7xx_hal_pwr.o
LOAD Drivers/STM32H7xx_HAL_Driver/stm32h7xx_hal_pwr_ex.o
LOAD Drivers/STM32H7xx_HAL_Driver/stm32h7xx_hal_rcc.o
LOAD Drivers/STM32H7xx_HAL_Driver/stm32h7xx_hal_rcc_ex.o
LOAD Drivers/STM32H7xx_HAL_Driver/stm32h7xx_hal_sd.o
LOAD Drivers/STM32H7xx_HAL_Driver/stm32h7xx_hal_sd_ex.o
LOAD Drivers/STM32H7xx_HAL_Driver/stm32h7xx_hal_tim.o
LOAD Drivers/STM32H7xx_HAL_Driver/stm32h7xx_hal_tim_ex.o
LOAD Drivers/STM32H7xx_HAL_Driver/stm32h7xx_ll_delayblock.o
LOAD Drivers/STM32H7xx_HAL_Driver/stm32h7xx_ll_sdmmc.o
START GROUP
LOAD c:/st/stm32cubeide_1.2.0/stm32cubeide/plugins/com.st.stm32cube.ide.mcu.externaltools.gnu-tools-for-stm32.7-2018-q2-update.win32_1.5.0.202011040924/tools/bin/../lib/gcc/arm-none-eabi/7.3.1/../../../../arm-none-eabi/lib/thumb/v7e-m/fpv4-sp/hard\libc_nano.a
LOAD c:/st/stm32cubeide_1.2.0/stm32cubeide/plugins/com.st.stm32cube.ide.mcu.externaltools.gnu-tools-for-stm32.7-2018-q2-update.win32_1.5.0.202011040924/tools/bin/../lib/gcc/arm-none-eabi/7.3.1/../../../../arm-none-eabi/lib/thumb/v7e-m/fpv4-sp/hard\libm.a
END GROUP
START GROUP
LOAD c:/st/stm32cubeide_1.2.0/stm32cubeide/plugins/com.st.stm32cube.ide.mcu.externaltools.gnu-tools-for-stm32.7-2018-q2-update.win32_1.5.0.202011040924/tools/bin/../lib/gcc/arm-none-eabi/7.3.1/thumb/v7e-m/fpv4-sp/hard\libgcc.a
LOAD c:/st/stm32cubeide_1.2.0/stm32cubeide/plugins/com.st.stm32cube.ide.mcu.externaltools.gnu-tools-for-stm32.7-2018-q2-update.win32_1.5.0.202011040924/tools/bin/../lib/gcc/arm-none-eabi/7.3.1/../../../../arm-none-eabi/lib/thumb/v7e-m/fpv4-sp/hard\libc_nano.a
END GROUP
START GROUP
LOAD c:/st/stm32cubeide_1.2.0/stm32cubeide/plugins/com.st.stm32cube.ide.mcu.externaltools.gnu-tools-for-stm32.7-2018-q2-update.win32_1.5.0.202011040924/tools/bin/../lib/gcc/arm-none-eabi/7.3.1/thumb/v7e-m/fpv4-sp/hard\libgcc.a
LOAD c:/st/stm32cubeide_1.2.0/stm32cubeide/plugins/com.st.stm32cube.ide.mcu.externaltools.gnu-tools-for-stm32.7-2018-q2-update.win32_1.5.0.202011040924/tools/bin/../lib/gcc/arm-none-eabi/7.3.1/../../../../arm-none-eabi/lib/thumb/v7e-m/fpv4-sp/hard\libc_nano.a
LOAD c:/st/stm32cubeide_1.2.0/stm32cubeide/plugins/com.st.stm32cube.ide.mcu.externaltools.gnu-tools-for-stm32.7-2018-q2-update.win32_1.5.0.202011040924/tools/bin/../lib/gcc/arm-none-eabi/7.3.1/../../../../arm-none-eabi/lib/thumb/v7e-m/fpv4-sp/hard\libnosys.a
END GROUP
START GROUP
LOAD c:/st/stm32cubeide_1.2.0/stm32cubeide/plugins/com.st.stm32cube.ide.mcu.externaltools.gnu-tools-for-stm32.7-2018-q2-update.win32_1.5.0.202011040924/tools/bin/../lib/gcc/arm-none-eabi/7.3.1/thumb/v7e-m/fpv4-sp/hard\libgcc.a
LOAD c:/st/stm32cubeide_1.2.0/stm32cubeide/plugins/com.st.stm32cube.ide.mcu.externaltools.gnu-tools-for-stm32.7-2018-q2-update.win32_1.5.0.202011040924/tools/bin/../lib/gcc/arm-none-eabi/7.3.1/../../../../arm-none-eabi/lib/thumb/v7e-m/fpv4-sp/hard\libc_nano.a
LOAD c:/st/stm32cubeide_1.2.0/stm32cubeide/plugins/com.st.stm32cube.ide.mcu.externaltools.gnu-tools-for-stm32.7-2018-q2-update.win32_1.5.0.202011040924/tools/bin/../lib/gcc/arm-none-eabi/7.3.1/../../../../arm-none-eabi/lib/thumb/v7e-m/fpv4-sp/hard\libnosys.a
END GROUP
LOAD c:/st/stm32cubeide_1.2.0/stm32cubeide/plugins/com.st.stm32cube.ide.mcu.externaltools.gnu-tools-for-stm32.7-2018-q2-update.win32_1.5.0.202011040924/tools/bin/../lib/gcc/arm-none-eabi/7.3.1/thumb/v7e-m/fpv4-sp/hard/crtend.o
LOAD c:/st/stm32cubeide_1.2.0/stm32cubeide/plugins/com.st.stm32cube.ide.mcu.externaltools.gnu-tools-for-stm32.7-2018-q2-update.win32_1.5.0.202011040924/tools/bin/../lib/gcc/arm-none-eabi/7.3.1/thumb/v7e-m/fpv4-sp/hard/crtn.o
                0x0000000010048000                _estack = 0x10048000
                0x0000000000000200                _Min_Heap_Size = 0x200
                0x0000000000000400                _Min_Stack_Size = 0x400

.isr_vector     0x0000000008100000      0x298
                0x0000000008100000                . = ALIGN (0x4)
 *(.isr_vector)
 .isr_vector    0x0000000008100000      0x298 Core/Startup/startup_stm32h747xihx.o
                0x0000000008100000                g_pfnVectors
                0x0000000008100298                . = ALIGN (0x4)

.text           0x0000000008100298     0x10a4
                0x0000000008100298                . = ALIGN (0x4)
 *(.text)
 .text          0x0000000008100298       0x40 c:/st/stm32cubeide_1.2.0/stm32cubeide/plugins/com.st.stm32cube.ide.mcu.externaltools.gnu-tools-for-stm32.7-2018-q2-update.win32_1.5.0.202011040924/tools/bin/../lib/gcc/arm-none-eabi/7.3.1/thumb/v7e-m/fpv4-sp/hard/crtbegin.o
 *(.text*)
 .text.SystemInit
                0x00000000081002d8       0x38 Common/Src/system_stm32h7xx_dualcore_boot_cm4_cm7.o
                0x00000000081002d8                SystemInit
 .text.MX_DMA_Init
                0x0000000008100310       0x34 Core/Src/dma.o
                0x0000000008100310                MX_DMA_Init
 .text.main     0x0000000008100344       0x80 Core/Src/main.o
                0x0000000008100344                main
 .text.HAL_TIM_PeriodElapsedCallback
                0x00000000081003c4       0x24 Core/Src/main.o
                0x00000000081003c4                HAL_TIM_PeriodElapsedCallback
 .text.HAL_MspInit
                0x00000000081003e8       0x34 Core/Src/stm32h7xx_hal_msp.o
                0x00000000081003e8                HAL_MspInit
 .text.HAL_InitTick
                0x000000000810041c       0xd8 Core/Src/stm32h7xx_hal_timebase_tim.o
                0x000000000810041c                HAL_InitTick
 .text.NMI_Handler
                0x00000000081004f4        0xe Core/Src/stm32h7xx_it.o
                0x00000000081004f4                NMI_Handler
 .text.HardFault_Handler
                0x0000000008100502        0x6 Core/Src/stm32h7xx_it.o
                0x0000000008100502                HardFault_Handler
 .text.MemManage_Handler
                0x0000000008100508        0x6 Core/Src/stm32h7xx_it.o
                0x0000000008100508                MemManage_Handler
 .text.BusFault_Handler
                0x000000000810050e        0x6 Core/Src/stm32h7xx_it.o
                0x000000000810050e                BusFault_Handler
 .text.UsageFault_Handler
                0x0000000008100514        0x6 Core/Src/stm32h7xx_it.o
                0x0000000008100514                UsageFault_Handler
 .text.SVC_Handler
                0x000000000810051a        0xe Core/Src/stm32h7xx_it.o
                0x000000000810051a                SVC_Handler
 .text.DebugMon_Handler
                0x0000000008100528        0xe Core/Src/stm32h7xx_it.o
                0x0000000008100528                DebugMon_Handler
 .text.PendSV_Handler
                0x0000000008100536        0xe Core/Src/stm32h7xx_it.o
                0x0000000008100536                PendSV_Handler
 .text.SysTick_Handler
                0x0000000008100544        0xe Core/Src/stm32h7xx_it.o
                0x0000000008100544                SysTick_Handler
 *fill*         0x0000000008100552        0x2 
 .text.TIM7_IRQHandler
                0x0000000008100554       0x14 Core/Src/stm32h7xx_it.o
                0x0000000008100554                TIM7_IRQHandler
 .text.Reset_Handler
                0x0000000008100568       0x50 Core/Startup/startup_stm32h747xihx.o
                0x0000000008100568                Reset_Handler
 .text.Default_Handler
                0x00000000081005b8        0x2 Core/Startup/startup_stm32h747xihx.o
                0x00000000081005b8                RTC_Alarm_IRQHandler
                0x00000000081005b8                EXTI2_IRQHandler
                0x00000000081005b8                TIM8_CC_IRQHandler
                0x00000000081005b8                HRTIM1_Master_IRQHandler
                0x00000000081005b8                UART8_IRQHandler
                0x00000000081005b8                SPI4_IRQHandler
                0x00000000081005b8                TIM1_CC_IRQHandler
                0x00000000081005b8                BDMA_Channel6_IRQHandler
                0x00000000081005b8                DMA2_Stream5_IRQHandler
                0x00000000081005b8                HRTIM1_FLT_IRQHandler
                0x00000000081005b8                JPEG_IRQHandler
                0x00000000081005b8                DMA1_Stream5_IRQHandler
                0x00000000081005b8                BDMA_Channel1_IRQHandler
                0x00000000081005b8                HRTIM1_TIMD_IRQHandler
                0x00000000081005b8                TAMP_STAMP_IRQHandler
                0x00000000081005b8                EXTI3_IRQHandler
                0x00000000081005b8                LPTIM4_IRQHandler
                0x00000000081005b8                TIM8_TRG_COM_TIM14_IRQHandler
                0x00000000081005b8                LPTIM2_IRQHandler
                0x00000000081005b8                DFSDM1_FLT1_IRQHandler
                0x00000000081005b8                DMAMUX2_OVR_IRQHandler
                0x00000000081005b8                TIM8_UP_TIM13_IRQHandler
                0x00000000081005b8                I2C3_ER_IRQHandler
                0x00000000081005b8                DFSDM1_FLT2_IRQHandler
                0x00000000081005b8                MDMA_IRQHandler
                0x00000000081005b8                LPTIM3_IRQHandler
                0x00000000081005b8                HSEM1_IRQHandler
                0x00000000081005b8                EXTI0_IRQHandler
                0x00000000081005b8                I2C2_EV_IRQHandler
                0x00000000081005b8                DMA1_Stream2_IRQHandler
                0x00000000081005b8                FPU_IRQHandler
                0x00000000081005b8                OTG_HS_WKUP_IRQHandler
                0x00000000081005b8                FDCAN1_IT1_IRQHandler
                0x00000000081005b8                LTDC_ER_IRQHandler
                0x00000000081005b8                DMA2_Stream2_IRQHandler
                0x00000000081005b8                HRTIM1_TIME_IRQHandler
                0x00000000081005b8                SPI1_IRQHandler
                0x00000000081005b8                TIM6_DAC_IRQHandler
                0x00000000081005b8                DCMI_IRQHandler
                0x00000000081005b8                HRTIM1_TIMC_IRQHandler
                0x00000000081005b8                DMA2_Stream3_IRQHandler
                0x00000000081005b8                SAI2_IRQHandler
                0x00000000081005b8                DFSDM1_FLT3_IRQHandler
                0x00000000081005b8                USART6_IRQHandler
                0x00000000081005b8                TIM17_IRQHandler
                0x00000000081005b8                USART3_IRQHandler
                0x00000000081005b8                BDMA_Channel7_IRQHandler
                0x00000000081005b8                LPTIM5_IRQHandler
                0x00000000081005b8                UART5_IRQHandler
                0x00000000081005b8                ADC3_IRQHandler
                0x00000000081005b8                DMA2_Stream0_IRQHandler
                0x00000000081005b8                TIM4_IRQHandler
                0x00000000081005b8                BDMA_Channel2_IRQHandler
                0x00000000081005b8                QUADSPI_IRQHandler
                0x00000000081005b8                I2C1_EV_IRQHandler
                0x00000000081005b8                DMA1_Stream6_IRQHandler
                0x00000000081005b8                DMAMUX1_OVR_IRQHandler
                0x00000000081005b8                DMA1_Stream1_IRQHandler
                0x00000000081005b8                TIM16_IRQHandler
                0x00000000081005b8                UART4_IRQHandler
                0x00000000081005b8                BDMA_Channel5_IRQHandler
                0x00000000081005b8                TIM3_IRQHandler
                0x00000000081005b8                RCC_IRQHandler
                0x00000000081005b8                TIM8_BRK_TIM12_IRQHandler
                0x00000000081005b8                TIM1_TRG_COM_IRQHandler
                0x00000000081005b8                Default_Handler
                0x00000000081005b8                ECC_IRQHandler
                0x00000000081005b8                CEC_IRQHandler
                0x00000000081005b8                EXTI15_10_IRQHandler
                0x00000000081005b8                BDMA_Channel0_IRQHandler
                0x00000000081005b8                ADC_IRQHandler
                0x00000000081005b8                DMA1_Stream7_IRQHandler
                0x00000000081005b8                HRTIM1_TIMA_IRQHandler
                0x00000000081005b8                SPI5_IRQHandler
                0x00000000081005b8                SDMMC1_IRQHandler
                0x00000000081005b8                TIM5_IRQHandler
                0x00000000081005b8                DMA2_Stream7_IRQHandler
                0x00000000081005b8                TIM15_IRQHandler
                0x00000000081005b8                PVD_AVD_IRQHandler
                0x00000000081005b8                I2C3_EV_IRQHandler
                0x00000000081005b8                EXTI9_5_IRQHandler
                0x00000000081005b8                RTC_WKUP_IRQHandler
                0x00000000081005b8                LTDC_IRQHandler
                0x00000000081005b8                SAI3_IRQHandler
                0x00000000081005b8                ETH_WKUP_IRQHandler
                0x00000000081005b8                SPDIF_RX_IRQHandler
                0x00000000081005b8                SPI2_IRQHandler
                0x00000000081005b8                OTG_HS_EP1_IN_IRQHandler
                0x00000000081005b8                DMA1_Stream0_IRQHandler
                0x00000000081005b8                CRS_IRQHandler
                0x00000000081005b8                CM7_SEV_IRQHandler
                0x00000000081005b8                EXTI4_IRQHandler
                0x00000000081005b8                RNG_IRQHandler
                0x00000000081005b8                CM4_SEV_IRQHandler
                0x00000000081005b8                HRTIM1_TIMB_IRQHandler
                0x00000000081005b8                FDCAN2_IT1_IRQHandler
                0x00000000081005b8                DSI_IRQHandler
                0x00000000081005b8                ETH_IRQHandler
                0x00000000081005b8                TIM1_UP_IRQHandler
                0x00000000081005b8                WWDG_RST_IRQHandler
                0x00000000081005b8                BDMA_Channel4_IRQHandler
                0x00000000081005b8                OTG_HS_EP1_OUT_IRQHandler
                0x00000000081005b8                WWDG_IRQHandler
                0x00000000081005b8                SPI6_IRQHandler
                0x00000000081005b8                MDIOS_IRQHandler
                0x00000000081005b8                I2C4_EV_IRQHandler
                0x00000000081005b8                FDCAN2_IT0_IRQHandler
                0x00000000081005b8                LPUART1_IRQHandler
                0x00000000081005b8                FDCAN1_IT0_IRQHandler
                0x00000000081005b8                TIM2_IRQHandler
                0x00000000081005b8                OTG_FS_WKUP_IRQHandler
                0x00000000081005b8                OTG_HS_IRQHandler
                0x00000000081005b8                HSEM2_IRQHandler
                0x00000000081005b8                DMA2D_IRQHandler
                0x00000000081005b8                TIM1_BRK_IRQHandler
                0x00000000081005b8                EXTI1_IRQHandler
                0x00000000081005b8                SDMMC2_IRQHandler
                0x00000000081005b8                OTG_FS_EP1_OUT_IRQHandler
                0x00000000081005b8                BDMA_Channel3_IRQHandler
                0x00000000081005b8                HOLD_CORE_IRQHandler
                0x00000000081005b8                UART7_IRQHandler
                0x00000000081005b8                MDIOS_WKUP_IRQHandler
                0x00000000081005b8                USART2_IRQHandler
                0x00000000081005b8                DFSDM1_FLT0_IRQHandler
                0x00000000081005b8                SAI4_IRQHandler
                0x00000000081005b8                I2C2_ER_IRQHandler
                0x00000000081005b8                DMA2_Stream1_IRQHandler
                0x00000000081005b8                FLASH_IRQHandler
                0x00000000081005b8                DMA2_Stream4_IRQHandler
                0x00000000081005b8                USART1_IRQHandler
                0x00000000081005b8                OTG_FS_IRQHandler
                0x00000000081005b8                SPI3_IRQHandler
                0x00000000081005b8                WAKEUP_PIN_IRQHandler
                0x00000000081005b8                DMA1_Stream4_IRQHandler
                0x00000000081005b8                OTG_FS_EP1_IN_IRQHandler
                0x00000000081005b8                I2C1_ER_IRQHandler
                0x00000000081005b8                FMC_IRQHandler
                0x00000000081005b8                FDCAN_CAL_IRQHandler
                0x00000000081005b8                SWPMI1_IRQHandler
                0x00000000081005b8                COMP1_IRQHandler
                0x00000000081005b8                LPTIM1_IRQHandler
                0x00000000081005b8                I2C4_ER_IRQHandler
                0x00000000081005b8                DMA2_Stream6_IRQHandler
                0x00000000081005b8                SAI1_IRQHandler
                0x00000000081005b8                DMA1_Stream3_IRQHandler
 *fill*         0x00000000081005ba        0x2 
 .text.HAL_Init
                0x00000000081005bc       0xbc Drivers/STM32H7xx_HAL_Driver/stm32h7xx_hal.o
                0x00000000081005bc                HAL_Init
 .text.HAL_IncTick
                0x0000000008100678       0x28 Drivers/STM32H7xx_HAL_Driver/stm32h7xx_hal.o
                0x0000000008100678                HAL_IncTick
 .text.__NVIC_SetPriorityGrouping
                0x00000000081006a0       0x48 Drivers/STM32H7xx_HAL_Driver/stm32h7xx_hal_cortex.o
 .text.__NVIC_GetPriorityGrouping
                0x00000000081006e8       0x1c Drivers/STM32H7xx_HAL_Driver/stm32h7xx_hal_cortex.o
 .text.__NVIC_EnableIRQ
                0x0000000008100704       0x3c Drivers/STM32H7xx_HAL_Driver/stm32h7xx_hal_cortex.o
 .text.__NVIC_SetPriority
                0x0000000008100740       0x54 Drivers/STM32H7xx_HAL_Driver/stm32h7xx_hal_cortex.o
 .text.NVIC_EncodePriority
                0x0000000008100794       0x66 Drivers/STM32H7xx_HAL_Driver/stm32h7xx_hal_cortex.o
 .text.HAL_NVIC_SetPriorityGrouping
                0x00000000081007fa       0x16 Drivers/STM32H7xx_HAL_Driver/stm32h7xx_hal_cortex.o
                0x00000000081007fa                HAL_NVIC_SetPriorityGrouping
 .text.HAL_NVIC_SetPriority
                0x0000000008100810       0x34 Drivers/STM32H7xx_HAL_Driver/stm32h7xx_hal_cortex.o
                0x0000000008100810                HAL_NVIC_SetPriority
 .text.HAL_NVIC_EnableIRQ
                0x0000000008100844       0x1c Drivers/STM32H7xx_HAL_Driver/stm32h7xx_hal_cortex.o
                0x0000000008100844                HAL_NVIC_EnableIRQ
 .text.HAL_GetCurrentCPUID
                0x0000000008100860       0x28 Drivers/STM32H7xx_HAL_Driver/stm32h7xx_hal_cortex.o
                0x0000000008100860                HAL_GetCurrentCPUID
 .text.HAL_HSEM_ActivateNotification
                0x0000000008100888       0x24 Drivers/STM32H7xx_HAL_Driver/stm32h7xx_hal_hsem.o
                0x0000000008100888                HAL_HSEM_ActivateNotification
 .text.HAL_PWREx_EnterSTOPMode
                0x00000000081008ac       0xec Drivers/STM32H7xx_HAL_Driver/stm32h7xx_hal_pwr_ex.o
                0x00000000081008ac                HAL_PWREx_EnterSTOPMode
 .text.HAL_PWREx_ClearPendingEvent
                0x0000000008100998       0x1a Drivers/STM32H7xx_HAL_Driver/stm32h7xx_hal_pwr_ex.o
                0x0000000008100998                HAL_PWREx_ClearPendingEvent
 *fill*         0x00000000081009b2        0x2 
 .text.HAL_RCC_GetSysClockFreq
                0x00000000081009b4      0x2e4 Drivers/STM32H7xx_HAL_Driver/stm32h7xx_hal_rcc.o
                0x00000000081009b4                HAL_RCC_GetSysClockFreq
 .text.HAL_RCC_GetHCLKFreq
                0x0000000008100c98       0x64 Drivers/STM32H7xx_HAL_Driver/stm32h7xx_hal_rcc.o
                0x0000000008100c98                HAL_RCC_GetHCLKFreq
 .text.HAL_RCC_GetPCLK1Freq
                0x0000000008100cfc       0x2c Drivers/STM32H7xx_HAL_Driver/stm32h7xx_hal_rcc.o
                0x0000000008100cfc                HAL_RCC_GetPCLK1Freq
 .text.HAL_RCC_GetClockConfig
                0x0000000008100d28       0x84 Drivers/STM32H7xx_HAL_Driver/stm32h7xx_hal_rcc.o
                0x0000000008100d28                HAL_RCC_GetClockConfig
 .text.HAL_TIM_Base_Init
                0x0000000008100dac       0xae Drivers/STM32H7xx_HAL_Driver/stm32h7xx_hal_tim.o
                0x0000000008100dac                HAL_TIM_Base_Init
 .text.HAL_TIM_Base_MspInit
                0x0000000008100e5a       0x14 Drivers/STM32H7xx_HAL_Driver/stm32h7xx_hal_tim.o
                0x0000000008100e5a                HAL_TIM_Base_MspInit
 *fill*         0x0000000008100e6e        0x2 
 .text.HAL_TIM_Base_Start_IT
                0x0000000008100e70       0x6c Drivers/STM32H7xx_HAL_Driver/stm32h7xx_hal_tim.o
                0x0000000008100e70                HAL_TIM_Base_Start_IT
 .text.HAL_TIM_IRQHandler
                0x0000000008100edc      0x23e Drivers/STM32H7xx_HAL_Driver/stm32h7xx_hal_tim.o
                0x0000000008100edc                HAL_TIM_IRQHandler
 .text.HAL_TIM_OC_DelayElapsedCallback
                0x000000000810111a       0x14 Drivers/STM32H7xx_HAL_Driver/stm32h7xx_hal_tim.o
                0x000000000810111a                HAL_TIM_OC_DelayElapsedCallback
 .text.HAL_TIM_IC_CaptureCallback
                0x000000000810112e       0x14 Drivers/STM32H7xx_HAL_Driver/stm32h7xx_hal_tim.o
                0x000000000810112e                HAL_TIM_IC_CaptureCallback
 .text.HAL_TIM_PWM_PulseFinishedCallback
                0x0000000008101142       0x14 Drivers/STM32H7xx_HAL_Driver/stm32h7xx_hal_tim.o
                0x0000000008101142                HAL_TIM_PWM_PulseFinishedCallback
 .text.HAL_TIM_TriggerCallback
                0x0000000008101156       0x14 Drivers/STM32H7xx_HAL_Driver/stm32h7xx_hal_tim.o
                0x0000000008101156                HAL_TIM_TriggerCallback
 *fill*         0x000000000810116a        0x2 
 .text.TIM_Base_SetConfig
                0x000000000810116c      0x134 Drivers/STM32H7xx_HAL_Driver/stm32h7xx_hal_tim.o
                0x000000000810116c                TIM_Base_SetConfig
 .text.HAL_TIMEx_CommutCallback
                0x00000000081012a0       0x14 Drivers/STM32H7xx_HAL_Driver/stm32h7xx_hal_tim_ex.o
                0x00000000081012a0                HAL_TIMEx_CommutCallback
 .text.HAL_TIMEx_BreakCallback
                0x00000000081012b4       0x14 Drivers/STM32H7xx_HAL_Driver/stm32h7xx_hal_tim_ex.o
                0x00000000081012b4                HAL_TIMEx_BreakCallback
 .text.HAL_TIMEx_Break2Callback
                0x00000000081012c8       0x14 Drivers/STM32H7xx_HAL_Driver/stm32h7xx_hal_tim_ex.o
                0x00000000081012c8                HAL_TIMEx_Break2Callback
 .text.__libc_init_array
                0x00000000081012dc       0x48 c:/st/stm32cubeide_1.2.0/stm32cubeide/plugins/com.st.stm32cube.ide.mcu.externaltools.gnu-tools-for-stm32.7-2018-q2-update.win32_1.5.0.202011040924/tools/bin/../lib/gcc/arm-none-eabi/7.3.1/../../../../arm-none-eabi/lib/thumb/v7e-m/fpv4-sp/hard\libc_nano.a(lib_a-init.o)
                0x00000000081012dc                __libc_init_array
 *(.glue_7)
 .glue_7        0x0000000008101324        0x0 linker stubs
 *(.glue_7t)
 .glue_7t       0x0000000008101324        0x0 linker stubs
 *(.eh_frame)
 .eh_frame      0x0000000008101324        0x0 c:/st/stm32cubeide_1.2.0/stm32cubeide/plugins/com.st.stm32cube.ide.mcu.externaltools.gnu-tools-for-stm32.7-2018-q2-update.win32_1.5.0.202011040924/tools/bin/../lib/gcc/arm-none-eabi/7.3.1/thumb/v7e-m/fpv4-sp/hard/crtbegin.o
 *(.init)
 .init          0x0000000008101324        0x4 c:/st/stm32cubeide_1.2.0/stm32cubeide/plugins/com.st.stm32cube.ide.mcu.externaltools.gnu-tools-for-stm32.7-2018-q2-update.win32_1.5.0.202011040924/tools/bin/../lib/gcc/arm-none-eabi/7.3.1/thumb/v7e-m/fpv4-sp/hard/crti.o
                0x0000000008101324                _init
 .init          0x0000000008101328        0x8 c:/st/stm32cubeide_1.2.0/stm32cubeide/plugins/com.st.stm32cube.ide.mcu.externaltools.gnu-tools-for-stm32.7-2018-q2-update.win32_1.5.0.202011040924/tools/bin/../lib/gcc/arm-none-eabi/7.3.1/thumb/v7e-m/fpv4-sp/hard/crtn.o
 *(.fini)
 .fini          0x0000000008101330        0x4 c:/st/stm32cubeide_1.2.0/stm32cubeide/plugins/com.st.stm32cube.ide.mcu.externaltools.gnu-tools-for-stm32.7-2018-q2-update.win32_1.5.0.202011040924/tools/bin/../lib/gcc/arm-none-eabi/7.3.1/thumb/v7e-m/fpv4-sp/hard/crti.o
                0x0000000008101330                _fini
 .fini          0x0000000008101334        0x8 c:/st/stm32cubeide_1.2.0/stm32cubeide/plugins/com.st.stm32cube.ide.mcu.externaltools.gnu-tools-for-stm32.7-2018-q2-update.win32_1.5.0.202011040924/tools/bin/../lib/gcc/arm-none-eabi/7.3.1/thumb/v7e-m/fpv4-sp/hard/crtn.o
                0x000000000810133c                . = ALIGN (0x4)
                0x000000000810133c                _etext = .

.vfp11_veneer   0x000000000810133c        0x0
 .vfp11_veneer  0x000000000810133c        0x0 linker stubs

.v4_bx          0x000000000810133c        0x0
 .v4_bx         0x000000000810133c        0x0 linker stubs

.iplt           0x000000000810133c        0x0
 .iplt          0x000000000810133c        0x0 c:/st/stm32cubeide_1.2.0/stm32cubeide/plugins/com.st.stm32cube.ide.mcu.externaltools.gnu-tools-for-stm32.7-2018-q2-update.win32_1.5.0.202011040924/tools/bin/../lib/gcc/arm-none-eabi/7.3.1/thumb/v7e-m/fpv4-sp/hard/crtbegin.o

.rodata         0x000000000810133c       0x10
                0x000000000810133c                . = ALIGN (0x4)
 *(.rodata)
 *(.rodata*)
 .rodata.D1CorePrescTable
                0x000000000810133c       0x10 Common/Src/system_stm32h7xx_dualcore_boot_cm4_cm7.o
                0x000000000810133c                D1CorePrescTable
                0x000000000810134c                . = ALIGN (0x4)

.rel.dyn        0x000000000810134c        0x0
 .rel.iplt      0x000000000810134c        0x0 c:/st/stm32cubeide_1.2.0/stm32cubeide/plugins/com.st.stm32cube.ide.mcu.externaltools.gnu-tools-for-stm32.7-2018-q2-update.win32_1.5.0.202011040924/tools/bin/../lib/gcc/arm-none-eabi/7.3.1/thumb/v7e-m/fpv4-sp/hard/crtbegin.o

.ARM.extab
 *(.ARM.extab* .gnu.linkonce.armextab.*)

.ARM            0x000000000810134c        0x0
                0x000000000810134c                __exidx_start = .
 *(.ARM.exidx*)
                0x000000000810134c                __exidx_end = .

.preinit_array  0x000000000810134c        0x0
                0x000000000810134c                PROVIDE (__preinit_array_start = .)
 *(.preinit_array*)
                0x000000000810134c                PROVIDE (__preinit_array_end = .)

.init_array     0x000000000810134c        0x4
                0x000000000810134c                PROVIDE (__init_array_start = .)
 *(SORT_BY_NAME(.init_array.*))
 *(.init_array*)
 .init_array    0x000000000810134c        0x4 c:/st/stm32cubeide_1.2.0/stm32cubeide/plugins/com.st.stm32cube.ide.mcu.externaltools.gnu-tools-for-stm32.7-2018-q2-update.win32_1.5.0.202011040924/tools/bin/../lib/gcc/arm-none-eabi/7.3.1/thumb/v7e-m/fpv4-sp/hard/crtbegin.o
                0x0000000008101350                PROVIDE (__init_array_end = .)

.fini_array     0x0000000008101350        0x4
                [!provide]                        PROVIDE (__fini_array_start = .)
 *(SORT_BY_NAME(.fini_array.*))
 *(.fini_array*)
 .fini_array    0x0000000008101350        0x4 c:/st/stm32cubeide_1.2.0/stm32cubeide/plugins/com.st.stm32cube.ide.mcu.externaltools.gnu-tools-for-stm32.7-2018-q2-update.win32_1.5.0.202011040924/tools/bin/../lib/gcc/arm-none-eabi/7.3.1/thumb/v7e-m/fpv4-sp/hard/crtbegin.o
                [!provide]                        PROVIDE (__fini_array_end = .)
                0x0000000008101354                _sidata = LOADADDR (.data)

.data           0x0000000010000000       0x10 load address 0x0000000008101354
                0x0000000010000000                . = ALIGN (0x4)
                0x0000000010000000                _sdata = .
 *(.data)
 *(.data*)
 .data.SystemCoreClock
                0x0000000010000000        0x4 Common/Src/system_stm32h7xx_dualcore_boot_cm4_cm7.o
                0x0000000010000000                SystemCoreClock
 .data.SystemD2Clock
                0x0000000010000004        0x4 Common/Src/system_stm32h7xx_dualcore_boot_cm4_cm7.o
                0x0000000010000004                SystemD2Clock
 .data.uwTickPrio
                0x0000000010000008        0x4 Drivers/STM32H7xx_HAL_Driver/stm32h7xx_hal.o
                0x0000000010000008                uwTickPrio
 .data.uwTickFreq
                0x000000001000000c        0x1 Drivers/STM32H7xx_HAL_Driver/stm32h7xx_hal.o
                0x000000001000000c                uwTickFreq
                0x0000000010000010                . = ALIGN (0x4)
 *fill*         0x000000001000000d        0x3 
                0x0000000010000010                _edata = .

.igot.plt       0x0000000010000010        0x0 load address 0x0000000008101364
 .igot.plt      0x0000000010000010        0x0 c:/st/stm32cubeide_1.2.0/stm32cubeide/plugins/com.st.stm32cube.ide.mcu.externaltools.gnu-tools-for-stm32.7-2018-q2-update.win32_1.5.0.202011040924/tools/bin/../lib/gcc/arm-none-eabi/7.3.1/thumb/v7e-m/fpv4-sp/hard/crtbegin.o
                0x0000000010000010                . = ALIGN (0x4)

.bss            0x0000000010000010       0x6c load address 0x0000000008101364
                0x0000000010000010                _sbss = .
                0x0000000010000010                __bss_start__ = _sbss
 *(.bss)
 .bss           0x0000000010000010       0x1c c:/st/stm32cubeide_1.2.0/stm32cubeide/plugins/com.st.stm32cube.ide.mcu.externaltools.gnu-tools-for-stm32.7-2018-q2-update.win32_1.5.0.202011040924/tools/bin/../lib/gcc/arm-none-eabi/7.3.1/thumb/v7e-m/fpv4-sp/hard/crtbegin.o
 *(.bss*)
 *(COMMON)
 COMMON         0x000000001000002c       0x4c Core/Src/stm32h7xx_hal_timebase_tim.o
                0x000000001000002c                htim7
 COMMON         0x0000000010000078        0x4 Drivers/STM32H7xx_HAL_Driver/stm32h7xx_hal.o
                0x0000000010000078                uwTick
                0x000000001000007c                . = ALIGN (0x4)
                0x000000001000007c                _ebss = .
                0x000000001000007c                __bss_end__ = _ebss

._user_heap_stack
                0x000000001000007c      0x604 load address 0x0000000008101364
                0x0000000010000080                . = ALIGN (0x8)
 *fill*         0x000000001000007c        0x4 
                [!provide]                        PROVIDE (end = .)
                0x0000000010000080                PROVIDE (_end = .)
                0x0000000010000280                . = (. + _Min_Heap_Size)
 *fill*         0x0000000010000080      0x200 
                0x0000000010000680                . = (. + _Min_Stack_Size)
 *fill*         0x0000000010000280      0x400 
                0x0000000010000680                . = ALIGN (0x8)

/DISCARD/
 libc.a(*)
 libm.a(*)
 libgcc.a(*)

.ARM.attributes
                0x0000000000000000       0x30
 *(.ARM.attributes)
 .ARM.attributes
                0x0000000000000000       0x22 c:/st/stm32cubeide_1.2.0/stm32cubeide/plugins/com.st.stm32cube.ide.mcu.externaltools.gnu-tools-for-stm32.7-2018-q2-update.win32_1.5.0.202011040924/tools/bin/../lib/gcc/arm-none-eabi/7.3.1/thumb/v7e-m/fpv4-sp/hard/crti.o
 .ARM.attributes
                0x0000000000000022       0x34 c:/st/stm32cubeide_1.2.0/stm32cubeide/plugins/com.st.stm32cube.ide.mcu.externaltools.gnu-tools-for-stm32.7-2018-q2-update.win32_1.5.0.202011040924/tools/bin/../lib/gcc/arm-none-eabi/7.3.1/thumb/v7e-m/fpv4-sp/hard/crtbegin.o
 .ARM.attributes
                0x0000000000000056       0x39 Common/Src/system_stm32h7xx_dualcore_boot_cm4_cm7.o
 .ARM.attributes
                0x000000000000008f       0x39 Core/Src/dma.o
 .ARM.attributes
                0x00000000000000c8       0x39 Core/Src/main.o
 .ARM.attributes
                0x0000000000000101       0x39 Core/Src/stm32h7xx_hal_msp.o
 .ARM.attributes
                0x000000000000013a       0x39 Core/Src/stm32h7xx_hal_timebase_tim.o
 .ARM.attributes
                0x0000000000000173       0x39 Core/Src/stm32h7xx_it.o
 .ARM.attributes
                0x00000000000001ac       0x21 Core/Startup/startup_stm32h747xihx.o
 .ARM.attributes
                0x00000000000001cd       0x39 Drivers/STM32H7xx_HAL_Driver/stm32h7xx_hal.o
 .ARM.attributes
                0x0000000000000206       0x39 Drivers/STM32H7xx_HAL_Driver/stm32h7xx_hal_cortex.o
 .ARM.attributes
                0x000000000000023f       0x39 Drivers/STM32H7xx_HAL_Driver/stm32h7xx_hal_hsem.o
 .ARM.attributes
                0x0000000000000278       0x39 Drivers/STM32H7xx_HAL_Driver/stm32h7xx_hal_pwr_ex.o
 .ARM.attributes
                0x00000000000002b1       0x39 Drivers/STM32H7xx_HAL_Driver/stm32h7xx_hal_rcc.o
 .ARM.attributes
                0x00000000000002ea       0x39 Drivers/STM32H7xx_HAL_Driver/stm32h7xx_hal_tim.o
 .ARM.attributes
                0x0000000000000323       0x39 Drivers/STM32H7xx_HAL_Driver/stm32h7xx_hal_tim_ex.o
 .ARM.attributes
                0x000000000000035c       0x34 c:/st/stm32cubeide_1.2.0/stm32cubeide/plugins/com.st.stm32cube.ide.mcu.externaltools.gnu-tools-for-stm32.7-2018-q2-update.win32_1.5.0.202011040924/tools/bin/../lib/gcc/arm-none-eabi/7.3.1/../../../../arm-none-eabi/lib/thumb/v7e-m/fpv4-sp/hard\libc_nano.a(lib_a-init.o)
 .ARM.attributes
                0x0000000000000390       0x22 c:/st/stm32cubeide_1.2.0/stm32cubeide/plugins/com.st.stm32cube.ide.mcu.externaltools.gnu-tools-for-stm32.7-2018-q2-update.win32_1.5.0.202011040924/tools/bin/../lib/gcc/arm-none-eabi/7.3.1/thumb/v7e-m/fpv4-sp/hard/crtn.o
OUTPUT(SampleSD_CM4.elf elf32-littlearm)

.debug_info     0x0000000000000000    0x13a6b
 .debug_info    0x0000000000000000     0x10ae Common/Src/system_stm32h7xx_dualcore_boot_cm4_cm7.o
 .debug_info    0x00000000000010ae      0xe53 Core/Src/dma.o
 .debug_info    0x0000000000001f01     0x1768 Core/Src/main.o
 .debug_info    0x0000000000003669      0xe53 Core/Src/stm32h7xx_hal_msp.o
 .debug_info    0x00000000000044bc     0x1973 Core/Src/stm32h7xx_hal_timebase_tim.o
 .debug_info    0x0000000000005e2f     0x1197 Core/Src/stm32h7xx_it.o
 .debug_info    0x0000000000006fc6       0x22 Core/Startup/startup_stm32h747xihx.o
 .debug_info    0x0000000000006fe8     0x2070 Drivers/STM32H7xx_HAL_Driver/stm32h7xx_hal.o
 .debug_info    0x0000000000009058     0x18d6 Drivers/STM32H7xx_HAL_Driver/stm32h7xx_hal_cortex.o
 .debug_info    0x000000000000a92e      0xdc2 Drivers/STM32H7xx_HAL_Driver/stm32h7xx_hal_hsem.o
 .debug_info    0x000000000000b6f0     0x1939 Drivers/STM32H7xx_HAL_Driver/stm32h7xx_hal_pwr_ex.o
 .debug_info    0x000000000000d029     0x179e Drivers/STM32H7xx_HAL_Driver/stm32h7xx_hal_rcc.o
 .debug_info    0x000000000000e7c7     0x3327 Drivers/STM32H7xx_HAL_Driver/stm32h7xx_hal_tim.o
 .debug_info    0x0000000000011aee     0x1f7d Drivers/STM32H7xx_HAL_Driver/stm32h7xx_hal_tim_ex.o

.debug_abbrev   0x0000000000000000     0x2152
 .debug_abbrev  0x0000000000000000      0x21f Common/Src/system_stm32h7xx_dualcore_boot_cm4_cm7.o
 .debug_abbrev  0x000000000000021f      0x1e5 Core/Src/dma.o
 .debug_abbrev  0x0000000000000404      0x255 Core/Src/main.o
 .debug_abbrev  0x0000000000000659      0x1e5 Core/Src/stm32h7xx_hal_msp.o
 .debug_abbrev  0x000000000000083e      0x23d Core/Src/stm32h7xx_hal_timebase_tim.o
 .debug_abbrev  0x0000000000000a7b      0x1e7 Core/Src/stm32h7xx_it.o
 .debug_abbrev  0x0000000000000c62       0x12 Core/Startup/startup_stm32h747xihx.o
 .debug_abbrev  0x0000000000000c74      0x2e2 Drivers/STM32H7xx_HAL_Driver/stm32h7xx_hal.o
 .debug_abbrev  0x0000000000000f56      0x3b5 Drivers/STM32H7xx_HAL_Driver/stm32h7xx_hal_cortex.o
 .debug_abbrev  0x000000000000130b      0x2ab Drivers/STM32H7xx_HAL_Driver/stm32h7xx_hal_hsem.o
 .debug_abbrev  0x00000000000015b6      0x33a Drivers/STM32H7xx_HAL_Driver/stm32h7xx_hal_pwr_ex.o
 .debug_abbrev  0x00000000000018f0      0x2e2 Drivers/STM32H7xx_HAL_Driver/stm32h7xx_hal_rcc.o
 .debug_abbrev  0x0000000000001bd2      0x2bd Drivers/STM32H7xx_HAL_Driver/stm32h7xx_hal_tim.o
 .debug_abbrev  0x0000000000001e8f      0x2c3 Drivers/STM32H7xx_HAL_Driver/stm32h7xx_hal_tim_ex.o

.debug_aranges  0x0000000000000000      0xc68
 .debug_aranges
                0x0000000000000000       0x28 Common/Src/system_stm32h7xx_dualcore_boot_cm4_cm7.o
 .debug_aranges
                0x0000000000000028       0x20 Core/Src/dma.o
 .debug_aranges
                0x0000000000000048       0x30 Core/Src/main.o
 .debug_aranges
                0x0000000000000078       0x20 Core/Src/stm32h7xx_hal_msp.o
 .debug_aranges
                0x0000000000000098       0x30 Core/Src/stm32h7xx_hal_timebase_tim.o
 .debug_aranges
                0x00000000000000c8       0x68 Core/Src/stm32h7xx_it.o
 .debug_aranges
                0x0000000000000130       0x28 Core/Startup/startup_stm32h747xihx.o
 .debug_aranges
                0x0000000000000158      0x220 Drivers/STM32H7xx_HAL_Driver/stm32h7xx_hal.o
 .debug_aranges
                0x0000000000000378      0x120 Drivers/STM32H7xx_HAL_Driver/stm32h7xx_hal_cortex.o
 .debug_aranges
                0x0000000000000498       0x70 Drivers/STM32H7xx_HAL_Driver/stm32h7xx_hal_hsem.o
 .debug_aranges
                0x0000000000000508      0x170 Drivers/STM32H7xx_HAL_Driver/stm32h7xx_hal_pwr_ex.o
 .debug_aranges
                0x0000000000000678       0x88 Drivers/STM32H7xx_HAL_Driver/stm32h7xx_hal_rcc.o
 .debug_aranges
                0x0000000000000700      0x3e0 Drivers/STM32H7xx_HAL_Driver/stm32h7xx_hal_tim.o
 .debug_aranges
                0x0000000000000ae0      0x188 Drivers/STM32H7xx_HAL_Driver/stm32h7xx_hal_tim_ex.o

.debug_ranges   0x0000000000000000      0xb90
 .debug_ranges  0x0000000000000000       0x18 Common/Src/system_stm32h7xx_dualcore_boot_cm4_cm7.o
 .debug_ranges  0x0000000000000018       0x10 Core/Src/dma.o
 .debug_ranges  0x0000000000000028       0x20 Core/Src/main.o
 .debug_ranges  0x0000000000000048       0x10 Core/Src/stm32h7xx_hal_msp.o
 .debug_ranges  0x0000000000000058       0x20 Core/Src/stm32h7xx_hal_timebase_tim.o
 .debug_ranges  0x0000000000000078       0x58 Core/Src/stm32h7xx_it.o
 .debug_ranges  0x00000000000000d0       0x20 Core/Startup/startup_stm32h747xihx.o
 .debug_ranges  0x00000000000000f0      0x210 Drivers/STM32H7xx_HAL_Driver/stm32h7xx_hal.o
 .debug_ranges  0x0000000000000300      0x110 Drivers/STM32H7xx_HAL_Driver/stm32h7xx_hal_cortex.o
 .debug_ranges  0x0000000000000410       0x60 Drivers/STM32H7xx_HAL_Driver/stm32h7xx_hal_hsem.o
 .debug_ranges  0x0000000000000470      0x160 Drivers/STM32H7xx_HAL_Driver/stm32h7xx_hal_pwr_ex.o
 .debug_ranges  0x00000000000005d0       0x78 Drivers/STM32H7xx_HAL_Driver/stm32h7xx_hal_rcc.o
 .debug_ranges  0x0000000000000648      0x3d0 Drivers/STM32H7xx_HAL_Driver/stm32h7xx_hal_tim.o
 .debug_ranges  0x0000000000000a18      0x178 Drivers/STM32H7xx_HAL_Driver/stm32h7xx_hal_tim_ex.o

.debug_macro    0x0000000000000000    0x3dae8
 .debug_macro   0x0000000000000000      0x28f Common/Src/system_stm32h7xx_dualcore_boot_cm4_cm7.o
 .debug_macro   0x000000000000028f      0xa60 Common/Src/system_stm32h7xx_dualcore_boot_cm4_cm7.o
 .debug_macro   0x0000000000000cef       0x2e Common/Src/system_stm32h7xx_dualcore_boot_cm4_cm7.o
 .debug_macro   0x0000000000000d1d       0x3b Common/Src/system_stm32h7xx_dualcore_boot_cm4_cm7.o
 .debug_macro   0x0000000000000d58       0x22 Common/Src/system_stm32h7xx_dualcore_boot_cm4_cm7.o
 .debug_macro   0x0000000000000d7a       0x8e Common/Src/system_stm32h7xx_dualcore_boot_cm4_cm7.o
 .debug_macro   0x0000000000000e08       0x51 Common/Src/system_stm32h7xx_dualcore_boot_cm4_cm7.o
 .debug_macro   0x0000000000000e59       0xef Common/Src/system_stm32h7xx_dualcore_boot_cm4_cm7.o
 .debug_macro   0x0000000000000f48       0x6a Common/Src/system_stm32h7xx_dualcore_boot_cm4_cm7.o
 .debug_macro   0x0000000000000fb2      0x1df Common/Src/system_stm32h7xx_dualcore_boot_cm4_cm7.o
 .debug_macro   0x0000000000001191       0x1c Common/Src/system_stm32h7xx_dualcore_boot_cm4_cm7.o
 .debug_macro   0x00000000000011ad       0x22 Common/Src/system_stm32h7xx_dualcore_boot_cm4_cm7.o
 .debug_macro   0x00000000000011cf       0xdf Common/Src/system_stm32h7xx_dualcore_boot_cm4_cm7.o
 .debug_macro   0x00000000000012ae     0x102d Common/Src/system_stm32h7xx_dualcore_boot_cm4_cm7.o
 .debug_macro   0x00000000000022db      0x11f Common/Src/system_stm32h7xx_dualcore_boot_cm4_cm7.o
 .debug_macro   0x00000000000023fa    0x2c221 Common/Src/system_stm32h7xx_dualcore_boot_cm4_cm7.o
 .debug_macro   0x000000000002e61b       0x43 Common/Src/system_stm32h7xx_dualcore_boot_cm4_cm7.o
 .debug_macro   0x000000000002e65e      0x232 Common/Src/system_stm32h7xx_dualcore_boot_cm4_cm7.o
 .debug_macro   0x000000000002e890     0x3cd3 Common/Src/system_stm32h7xx_dualcore_boot_cm4_cm7.o
 .debug_macro   0x0000000000032563      0x174 Common/Src/system_stm32h7xx_dualcore_boot_cm4_cm7.o
 .debug_macro   0x00000000000326d7       0x46 Common/Src/system_stm32h7xx_dualcore_boot_cm4_cm7.o
 .debug_macro   0x000000000003271d       0x18 Common/Src/system_stm32h7xx_dualcore_boot_cm4_cm7.o
 .debug_macro   0x0000000000032735       0x3c Common/Src/system_stm32h7xx_dualcore_boot_cm4_cm7.o
 .debug_macro   0x0000000000032771       0x34 Common/Src/system_stm32h7xx_dualcore_boot_cm4_cm7.o
 .debug_macro   0x00000000000327a5       0x52 Common/Src/system_stm32h7xx_dualcore_boot_cm4_cm7.o
 .debug_macro   0x00000000000327f7       0x1f Common/Src/system_stm32h7xx_dualcore_boot_cm4_cm7.o
 .debug_macro   0x0000000000032816       0x43 Common/Src/system_stm32h7xx_dualcore_boot_cm4_cm7.o
 .debug_macro   0x0000000000032859       0x20 Common/Src/system_stm32h7xx_dualcore_boot_cm4_cm7.o
 .debug_macro   0x0000000000032879      0x1a3 Common/Src/system_stm32h7xx_dualcore_boot_cm4_cm7.o
 .debug_macro   0x0000000000032a1c      0x32a Common/Src/system_stm32h7xx_dualcore_boot_cm4_cm7.o
 .debug_macro   0x0000000000032d46      0x1e1 Common/Src/system_stm32h7xx_dualcore_boot_cm4_cm7.o
 .debug_macro   0x0000000000032f27       0x54 Common/Src/system_stm32h7xx_dualcore_boot_cm4_cm7.o
 .debug_macro   0x0000000000032f7b     0x3ae3 Common/Src/system_stm32h7xx_dualcore_boot_cm4_cm7.o
 .debug_macro   0x0000000000036a5e     0x1072 Common/Src/system_stm32h7xx_dualcore_boot_cm4_cm7.o
 .debug_macro   0x0000000000037ad0      0x138 Common/Src/system_stm32h7xx_dualcore_boot_cm4_cm7.o
 .debug_macro   0x0000000000037c08      0x133 Common/Src/system_stm32h7xx_dualcore_boot_cm4_cm7.o
 .debug_macro   0x0000000000037d3b      0x3c5 Common/Src/system_stm32h7xx_dualcore_boot_cm4_cm7.o
 .debug_macro   0x0000000000038100       0x27 Common/Src/system_stm32h7xx_dualcore_boot_cm4_cm7.o
 .debug_macro   0x0000000000038127      0x72d Common/Src/system_stm32h7xx_dualcore_boot_cm4_cm7.o
 .debug_macro   0x0000000000038854      0x229 Common/Src/system_stm32h7xx_dualcore_boot_cm4_cm7.o
 .debug_macro   0x0000000000038a7d       0x66 Common/Src/system_stm32h7xx_dualcore_boot_cm4_cm7.o
 .debug_macro   0x0000000000038ae3      0x3c9 Common/Src/system_stm32h7xx_dualcore_boot_cm4_cm7.o
 .debug_macro   0x0000000000038eac      0x408 Common/Src/system_stm32h7xx_dualcore_boot_cm4_cm7.o
 .debug_macro   0x00000000000392b4      0x244 Common/Src/system_stm32h7xx_dualcore_boot_cm4_cm7.o
 .debug_macro   0x00000000000394f8      0x3cb Common/Src/system_stm32h7xx_dualcore_boot_cm4_cm7.o
 .debug_macro   0x00000000000398c3      0x4b7 Common/Src/system_stm32h7xx_dualcore_boot_cm4_cm7.o
 .debug_macro   0x0000000000039d7a       0x51 Common/Src/system_stm32h7xx_dualcore_boot_cm4_cm7.o
 .debug_macro   0x0000000000039dcb       0x4a Common/Src/system_stm32h7xx_dualcore_boot_cm4_cm7.o
 .debug_macro   0x0000000000039e15      0x22c Common/Src/system_stm32h7xx_dualcore_boot_cm4_cm7.o
 .debug_macro   0x000000000003a041       0x64 Common/Src/system_stm32h7xx_dualcore_boot_cm4_cm7.o
 .debug_macro   0x000000000003a0a5       0xa5 Common/Src/system_stm32h7xx_dualcore_boot_cm4_cm7.o
 .debug_macro   0x000000000003a14a      0x219 Common/Src/system_stm32h7xx_dualcore_boot_cm4_cm7.o
 .debug_macro   0x000000000003a363      0x2eb Common/Src/system_stm32h7xx_dualcore_boot_cm4_cm7.o
 .debug_macro   0x000000000003a64e       0x35 Common/Src/system_stm32h7xx_dualcore_boot_cm4_cm7.o
 .debug_macro   0x000000000003a683      0xad7 Common/Src/system_stm32h7xx_dualcore_boot_cm4_cm7.o
 .debug_macro   0x000000000003b15a      0x2a0 Common/Src/system_stm32h7xx_dualcore_boot_cm4_cm7.o
 .debug_macro   0x000000000003b3fa      0x798 Common/Src/system_stm32h7xx_dualcore_boot_cm4_cm7.o
 .debug_macro   0x000000000003bb92      0x29d Core/Src/dma.o
 .debug_macro   0x000000000003be2f      0x2a7 Core/Src/main.o
 .debug_macro   0x000000000003c0d6      0x293 Core/Src/stm32h7xx_hal_msp.o
 .debug_macro   0x000000000003c369      0x289 Core/Src/stm32h7xx_hal_timebase_tim.o
 .debug_macro   0x000000000003c5f2      0x29d Core/Src/stm32h7xx_it.o
 .debug_macro   0x000000000003c88f      0x2b3 Drivers/STM32H7xx_HAL_Driver/stm32h7xx_hal.o
 .debug_macro   0x000000000003cb42      0x289 Drivers/STM32H7xx_HAL_Driver/stm32h7xx_hal_cortex.o
 .debug_macro   0x000000000003cdcb      0x29b Drivers/STM32H7xx_HAL_Driver/stm32h7xx_hal_hsem.o
 .debug_macro   0x000000000003d066      0x2c2 Drivers/STM32H7xx_HAL_Driver/stm32h7xx_hal_pwr_ex.o
 .debug_macro   0x000000000003d328      0x2ad Drivers/STM32H7xx_HAL_Driver/stm32h7xx_hal_rcc.o
 .debug_macro   0x000000000003d5d5      0x28a Drivers/STM32H7xx_HAL_Driver/stm32h7xx_hal_tim.o
 .debug_macro   0x000000000003d85f      0x289 Drivers/STM32H7xx_HAL_Driver/stm32h7xx_hal_tim_ex.o

.debug_line     0x0000000000000000     0xab1a
 .debug_line    0x0000000000000000      0x8a4 Common/Src/system_stm32h7xx_dualcore_boot_cm4_cm7.o
 .debug_line    0x00000000000008a4      0x81a Core/Src/dma.o
 .debug_line    0x00000000000010be      0x858 Core/Src/main.o
 .debug_line    0x0000000000001916      0x820 Core/Src/stm32h7xx_hal_msp.o
 .debug_line    0x0000000000002136      0x85d Core/Src/stm32h7xx_hal_timebase_tim.o
 .debug_line    0x0000000000002993      0x8d6 Core/Src/stm32h7xx_it.o
 .debug_line    0x0000000000003269       0x87 Core/Startup/startup_stm32h747xihx.o
 .debug_line    0x00000000000032f0      0xd4f Drivers/STM32H7xx_HAL_Driver/stm32h7xx_hal.o
 .debug_line    0x000000000000403f      0xb96 Drivers/STM32H7xx_HAL_Driver/stm32h7xx_hal_cortex.o
 .debug_line    0x0000000000004bd5      0x93d Drivers/STM32H7xx_HAL_Driver/stm32h7xx_hal_hsem.o
 .debug_line    0x0000000000005512      0xcba Drivers/STM32H7xx_HAL_Driver/stm32h7xx_hal_pwr_ex.o
 .debug_line    0x00000000000061cc      0xc37 Drivers/STM32H7xx_HAL_Driver/stm32h7xx_hal_rcc.o
 .debug_line    0x0000000000006e03     0x275d Drivers/STM32H7xx_HAL_Driver/stm32h7xx_hal_tim.o
 .debug_line    0x0000000000009560     0x15ba Drivers/STM32H7xx_HAL_Driver/stm32h7xx_hal_tim_ex.o

.debug_str      0x0000000000000000   0x194af0
 .debug_str     0x0000000000000000   0x190890 Common/Src/system_stm32h7xx_dualcore_boot_cm4_cm7.o
                                     0x190d9c (size before relaxing)
 .debug_str     0x0000000000190890       0x3a Core/Src/dma.o
                                     0x190c7b (size before relaxing)
 .debug_str     0x00000000001908ca      0x5e9 Core/Src/main.o
                                     0x19135d (size before relaxing)
 .debug_str     0x0000000000190eb3       0x2c Core/Src/stm32h7xx_hal_msp.o
                                     0x190c7e (size before relaxing)
 .debug_str     0x0000000000190edf      0x95f Core/Src/stm32h7xx_hal_timebase_tim.o
                                     0x191c0f (size before relaxing)
 .debug_str     0x000000000019183e       0xcd Core/Src/stm32h7xx_it.o
                                     0x191102 (size before relaxing)
 .debug_str     0x000000000019190b       0x36 Core/Startup/startup_stm32h747xihx.o
                                         0x7a (size before relaxing)
 .debug_str     0x0000000000191941      0xa40 Drivers/STM32H7xx_HAL_Driver/stm32h7xx_hal.o
                                     0x192083 (size before relaxing)
 .debug_str     0x0000000000192381      0x3e9 Drivers/STM32H7xx_HAL_Driver/stm32h7xx_hal_cortex.o
                                     0x191859 (size before relaxing)
 .debug_str     0x000000000019276a      0x1f8 Drivers/STM32H7xx_HAL_Driver/stm32h7xx_hal_hsem.o
                                     0x190ca0 (size before relaxing)
 .debug_str     0x0000000000192962      0x6ec Drivers/STM32H7xx_HAL_Driver/stm32h7xx_hal_pwr_ex.o
                                     0x19141f (size before relaxing)
 .debug_str     0x000000000019304e      0x537 Drivers/STM32H7xx_HAL_Driver/stm32h7xx_hal_rcc.o
                                     0x191316 (size before relaxing)
 .debug_str     0x0000000000193585      0xea8 Drivers/STM32H7xx_HAL_Driver/stm32h7xx_hal_tim.o
                                     0x192039 (size before relaxing)
 .debug_str     0x000000000019442d      0x6c3 Drivers/STM32H7xx_HAL_Driver/stm32h7xx_hal_tim_ex.o
                                     0x191948 (size before relaxing)

.comment        0x0000000000000000       0x7b
 .comment       0x0000000000000000       0x7b Common/Src/system_stm32h7xx_dualcore_boot_cm4_cm7.o
                                         0x7c (size before relaxing)
 .comment       0x000000000000007b       0x7c Core/Src/dma.o
 .comment       0x000000000000007b       0x7c Core/Src/main.o
 .comment       0x000000000000007b       0x7c Core/Src/stm32h7xx_hal_msp.o
 .comment       0x000000000000007b       0x7c Core/Src/stm32h7xx_hal_timebase_tim.o
 .comment       0x000000000000007b       0x7c Core/Src/stm32h7xx_it.o
 .comment       0x000000000000007b       0x7c Drivers/STM32H7xx_HAL_Driver/stm32h7xx_hal.o
 .comment       0x000000000000007b       0x7c Drivers/STM32H7xx_HAL_Driver/stm32h7xx_hal_cortex.o
 .comment       0x000000000000007b       0x7c Drivers/STM32H7xx_HAL_Driver/stm32h7xx_hal_hsem.o
 .comment       0x000000000000007b       0x7c Drivers/STM32H7xx_HAL_Driver/stm32h7xx_hal_pwr_ex.o
 .comment       0x000000000000007b       0x7c Drivers/STM32H7xx_HAL_Driver/stm32h7xx_hal_rcc.o
 .comment       0x000000000000007b       0x7c Drivers/STM32H7xx_HAL_Driver/stm32h7xx_hal_tim.o
 .comment       0x000000000000007b       0x7c Drivers/STM32H7xx_HAL_Driver/stm32h7xx_hal_tim_ex.o

.debug_frame    0x0000000000000000     0x3318
 .debug_frame   0x0000000000000000       0x58 Common/Src/system_stm32h7xx_dualcore_boot_cm4_cm7.o
 .debug_frame   0x0000000000000058       0x38 Core/Src/dma.o
 .debug_frame   0x0000000000000090       0x74 Core/Src/main.o
 .debug_frame   0x0000000000000104       0x38 Core/Src/stm32h7xx_hal_msp.o
 .debug_frame   0x000000000000013c       0x74 Core/Src/stm32h7xx_hal_timebase_tim.o
 .debug_frame   0x00000000000001b0      0x12c Core/Src/stm32h7xx_it.o
 .debug_frame   0x00000000000002dc      0x8c8 Drivers/STM32H7xx_HAL_Driver/stm32h7xx_hal.o
 .debug_frame   0x0000000000000ba4      0x4b8 Drivers/STM32H7xx_HAL_Driver/stm32h7xx_hal_cortex.o
 .debug_frame   0x000000000000105c      0x1bc Drivers/STM32H7xx_HAL_Driver/stm32h7xx_hal_hsem.o
 .debug_frame   0x0000000000001218      0x5ec Drivers/STM32H7xx_HAL_Driver/stm32h7xx_hal_pwr_ex.o
 .debug_frame   0x0000000000001804      0x1f8 Drivers/STM32H7xx_HAL_Driver/stm32h7xx_hal_rcc.o
 .debug_frame   0x00000000000019fc     0x1218 Drivers/STM32H7xx_HAL_Driver/stm32h7xx_hal_tim.o
 .debug_frame   0x0000000000002c14      0x6d8 Drivers/STM32H7xx_HAL_Driver/stm32h7xx_hal_tim_ex.o
 .debug_frame   0x00000000000032ec       0x2c c:/st/stm32cubeide_1.2.0/stm32cubeide/plugins/com.st.stm32cube.ide.mcu.externaltools.gnu-tools-for-stm32.7-2018-q2-update.win32_1.5.0.202011040924/tools/bin/../lib/gcc/arm-none-eabi/7.3.1/../../../../arm-none-eabi/lib/thumb/v7e-m/fpv4-sp/hard\libc_nano.a(lib_a-init.o)
