Component: ARM Compiler 5.06 update 5 (build 528) Tool: armlink [4d35e2]

==============================================================================

Section Cross References

    startup_stm32f746xx.o(RESET) refers to startup_stm32f746xx.o(STACK) for __initial_sp
    startup_stm32f746xx.o(RESET) refers to startup_stm32f746xx.o(.text) for Reset_Handler
    startup_stm32f746xx.o(RESET) refers to stm32f7xx_it.o(i.NMI_Handler) for NMI_Handler
    startup_stm32f746xx.o(RESET) refers to stm32f7xx_it.o(i.HardFault_Handler) for HardFault_Handler
    startup_stm32f746xx.o(RESET) refers to stm32f7xx_it.o(i.MemManage_Handler) for MemManage_Handler
    startup_stm32f746xx.o(RESET) refers to stm32f7xx_it.o(i.BusFault_Handler) for BusFault_Handler
    startup_stm32f746xx.o(RESET) refers to stm32f7xx_it.o(i.UsageFault_Handler) for UsageFault_Handler
    startup_stm32f746xx.o(RESET) refers to stm32f7xx_it.o(i.SVC_Handler) for SVC_Handler
    startup_stm32f746xx.o(RESET) refers to stm32f7xx_it.o(i.DebugMon_Handler) for DebugMon_Handler
    startup_stm32f746xx.o(RESET) refers to stm32f7xx_it.o(i.PendSV_Handler) for PendSV_Handler
    startup_stm32f746xx.o(RESET) refers to stm32f7xx_it.o(i.SysTick_Handler) for SysTick_Handler
    startup_stm32f746xx.o(RESET) refers to stm32f7xx_it.o(i.DMA1_Stream1_IRQHandler) for DMA1_Stream1_IRQHandler
    startup_stm32f746xx.o(RESET) refers to stm32f7xx_it.o(i.DMA1_Stream3_IRQHandler) for DMA1_Stream3_IRQHandler
    startup_stm32f746xx.o(RESET) refers to stm32f7xx_it.o(i.ADC_IRQHandler) for ADC_IRQHandler
    startup_stm32f746xx.o(RESET) refers to stm32f7xx_it.o(i.TIM1_BRK_TIM9_IRQHandler) for TIM1_BRK_TIM9_IRQHandler
    startup_stm32f746xx.o(RESET) refers to stm32f7xx_it.o(i.TIM1_UP_TIM10_IRQHandler) for TIM1_UP_TIM10_IRQHandler
    startup_stm32f746xx.o(RESET) refers to stm32f7xx_it.o(i.TIM1_TRG_COM_TIM11_IRQHandler) for TIM1_TRG_COM_TIM11_IRQHandler
    startup_stm32f746xx.o(RESET) refers to stm32f7xx_it.o(i.SDMMC1_IRQHandler) for SDMMC1_IRQHandler
    startup_stm32f746xx.o(RESET) refers to stm32f7xx_it.o(i.DMA2_Stream0_IRQHandler) for DMA2_Stream0_IRQHandler
    startup_stm32f746xx.o(RESET) refers to stm32f7xx_it.o(i.DMA2_Stream3_IRQHandler) for DMA2_Stream3_IRQHandler
    startup_stm32f746xx.o(RESET) refers to stm32f7xx_it.o(i.DMA2_Stream6_IRQHandler) for DMA2_Stream6_IRQHandler
    startup_stm32f746xx.o(RESET) refers to stm32f7xx_it.o(i.UART7_IRQHandler) for UART7_IRQHandler
    startup_stm32f746xx.o(.text) refers to system_stm32f7xx.o(i.SystemInit) for SystemInit
    startup_stm32f746xx.o(.text) refers to entry.o(.ARM.Collect$$$$00000000) for __main
    main.o(i.ADC_Start) refers to stm32f7xx_hal_adc.o(i.HAL_ADC_Start_DMA) for HAL_ADC_Start_DMA
    main.o(i.ADC_Start) refers to main.o(.bss) for .bss
    main.o(i.ADC_Start) refers to adc.o(.bss) for hadc3
    main.o(i.ADC_Stop) refers to stm32f7xx_hal_adc.o(i.HAL_ADC_Stop_DMA) for HAL_ADC_Stop_DMA
    main.o(i.ADC_Stop) refers to adc.o(.bss) for hadc3
    main.o(i.FFT_Compute) refers to arm_cfft_f32.o(.text.arm_cfft_f32) for arm_cfft_f32
    main.o(i.FFT_Compute) refers to arm_cmplx_mag_f32.o(.text.arm_cmplx_mag_f32) for arm_cmplx_mag_f32
    main.o(i.FFT_Compute) refers to arm_max_f32.o(.text.arm_max_f32) for arm_max_f32
    main.o(i.FFT_Compute) refers to main.o(i.UART_Transmit) for UART_Transmit
    main.o(i.FFT_Compute) refers to main.o(.data) for .data
    main.o(i.FFT_Compute) refers to main.o(.bss) for .bss
    main.o(i.FFT_Compute) refers to arm_const_structs.o(.rodata.arm_cfft_sR_f32_len1024) for arm_cfft_sR_f32_len1024
    main.o(i.HAL_ADC_ConvCpltCallback) refers to main.o(i.FFT_Compute) for FFT_Compute
    main.o(i.HAL_ADC_ConvCpltCallback) refers to main.o(.data) for .data
    main.o(i.HAL_ADC_ConvHalfCpltCallback) refers to main.o(i.FFT_Compute) for FFT_Compute
    main.o(i.HAL_UART_RxCpltCallback) refers to stm32f7xx_hal_adc.o(i.HAL_ADC_Stop_DMA) for HAL_ADC_Stop_DMA
    main.o(i.HAL_UART_RxCpltCallback) refers to stm32f7xx_hal_uart.o(i.HAL_UART_DMAStop) for HAL_UART_DMAStop
    main.o(i.HAL_UART_RxCpltCallback) refers to main.o(i.ADC_Start) for ADC_Start
    main.o(i.HAL_UART_RxCpltCallback) refers to main.o(i.UART_Transmit) for UART_Transmit
    main.o(i.HAL_UART_RxCpltCallback) refers to stm32f7xx_hal_gpio.o(i.HAL_GPIO_WritePin) for HAL_GPIO_WritePin
    main.o(i.HAL_UART_RxCpltCallback) refers to main.o(i.UART_Receive) for UART_Receive
    main.o(i.HAL_UART_RxCpltCallback) refers to main.o(.data) for .data
    main.o(i.HAL_UART_RxCpltCallback) refers to adc.o(.bss) for hadc3
    main.o(i.HAL_UART_RxCpltCallback) refers to usart.o(.bss) for huart7
    main.o(i.HAL_UART_TxCpltCallback) refers to stm32f7xx_hal_gpio.o(i.HAL_GPIO_TogglePin) for HAL_GPIO_TogglePin
    main.o(i.HAL_UART_TxCpltCallback) refers to main.o(.data) for .data
    main.o(i.SD_Mount) refers to ff.o(i.f_mount) for f_mount
    main.o(i.SD_Mount) refers to ff.o(i.f_open) for f_open
[...]
    i.SystemInit                             0x08004e30   Section        0  system_stm32f7xx.o(i.SystemInit)
    i.TIM1_BRK_TIM9_IRQHandler               0x08004e84   Section        0  stm32f7xx_it.o(i.TIM1_BRK_TIM9_IRQHandler)
    i.TIM1_TRG_COM_TIM11_IRQHandler          0x08004e90   Section        0  stm32f7xx_it.o(i.TIM1_TRG_COM_TIM11_IRQHandler)
    i.TIM1_UP_TIM10_IRQHandler               0x08004e9c   Section        0  stm32f7xx_it.o(i.TIM1_UP_TIM10_IRQHandler)
    i.TIM_Base_SetConfig                     0x08004ea8   Section        0  stm32f7xx_hal_tim.o(i.TIM_Base_SetConfig)
    i.TIM_ETR_SetConfig                      0x08004f74   Section        0  stm32f7xx_hal_tim.o(i.TIM_ETR_SetConfig)
    i.TIM_ITRx_SetConfig                     0x08004f86   Section        0  stm32f7xx_hal_tim.o(i.TIM_ITRx_SetConfig)
    TIM_ITRx_SetConfig                       0x08004f87   Thumb Code    16  stm32f7xx_hal_tim.o(i.TIM_ITRx_SetConfig)
    i.TIM_TI1_ConfigInputStage               0x08004f96   Section        0  stm32f7xx_hal_tim.o(i.TIM_TI1_ConfigInputStage)
    TIM_TI1_ConfigInputStage                 0x08004f97   Thumb Code    34  stm32f7xx_hal_tim.o(i.TIM_TI1_ConfigInputStage)
    i.TIM_TI2_ConfigInputStage               0x08004fb8   Section        0  stm32f7xx_hal_tim.o(i.TIM_TI2_ConfigInputStage)
    TIM_TI2_ConfigInputStage                 0x08004fb9   Thumb Code    36  stm32f7xx_hal_tim.o(i.TIM_TI2_ConfigInputStage)
    i.UART7_IRQHandler                       0x08004fdc   Section        0  stm32f7xx_it.o(i.UART7_IRQHandler)
    i.UART_AdvFeatureConfig                  0x08004fe8   Section        0  stm32f7xx_hal_uart.o(i.UART_AdvFeatureConfig)
    i.UART_CheckIdleState                    0x080050b0   Section        0  stm32f7xx_hal_uart.o(i.UART_CheckIdleState)
    i.UART_DMAAbortOnError                   0x080050ec   Section        0  stm32f7xx_hal_uart.o(i.UART_DMAAbortOnError)
    UART_DMAAbortOnError                     0x080050ed   Thumb Code    20  stm32f7xx_hal_uart.o(i.UART_DMAAbortOnError)
    i.UART_DMAError                          0x08005100   Section        0  stm32f7xx_hal_uart.o(i.UART_DMAError)
    UART_DMAError                            0x08005101   Thumb Code    70  stm32f7xx_hal_uart.o(i.UART_DMAError)
    i.UART_DMAReceiveCplt                    0x08005146   Section        0  stm32f7xx_hal_uart.o(i.UART_DMAReceiveCplt)
    UART_DMAReceiveCplt                      0x08005147   Thumb Code    58  stm32f7xx_hal_uart.o(i.UART_DMAReceiveCplt)
    i.UART_DMARxHalfCplt                     0x08005180   Section        0  stm32f7xx_hal_uart.o(i.UART_DMARxHalfCplt)
    UART_DMARxHalfCplt                       0x08005181   Thumb Code    10  stm32f7xx_hal_uart.o(i.UART_DMARxHalfCplt)
    i.UART_DMATransmitCplt                   0x0800518a   Section        0  stm32f7xx_hal_uart.o(i.UART_DMATransmitCplt)
    UART_DMATransmitCplt                     0x0800518b   Thumb Code    46  stm32f7xx_hal_uart.o(i.UART_DMATransmitCplt)
    i.UART_DMATxHalfCplt                     0x080051b8   Section        0  stm32f7xx_hal_uart.o(i.UART_DMATxHalfCplt)
    UART_DMATxHalfCplt                       0x080051b9   Thumb Code    10  stm32f7xx_hal_uart.o(i.UART_DMATxHalfCplt)
    i.UART_EndRxTransfer                     0x080051c2   Section        0  stm32f7xx_hal_uart.o(i.UART_EndRxTransfer)
    UART_EndRxTransfer                       0x080051c3   Thumb Code    32  stm32f7xx_hal_uart.o(i.UART_EndRxTransfer)
    i.UART_EndTxTransfer                     0x080051e2   Section        0  stm32f7xx_hal_uart.o(i.UART_EndTxTransfer)
    UART_EndTxTransfer                       0x080051e3   Thumb Code    16  stm32f7xx_hal_uart.o(i.UART_EndTxTransfer)
    i.UART_Receive                           0x080051f4   Section        0  main.o(i.UART_Receive)
    i.UART_SetConfig                         0x08005228   Section        0  stm32f7xx_hal_uart.o(i.UART_SetConfig)
    i.UART_Transmit                          0x0800547c   Section        0  main.o(i.UART_Transmit)
    i.UART_WaitOnFlagUntilTimeout            0x080054c4   Section        0  stm32f7xx_hal_uart.o(i.UART_WaitOnFlagUntilTimeout)
    i.UsageFault_Handler                     0x08005524   Section        0  stm32f7xx_it.o(i.UsageFault_Handler)
    i.WavHeaderUpdate                        0x08005526   Section        0  wav.o(i.WavHeaderUpdate)
    i.__NVIC_SetPriority                     0x08005556   Section        0  stm32f7xx_hal_cortex.o(i.__NVIC_SetPriority)
    __NVIC_SetPriority                       0x08005557   Thumb Code    34  stm32f7xx_hal_cortex.o(i.__NVIC_SetPriority)
    i.__hardfp_sqrtf                         0x08005578   Section        0  sqrtf.o(i.__hardfp_sqrtf)
    i.__scatterload_copy                     0x080055b2   Section       14  handlers.o(i.__scatterload_copy)
    i.__scatterload_null                     0x080055c0   Section        2  handlers.o(i.__scatterload_null)
    i.__scatterload_zeroinit                 0x080055c2   Section       14  handlers.o(i.__scatterload_zeroinit)
    i.__set_errno                            0x080055d0   Section        0  errno.o(i.__set_errno)
    i.check_fs                               0x080055dc   Section        0  ff.o(i.check_fs)
    check_fs                                 0x080055dd   Thumb Code   102  ff.o(i.check_fs)
    i.chk_lock                               0x0800564c   Section        0  ff.o(i.chk_lock)
    chk_lock                                 0x0800564d   Thumb Code    86  ff.o(i.chk_lock)
    i.clear_lock                             0x080056a8   Section        0  ff.o(i.clear_lock)
    clear_lock                               0x080056a9   Thumb Code    28  ff.o(i.clear_lock)
    i.clmt_clust                             0x080056c8   Section        0  ff.o(i.clmt_clust)
    clmt_clust                               0x080056c9   Thumb Code    36  ff.o(i.clmt_clust)
    i.clust2sect                             0x080056ec   Section        0  ff.o(i.clust2sect)
    clust2sect                               0x080056ed   Thumb Code    24  ff.o(i.clust2sect)
    i.create_chain                           0x08005704   Section        0  ff.o(i.create_chain)
    create_chain                             0x08005705   Thumb Code   166  ff.o(i.create_chain)
    i.create_name                            0x080057ac   Section        0  ff.o(i.create_name)
    create_name                              0x080057ad   Thumb Code   168  ff.o(i.create_name)
    i.dec_lock                               0x08005868   Section        0  ff.o(i.dec_lock)
    dec_lock                                 0x08005869   Thumb Code    48  ff.o(i.dec_lock)
    i.dir_find                               0x0800589c   Section        0  ff.o(i.dir_find)
    dir_find                                 0x0800589d   Thumb Code   102  ff.o(i.dir_find)
    i.dir_next                               0x08005904   Section        0  ff.o(i.dir_next)
    dir_next                                 0x08005905   Thumb Code   244  ff.o(i.dir_next)
    i.dir_register                           0x080059f8   Section        0  ff.o(i.dir_register)
    dir_register                             0x080059f9   Thumb Code   102  ff.o(i.dir_register)
    i.dir_sdi                                0x08005a5e   Section        0  ff.o(i.dir_sdi)
    dir_sdi                                  0x08005a5f   Thumb Code   130  ff.o(i.dir_sdi)
    i.disk_initialize                        0x08005ae0   Section        0  diskio.o(i.disk_initialize)
    i.disk_ioctl                             0x08005b08   Section        0  diskio.o(i.disk_ioctl)
    i.disk_read                              0x08005b20   Section        0  diskio.o(i.disk_read)
    i.disk_status                            0x08005b3c   Section        0  diskio.o(i.disk_status)
    i.disk_write                             0x08005b50   Section        0  diskio.o(i.disk_write)
    i.f_close                                0x08005b6c   Section        0  ff.o(i.f_close)
    i.f_lseek                                0x08005b94   Section        0  ff.o(i.f_lseek)
    i.f_mount                                0x08005db0   Section        0  ff.o(i.f_mount)
    i.f_open                                 0x08005e08   Section        0  ff.o(i.f_open)
    i.f_sync                                 0x08006018   Section        0  ff.o(i.f_sync)
    i.f_write                                0x080060a6   Section        0  ff.o(i.f_write)
    i.find_volume                            0x08006234   Section        0  ff.o(i.find_volume)
    find_volume                              0x08006235   Thumb Code   586  ff.o(i.find_volume)
    i.follow_path                            0x0800648c   Section        0  ff.o(i.follow_path)
    follow_path                              0x0800648d   Thumb Code   116  ff.o(i.follow_path)
    i.get_fat                                0x08006500   Section        0  ff.o(i.get_fat)
    get_fat                                  0x08006501   Thumb Code   190  ff.o(i.get_fat)
    i.get_fattime                            0x080065be   Section        0  fatfs.o(i.get_fattime)
    i.get_ldnumber                           0x080065c2   Section        0  ff.o(i.get_ldnumber)
    get_ldnumber                             0x080065c3   Thumb Code    60  ff.o(i.get_ldnumber)
    i.inc_lock                               0x08006600   Section        0  ff.o(i.inc_lock)
    inc_lock                                 0x08006601   Thumb Code   124  ff.o(i.inc_lock)
    i.ld_clust                               0x08006680   Section        0  ff.o(i.ld_clust)
    ld_clust                                 0x08006681   Thumb Code    38  ff.o(i.ld_clust)
    i.ld_dword                               0x080066a6   Section        0  ff.o(i.ld_dword)
    ld_dword                                 0x080066a7   Thumb Code    22  ff.o(i.ld_dword)
    i.ld_word                                0x080066bc   Section        0  ff.o(i.ld_word)
    ld_word                                  0x080066bd   Thumb Code    10  ff.o(i.ld_word)
    i.main                                   0x080066c8   Section        0  main.o(i.main)
    i.mem_cpy                                0x08006798   Section        0  ff.o(i.mem_cpy)
    mem_cpy                                  0x08006799   Thumb Code    18  ff.o(i.mem_cpy)
    i.mem_set                                0x080067ac   Section        0  ff.o(i.mem_set)
    mem_set                                  0x080067ad   Thumb Code    14  ff.o(i.mem_set)
    i.move_window                            0x080067ba   Section        0  ff.o(i.move_window)
    move_window                              0x080067bb   Thumb Code    50  ff.o(i.move_window)
    i.put_fat                                0x080067ec   Section        0  ff.o(i.put_fat)
    put_fat                                  0x080067ed   Thumb Code   240  ff.o(i.put_fat)
    i.remove_chain                           0x080068dc   Section        0  ff.o(i.remove_chain)
    remove_chain                             0x080068dd   Thumb Code   116  ff.o(i.remove_chain)
    i.st_clust                               0x08006950   Section        0  ff.o(i.st_clust)
    st_clust                                 0x08006951   Thumb Code    40  ff.o(i.st_clust)
    i.st_dword                               0x08006978   Section        0  ff.o(i.st_dword)
    st_dword                                 0x08006979   Thumb Code    16  ff.o(i.st_dword)
    i.st_word                                0x08006988   Section        0  ff.o(i.st_word)
    st_word                                  0x08006989   Thumb Code     8  ff.o(i.st_word)
    i.sync_fs                                0x08006990   Section        0  ff.o(i.sync_fs)
    sync_fs                                  0x08006991   Thumb Code   126  ff.o(i.sync_fs)
    i.sync_window                            0x08006a18   Section        0  ff.o(i.sync_window)
    sync_window                              0x08006a19   Thumb Code    82  ff.o(i.sync_window)
    i.validate                               0x08006a6a   Section        0  ff.o(i.validate)
    validate                                 0x08006a6b   Thumb Code    52  ff.o(i.validate)
    .constdata                               0x08006aa0   Section       20  sd_diskio.o(.constdata)
    .constdata                               0x08006ab4   Section        8  stm32f7xx_hal_dma.o(.constdata)
    flagBitshiftOffset                       0x08006ab4   Data           8  stm32f7xx_hal_dma.o(.constdata)
    .constdata                               0x08006abc   Section       16  system_stm32f7xx.o(.constdata)
    .constdata                               0x08006acc   Section        8  system_stm32f7xx.o(.constdata)
    .constdata                               0x08006ad4   Section      156  ff.o(.constdata)
    ExCvt                                    0x08006ad4   Data         128  ff.o(.constdata)
    cst                                      0x08006b54   Data          14  ff.o(.constdata)
    cst32                                    0x08006b62   Data          14  ff.o(.constdata)
    .data                                    0x20000000   Section       78  main.o(.data)
    .data                                    0x2000004e   Section        1  sd_diskio.o(.data)
    Stat                                     0x2000004e   Data           1  sd_diskio.o(.data)
    .data                                    0x2000004f   Section        5  fatfs.o(.data)
    .data                                    0x20000054   Section       12  stm32f7xx_hal.o(.data)
    .data                                    0x20000060   Section        4  system_stm32f7xx.o(.data)
    .data                                    0x20000064   Section        8  ff.o(.data)
    Fsid                                     0x20000064   Data           2  ff.o(.data)
    FatFs                                    0x20000068   Data           4  ff.o(.data)
    .data                                    0x2000006c   Section        4  errno.o(.data)
    _errno                                   0x2000006c   Data           4  errno.o(.data)
    .bss                                     0x20000070   Section    19644  main.o(.bss)
    .bss                                     0x20004d2c   Section      168  adc.o(.bss)
    .bss                                     0x20004dd4   Section      324  sdmmc.o(.bss)
    .bss                                     0x20004f18   Section       64  tim.o(.bss)
    .bss                                     0x20004f58   Section      320  usart.o(.bss)
    .bss                                     0x20005098   Section       32  ff.o(.bss)
    Files                                    0x20005098   Data          32  ff.o(.bss)
    .bss                                     0x200050b8   Section       12  ff_gen_drv.o(.bss)
    STACK                                    0x200050c8   Section    16384  startup_stm32f746xx.o(STACK)

    Global Symbols

    Symbol Name                              Value     Ov Type        Size  Object(Section)

    BuildAttributes$$THM_ISAv4$E$P$D$K$B$S$7EM$VFPi5$EXTD16$VFPS$VFMA$PE$PLD8$A:L22UL41UL21$X:L11$S22US41US21$IEEE1$IW$USESV6$~STKCKD$USESV7$~SHL$OTIME$ROPI$IEEEJ$EBA8$MICROLIB$REQ8$PRES8$EABIv2 0x00000000   Number         0  anon$$obj.o ABSOLUTE
    __ARM_use_no_argv                        0x00000000   Number         0  main.o ABSOLUTE
    __cpp_initialize__aeabi_                  - Undefined Weak Reference
    __cxa_finalize                            - Undefined Weak Reference
    __decompress                              - Undefined Weak Reference
    _clock_init                               - Undefined Weak Reference
    _microlib_exit                            - Undefined Weak Reference
    __Vectors_Size                           0x000001c8   Number         0  startup_stm32f746xx.o ABSOLUTE
    __Vectors                                0x08000000   Data           4  startup_stm32f746xx.o(RESET)
    __Vectors_End                            0x080001c8   Data           0  startup_stm32f746xx.o(RESET)
    __main                                   0x080001c9   Thumb Code     0  entry.o(.ARM.Collect$$$$00000000)
    _main_stk                                0x080001c9   Thumb Code     0  entry2.o(.ARM.Collect$$$$00000001)
    _main_scatterload                        0x080001cd   Thumb Code     0  entry5.o(.ARM.Collect$$$$00000004)
    __main_after_scatterload                 0x080001d1   Thumb Code     0  entry5.o(.ARM.Collect$$$$00000004)
    _main_clock                              0x080001d1   Thumb Code     0  entry7b.o(.ARM.Collect$$$$00000008)
    _main_cpp_init                           0x080001d1   Thumb Code     0  entry8b.o(.ARM.Collect$$$$0000000A)
    _main_init                               0x080001d1   Thumb Code     0  entry9a.o(.ARM.Collect$$$$0000000B)
    __rt_final_cpp                           0x080001d9   Thumb Code     0  entry10a.o(.ARM.Collect$$$$0000000D)
    __rt_final_exit                          0x080001d9   Thumb Code     0  entry11a.o(.ARM.Collect$$$$0000000F)
    Reset_Handler                            0x080001dd   Thumb Code     8  startup_stm32f746xx.o(.text)
    CAN1_RX0_IRQHandler                      0x080001f7   Thumb Code     0  startup_stm32f746xx.o(.text)
    CAN1_RX1_IRQHandler                      0x080001f7   Thumb Code     0  startup_stm32f746xx.o(.text)
    CAN1_SCE_IRQHandler                      0x080001f7   Thumb Code     0  startup_stm32f746xx.o(.text)
    CAN1_TX_IRQHandler                       0x080001f7   Thumb Code     0  startup_stm32f746xx.o(.text)
    CAN2_RX0_IRQHandler                      0x080001f7   Thumb Code     0  startup_stm32f746xx.o(.text)
    CAN2_RX1_IRQHandler                      0x080001f7   Thumb Code     0  startup_stm32f746xx.o(.text)
    CAN2_SCE_IRQHandler                      0x080001f7   Thumb Code     0  startup_stm32f746xx.o(.text)
    CAN2_TX_IRQHandler                       0x080001f7   Thumb Code     0  startup_stm32f746xx.o(.text)
    CEC_IRQHandler                           0x080001f7   Thumb Code     0  startup_stm32f746xx.o(.text)
    DCMI_IRQHandler                          0x080001f7   Thumb Code     0  startup_stm32f746xx.o(.text)
    DMA1_Stream0_IRQHandler                  0x080001f7   Thumb Code     0  startup_stm32f746xx.o(.text)
    DMA1_Stream2_IRQHandler                  0x080001f7   Thumb Code     0  startup_stm32f746xx.o(.text)
    DMA1_Stream4_IRQHandler                  0x080001f7   Thumb Code     0  startup_stm32f746xx.o(.text)
    DMA1_Stream5_IRQHandler                  0x080001f7   Thumb Code     0  startup_stm32f746xx.o(.text)
    DMA1_Stream6_IRQHandler                  0x080001f7   Thumb Code     0  startup_stm32f746xx.o(.text)
    DMA1_Stream7_IRQHandler                  0x080001f7   Thumb Code     0  startup_stm32f746xx.o(.text)
    DMA2D_IRQHandler                         0x080001f7   Thumb Code     0  startup_stm32f746xx.o(.text)
    DMA2_Stream1_IRQHandler                  0x080001f7   Thumb Code     0  startup_stm32f746xx.o(.text)
    DMA2_Stream2_IRQHandler                  0x080001f7   Thumb Code     0  startup_stm32f746xx.o(.text)
    DMA2_Stream4_IRQHandler                  0x080001f7   Thumb Code     0  startup_stm32f746xx.o(.text)
    DMA2_Stream5_IRQHandler                  0x080001f7   Thumb Code     0  startup_stm32f746xx.o(.text)
    DMA2_Stream7_IRQHandler                  0x080001f7   Thumb Code     0  startup_stm32f746xx.o(.text)
    ETH_IRQHandler                           0x080001f7   Thumb Code     0  startup_stm32f746xx.o(.text)
    ETH_WKUP_IRQHandler                      0x080001f7   Thumb Code     0  startup_stm32f746xx.o(.text)
    EXTI0_IRQHandler                         0x080001f7   Thumb Code     0  startup_stm32f746xx.o(.text)
    EXTI15_10_IRQHandler                     0x080001f7   Thumb Code     0  startup_stm32f746xx.o(.text)
    EXTI1_IRQHandler                         0x080001f7   Thumb Code     0  startup_stm32f746xx.o(.text)
    EXTI2_IRQHandler                         0x080001f7   Thumb Code     0  startup_stm32f746xx.o(.text)
    EXTI3_IRQHandler                         0x080001f7   Thumb Code     0  startup_stm32f746xx.o(.text)
    EXTI4_IRQHandler                         0x080001f7   Thumb Code     0  startup_stm32f746xx.o(.text)
    EXTI9_5_IRQHandler                       0x080001f7   Thumb Code     0  startup_stm32f746xx.o(.text)
    FLASH_IRQHandler                         0x080001f7   Thumb Code     0  startup_stm32f746xx.o(.text)
    FMC_IRQHandler                           0x080001f7   Thumb Code     0  startup_stm32f746xx.o(.text)
    FPU_IRQHandler                           0x080001f7   Thumb Code     0  startup_stm32f746xx.o(.text)
    I2C1_ER_IRQHandler                       0x080001f7   Thumb Code     0  startup_stm32f746xx.o(.text)
    I2C1_EV_IRQHandler                       0x080001f7   Thumb Code     0  startup_stm32f746xx.o(.text)
    I2C2_ER_IRQHandler                       0x080001f7   Thumb Code     0  startup_stm32f746xx.o(.text)
    I2C2_EV_IRQHandler                       0x080001f7   Thumb Code     0  startup_stm32f746xx.o(.text)
    I2C3_ER_IRQHandler                       0x080001f7   Thumb Code     0  startup_stm32f746xx.o(.text)
    I2C3_EV_IRQHandler                       0x080001f7   Thumb Code     0  startup_stm32f746xx.o(.text)
    I2C4_ER_IRQHandler                       0x080001f7   Thumb Code     0  startup_stm32f746xx.o(.text)
    I2C4_EV_IRQHandler                       0x080001f7   Thumb Code     0  startup_stm32f746xx.o(.text)
    LPTIM1_IRQHandler                        0x080001f7   Thumb Code     0  startup_stm32f746xx.o(.text)
    LTDC_ER_IRQHandler                       0x080001f7   Thumb Code     0  startup_stm32f746xx.o(.text)
    LTDC_IRQHandler                          0x080001f7   Thumb Code     0  startup_stm32f746xx.o(.text)
    OTG_FS_IRQHandler                        0x080001f7   Thumb Code     0  startup_stm32f746xx.o(.text)
    OTG_FS_WKUP_IRQHandler                   0x080001f7   Thumb Code     0  startup_stm32f746xx.o(.text)
    OTG_HS_EP1_IN_IRQHandler                 0x080001f7   Thumb Code     0  startup_stm32f746xx.o(.text)
    OTG_HS_EP1_OUT_IRQHandler                0x080001f7   Thumb Code     0  startup_stm32f746xx.o(.text)
    OTG_HS_IRQHandler                        0x080001f7   Thumb Code     0  startup_stm32f746xx.o(.text)
    OTG_HS_WKUP_IRQHandler                   0x080001f7   Thumb Code     0  startup_stm32f746xx.o(.text)
    PVD_IRQHandler                           0x080001f7   Thumb Code     0  startup_stm32f746xx.o(.text)
    QUADSPI_IRQHandler                       0x080001f7   Thumb Code     0  startup_stm32f746xx.o(.text)
    RCC_IRQHandler                           0x080001f7   Thumb Code     0  startup_stm32f746xx.o(.text)
    RNG_IRQHandler                           0x080001f7   Thumb Code     0  startup_stm32f746xx.o(.text)
    RTC_Alarm_IRQHandler                     0x080001f7   Thumb Code     0  startup_stm32f746xx.o(.text)
    RTC_WKUP_IRQHandler                      0x080001f7   Thumb Code     0  startup_stm32f746xx.o(.text)
    SAI1_IRQHandler                          0x080001f7   Thumb Code     0  startup_stm32f746xx.o(.text)
    SAI2_IRQHandler                          0x080001f7   Thumb Code     0  startup_stm32f746xx.o(.text)
    SPDIF_RX_IRQHandler                      0x080001f7   Thumb Code     0  startup_stm32f746xx.o(.text)
    SPI1_IRQHandler                          0x080001f7   Thumb Code     0  startup_stm32f746xx.o(.text)
    SPI2_IRQHandler                          0x080001f7   Thumb Code     0  startup_stm32f746xx.o(.text)
    SPI3_IRQHandler                          0x080001f7   Thumb Code     0  startup_stm32f746xx.o(.text)
    SPI4_IRQHandler                          0x080001f7   Thumb Code     0  startup_stm32f746xx.o(.text)
    SPI5_IRQHandler                          0x080001f7   Thumb Code     0  startup_stm32f746xx.o(.text)
    SPI6_IRQHandler                          0x080001f7   Thumb Code     0  startup_stm32f746xx.o(.text)
    TAMP_STAMP_IRQHandler                    0x080001f7   Thumb Code     0  startup_stm32f746xx.o(.text)
    TIM1_CC_IRQHandler                       0x080001f7   Thumb Code     0  startup_stm32f746xx.o(.text)
    TIM2_IRQHandler                          0x080001f7   Thumb Code     0  startup_stm32f746xx.o(.text)
    TIM3_IRQHandler                          0x080001f7   Thumb Code     0  startup_stm32f746xx.o(.text)
    TIM4_IRQHandler                          0x080001f7   Thumb Code     0  startup_stm32f746xx.o(.text)
    TIM5_IRQHandler                          0x080001f7   Thumb Code     0  startup_stm32f746xx.o(.text)
    TIM6_DAC_IRQHandler                      0x080001f7   Thumb Code     0  startup_stm32f746xx.o(.text)
    TIM7_IRQHandler                          0x080001f7   Thumb Code     0  startup_stm32f746xx.o(.text)
    TIM8_BRK_TIM12_IRQHandler                0x080001f7   Thumb Code     0  startup_stm32f746xx.o(.text)
    TIM8_CC_IRQHandler                       0x080001f7   Thumb Code     0  startup_stm32f746xx.o(.text)
    TIM8_TRG_COM_TIM14_IRQHandler            0x080001f7   Thumb Code     0  startup_stm32f746xx.o(.text)
    TIM8_UP_TIM13_IRQHandler                 0x080001f7   Thumb Code     0  startup_stm32f746xx.o(.text)
    UART4_IRQHandler                         0x080001f7   Thumb Code     0  startup_stm32f746xx.o(.text)
    UART5_IRQHandler                         0x080001f7   Thumb Code     0  startup_stm32f746xx.o(.text)
    UART8_IRQHandler                         0x080001f7   Thumb Code     0  startup_stm32f746xx.o(.text)
    USART1_IRQHandler                        0x080001f7   Thumb Code     0  startup_stm32f746xx.o(.text)
    USART2_IRQHandler                        0x080001f7   Thumb Code     0  startup_stm32f746xx.o(.text)
    USART3_IRQHandler                        0x080001f7   Thumb Code     0  startup_stm32f746xx.o(.text)
    USART6_IRQHandler                        0x080001f7   Thumb Code     0  startup_stm32f746xx.o(.text)
    WWDG_IRQHandler                          0x080001f7   Thumb Code     0  startup_stm32f746xx.o(.text)
    __aeabi_uldivmod                         0x08000201   Thumb Code    98  uldiv.o(.text)
    __aeabi_memcpy                           0x08000263   Thumb Code    36  memcpya.o(.text)
    __aeabi_memcpy4                          0x08000263   Thumb Code     0  memcpya.o(.text)
    __aeabi_memcpy8                          0x08000263   Thumb Code     0  memcpya.o(.text)
    __aeabi_memset                           0x08000287   Thumb Code    14  memseta.o(.text)
    __aeabi_memset4                          0x08000287   Thumb Code     0  memseta.o(.text)
    __aeabi_memset8                          0x08000287   Thumb Code     0  memseta.o(.text)
    __aeabi_memclr                           0x08000295   Thumb Code     4  memseta.o(.text)
    __aeabi_memclr4                          0x08000295   Thumb Code     0  memseta.o(.text)
    __aeabi_memclr8                          0x08000295   Thumb Code     0  memseta.o(.text)
    _memset$wrapper                          0x08000299   Thumb Code    18  memseta.o(.text)
    __aeabi_llsl                             0x080002ab   Thumb Code    30  llshl.o(.text)
    _ll_shift_l                              0x080002ab   Thumb Code     0  llshl.o(.text)
    __aeabi_llsr                             0x080002c9   Thumb Code    32  llushr.o(.text)
    _ll_ushift_r                             0x080002c9   Thumb Code     0  llushr.o(.text)
    __I$use$fp                               0x080002e9   Thumb Code     0  iusefp.o(.text)
    __scatterload                            0x080002e9   Thumb Code    28  init.o(.text)
    __scatterload_rt2                        0x080002e9   Thumb Code     0  init.o(.text)
    arm_bitreversal_32                       0x0800030d   Thumb Code    76  arm_bitreversal2.o(.text.arm_bitreversal_32)
    arm_cfft_f32                             0x08000359   Thumb Code   220  arm_cfft_f32.o(.text.arm_cfft_f32)
    arm_cfft_radix8by2_f32                   0x08000435   Thumb Code   382  arm_cfft_f32.o(.text.arm_cfft_radix8by2_f32)
    arm_cfft_radix8by4_f32                   0x080005b5   Thumb Code   988  arm_cfft_f32.o(.text.arm_cfft_radix8by4_f32)
    arm_cmplx_mag_f32                        0x08000991   Thumb Code   312  arm_cmplx_mag_f32.o(.text.arm_cmplx_mag_f32)
    arm_max_f32                              0x08000ac9   Thumb Code   198  arm_max_f32.o(.text.arm_max_f32)
    arm_radix8_butterfly_f32                 0x08000b91   Thumb Code  1316  arm_cfft_radix8_f32.o(.text.arm_radix8_butterfly_f32)
    ADC_IRQHandler                           0x08001145   Thumb Code     6  stm32f7xx_it.o(i.ADC_IRQHandler)
    ADC_Start                                0x08001289   Thumb Code    12  main.o(i.ADC_Start)
    BSP_SD_AbortCallback                     0x0800129d   Thumb Code     2  bsp_driver_sd.o(i.BSP_SD_AbortCallback)
    BSP_SD_GetCardInfo                       0x080012a1   Thumb Code     8  bsp_driver_sd.o(i.BSP_SD_GetCardInfo)
    BSP_SD_GetCardState                      0x080012ad   Thumb Code    20  bsp_driver_sd.o(i.BSP_SD_GetCardState)
    BSP_SD_Init                              0x080012c5   Thumb Code    48  bsp_driver_sd.o(i.BSP_SD_Init)
    BSP_SD_ReadBlocks_DMA                    0x080012f9   Thumb Code    76  bsp_driver_sd.o(i.BSP_SD_ReadBlocks_DMA)
    BSP_SD_ReadCpltCallback                  0x0800134d   Thumb Code     2  bsp_driver_sd.o(i.BSP_SD_ReadCpltCallback)
    BSP_SD_WriteBlocks_DMA                   0x08001351   Thumb Code    76  bsp_driver_sd.o(i.BSP_SD_WriteBlocks_DMA)
    BSP_SD_WriteCpltCallback                 0x080013a5   Thumb Code     2  bsp_driver_sd.o(i.BSP_SD_WriteCpltCallback)
    BusFault_Handler                         0x080013a7   Thumb Code     2  stm32f7xx_it.o(i.BusFault_Handler)
    DMA1_Stream1_IRQHandler                  0x080013a9   Thumb Code     6  stm32f7xx_it.o(i.DMA1_Stream1_IRQHandler)
    DMA1_Stream3_IRQHandler                  0x080013b5   Thumb Code     6  stm32f7xx_it.o(i.DMA1_Stream3_IRQHandler)
    DMA2_Stream0_IRQHandler                  0x080013c1   Thumb Code     6  stm32f7xx_it.o(i.DMA2_Stream0_IRQHandler)
    DMA2_Stream3_IRQHandler                  0x080013cd   Thumb Code     6  stm32f7xx_it.o(i.DMA2_Stream3_IRQHandler)
    DMA2_Stream6_IRQHandler                  0x080013d9   Thumb Code     6  stm32f7xx_it.o(i.DMA2_Stream6_IRQHandler)
    DebugMon_Handler                         0x08001489   Thumb Code     2  stm32f7xx_it.o(i.DebugMon_Handler)
    Error_Handler                            0x0800148b   Thumb Code     2  main.o(i.Error_Handler)
    FATFS_LinkDriver                         0x0800148d   Thumb Code     6  ff_gen_drv.o(i.FATFS_LinkDriver)
    FATFS_LinkDriverEx                       0x08001495   Thumb Code    58  ff_gen_drv.o(i.FATFS_LinkDriverEx)
    FFT_Compute                              0x080014d5   Thumb Code   216  main.o(i.FFT_Compute)
    HAL_ADCEx_InjectedConvCpltCallback       0x080015c5   Thumb Code     2  stm32f7xx_hal_adc_ex.o(i.HAL_ADCEx_InjectedConvCpltCallback)
    HAL_ADC_ConfigChannel                    0x080015c9   Thumb Code   338  stm32f7xx_hal_adc.o(i.HAL_ADC_ConfigChannel)
    HAL_ADC_ConvCpltCallback                 0x0800172d   Thumb Code    26  main.o(i.HAL_ADC_ConvCpltCallback)
    HAL_ADC_ConvHalfCpltCallback             0x08001751   Thumb Code     6  main.o(i.HAL_ADC_ConvHalfCpltCallback)
    HAL_ADC_ErrorCallback                    0x08001757   Thumb Code     2  stm32f7xx_hal_adc.o(i.HAL_ADC_ErrorCallback)
    HAL_ADC_IRQHandler                       0x08001759   Thumb Code   316  stm32f7xx_hal_adc.o(i.HAL_ADC_IRQHandler)
    HAL_ADC_Init                             0x08001895   Thumb Code    84  stm32f7xx_hal_adc.o(i.HAL_ADC_Init)
    HAL_ADC_LevelOutOfWindowCallback         0x080018e9   Thumb Code     2  stm32f7xx_hal_adc.o(i.HAL_ADC_LevelOutOfWindowCallback)
    HAL_ADC_MspInit                          0x080018ed   Thumb Code   164  adc.o(i.HAL_ADC_MspInit)
    HAL_ADC_Start_DMA                        0x080019a5   Thumb Code   260  stm32f7xx_hal_adc.o(i.HAL_ADC_Start_DMA)
    HAL_ADC_Stop_DMA                         0x08001ac5   Thumb Code    88  stm32f7xx_hal_adc.o(i.HAL_ADC_Stop_DMA)
    HAL_DMA_Abort                            0x08001b1d   Thumb Code   146  stm32f7xx_hal_dma.o(i.HAL_DMA_Abort)
    HAL_DMA_Abort_IT                         0x08001baf   Thumb Code    36  stm32f7xx_hal_dma.o(i.HAL_DMA_Abort_IT)
    HAL_DMA_GetError                         0x08001bd3   Thumb Code     4  stm32f7xx_hal_dma.o(i.HAL_DMA_GetError)
    HAL_DMA_IRQHandler                       0x08001bd9   Thumb Code   412  stm32f7xx_hal_dma.o(i.HAL_DMA_IRQHandler)
    HAL_DMA_Init                             0x08001d79   Thumb Code   222  stm32f7xx_hal_dma.o(i.HAL_DMA_Init)
    HAL_DMA_Start_IT                         0x08001e5d   Thumb Code   122  stm32f7xx_hal_dma.o(i.HAL_DMA_Start_IT)
    HAL_Delay                                0x08001ed9   Thumb Code    32  stm32f7xx_hal.o(i.HAL_Delay)
    HAL_GPIO_Init                            0x08001efd   Thumb Code   418  stm32f7xx_hal_gpio.o(i.HAL_GPIO_Init)
    HAL_GPIO_TogglePin                       0x080020d5   Thumb Code    14  stm32f7xx_hal_gpio.o(i.HAL_GPIO_TogglePin)
    HAL_GPIO_WritePin                        0x080020e3   Thumb Code    10  stm32f7xx_hal_gpio.o(i.HAL_GPIO_WritePin)
    HAL_GetTick                              0x080020ed   Thumb Code     6  stm32f7xx_hal.o(i.HAL_GetTick)
    HAL_IncTick                              0x080020f9   Thumb Code    12  stm32f7xx_hal.o(i.HAL_IncTick)
    HAL_Init                                 0x08002109   Thumb Code    40  stm32f7xx_hal.o(i.HAL_Init)
    HAL_InitTick                             0x08002135   Thumb Code    54  stm32f7xx_hal.o(i.HAL_InitTick)
    HAL_MspInit                              0x08002175   Thumb Code    42  stm32f7xx_hal_msp.o(i.HAL_MspInit)
    HAL_NVIC_EnableIRQ                       0x080021a5   Thumb Code    26  stm32f7xx_hal_cortex.o(i.HAL_NVIC_EnableIRQ)
    HAL_NVIC_SetPriority                     0x080021c1   Thumb Code    60  stm32f7xx_hal_cortex.o(i.HAL_NVIC_SetPriority)
    HAL_NVIC_SetPriorityGrouping             0x08002201   Thumb Code    28  stm32f7xx_hal_cortex.o(i.HAL_NVIC_SetPriorityGrouping)
    HAL_PWREx_EnableOverDrive                0x08002225   Thumb Code   100  stm32f7xx_hal_pwr_ex.o(i.HAL_PWREx_EnableOverDrive)
    HAL_RCCEx_PeriphCLKConfig                0x08002291   Thumb Code  1276  stm32f7xx_hal_rcc_ex.o(i.HAL_RCCEx_PeriphCLKConfig)
    HAL_RCC_ClockConfig                      0x0800278d   Thumb Code   282  stm32f7xx_hal_rcc.o(i.HAL_RCC_ClockConfig)
    HAL_RCC_GetPCLK1Freq                     0x080028b9   Thumb Code    20  stm32f7xx_hal_rcc.o(i.HAL_RCC_GetPCLK1Freq)
    HAL_RCC_GetPCLK2Freq                     0x080028d9   Thumb Code    20  stm32f7xx_hal_rcc.o(i.HAL_RCC_GetPCLK2Freq)
    HAL_RCC_GetSysClockFreq                  0x080028f9   Thumb Code    88  stm32f7xx_hal_rcc.o(i.HAL_RCC_GetSysClockFreq)
    HAL_RCC_OscConfig                        0x0800295d   Thumb Code   810  stm32f7xx_hal_rcc.o(i.HAL_RCC_OscConfig)
    HAL_SD_AbortCallback                     0x08002c95   Thumb Code     8  bsp_driver_sd.o(i.HAL_SD_AbortCallback)
    HAL_SD_ConfigWideBusOperation            0x08002c9d   Thumb Code   120  stm32f7xx_hal_sd.o(i.HAL_SD_ConfigWideBusOperation)
    HAL_SD_ErrorCallback                     0x08002d15   Thumb Code     2  stm32f7xx_hal_sd.o(i.HAL_SD_ErrorCallback)
    HAL_SD_GetCardCSD                        0x08002d17   Thumb Code   506  stm32f7xx_hal_sd.o(i.HAL_SD_GetCardCSD)
    HAL_SD_GetCardInfo                       0x08002f11   Thumb Code    36  stm32f7xx_hal_sd.o(i.HAL_SD_GetCardInfo)
    HAL_SD_GetCardState                      0x08002f35   Thumb Code    44  stm32f7xx_hal_sd.o(i.HAL_SD_GetCardState)
    HAL_SD_GetState                          0x08002f61   Thumb Code     6  stm32f7xx_hal_sd.o(i.HAL_SD_GetState)
    HAL_SD_IRQHandler                        0x08002f69   Thumb Code   416  stm32f7xx_hal_sd.o(i.HAL_SD_IRQHandler)
    HAL_SD_Init                              0x08003111   Thumb Code    54  stm32f7xx_hal_sd.o(i.HAL_SD_Init)
    HAL_SD_InitCard                          0x08003147   Thumb Code    92  stm32f7xx_hal_sd.o(i.HAL_SD_InitCard)
    HAL_SD_MspInit                           0x080031a5   Thumb Code   344  sdmmc.o(i.HAL_SD_MspInit)
    HAL_SD_ReadBlocks_DMA                    0x08003315   Thumb Code   236  stm32f7xx_hal_sd.o(i.HAL_SD_ReadBlocks_DMA)
    HAL_SD_RxCpltCallback                    0x08003409   Thumb Code     8  bsp_driver_sd.o(i.HAL_SD_RxCpltCallback)
    HAL_SD_TxCpltCallback                    0x08003411   Thumb Code     8  bsp_driver_sd.o(i.HAL_SD_TxCpltCallback)
    HAL_SD_WriteBlocks_DMA                   0x08003419   Thumb Code   240  stm32f7xx_hal_sd.o(i.HAL_SD_WriteBlocks_DMA)
    HAL_SYSTICK_Config                       0x08003511   Thumb Code    38  stm32f7xx_hal_cortex.o(i.HAL_SYSTICK_Config)
    HAL_TIMEx_Break2Callback                 0x08003537   Thumb Code     2  stm32f7xx_hal_tim_ex.o(i.HAL_TIMEx_Break2Callback)
    HAL_TIMEx_BreakCallback                  0x08003539   Thumb Code     2  stm32f7xx_hal_tim_ex.o(i.HAL_TIMEx_BreakCallback)
    HAL_TIMEx_CommutCallback                 0x0800353b   Thumb Code     2  stm32f7xx_hal_tim_ex.o(i.HAL_TIMEx_CommutCallback)
    HAL_TIMEx_MasterConfigSynchronization    0x0800353d   Thumb Code    88  stm32f7xx_hal_tim_ex.o(i.HAL_TIMEx_MasterConfigSynchronization)
    HAL_TIM_Base_Init                        0x0800359d   Thumb Code    54  stm32f7xx_hal_tim.o(i.HAL_TIM_Base_Init)
    HAL_TIM_Base_MspInit                     0x080035d5   Thumb Code    82  tim.o(i.HAL_TIM_Base_MspInit)
    HAL_TIM_Base_Start_IT                    0x08003631   Thumb Code    40  stm32f7xx_hal_tim.o(i.HAL_TIM_Base_Start_IT)
    HAL_TIM_ConfigClockSource                0x0800365d   Thumb Code   214  stm32f7xx_hal_tim.o(i.HAL_TIM_ConfigClockSource)
    HAL_TIM_IC_CaptureCallback               0x08003739   Thumb Code     2  stm32f7xx_hal_tim.o(i.HAL_TIM_IC_CaptureCallback)
    HAL_TIM_IRQHandler                       0x0800373b   Thumb Code   386  stm32f7xx_hal_tim.o(i.HAL_TIM_IRQHandler)
    HAL_TIM_OC_DelayElapsedCallback          0x080038bd   Thumb Code     2  stm32f7xx_hal_tim.o(i.HAL_TIM_OC_DelayElapsedCallback)
    HAL_TIM_PWM_PulseFinishedCallback        0x080038bf   Thumb Code     2  stm32f7xx_hal_tim.o(i.HAL_TIM_PWM_PulseFinishedCallback)
    HAL_TIM_PeriodElapsedCallback            0x080038c1   Thumb Code     2  stm32f7xx_hal_tim.o(i.HAL_TIM_PeriodElapsedCallback)
    HAL_TIM_TriggerCallback                  0x080038c3   Thumb Code     2  stm32f7xx_hal_tim.o(i.HAL_TIM_TriggerCallback)
    HAL_UART_DMAStop                         0x080038c5   Thumb Code   112  stm32f7xx_hal_uart.o(i.HAL_UART_DMAStop)
    HAL_UART_ErrorCallback                   0x08003935   Thumb Code     2  stm32f7xx_hal_uart.o(i.HAL_UART_ErrorCallback)
    HAL_UART_IRQHandler                      0x08003939   Thumb Code   292  stm32f7xx_hal_uart.o(i.HAL_UART_IRQHandler)
    HAL_UART_Init                            0x08003a61   Thumb Code   102  stm32f7xx_hal_uart.o(i.HAL_UART_Init)
    HAL_UART_MspInit                         0x08003ac9   Thumb Code   210  usart.o(i.HAL_UART_MspInit)
    HAL_UART_Receive_DMA                     0x08003bb1   Thumb Code   142  stm32f7xx_hal_uart.o(i.HAL_UART_Receive_DMA)
    HAL_UART_RxCpltCallback                  0x08003c4d   Thumb Code    88  main.o(i.HAL_UART_RxCpltCallback)
    HAL_UART_RxHalfCpltCallback              0x08003cb9   Thumb Code     2  stm32f7xx_hal_uart.o(i.HAL_UART_RxHalfCpltCallback)
    HAL_UART_Transmit_DMA                    0x08003cbd   Thumb Code   134  stm32f7xx_hal_uart.o(i.HAL_UART_Transmit_DMA)
    HAL_UART_TxCpltCallback                  0x08003d51   Thumb Code    26  main.o(i.HAL_UART_TxCpltCallback)
    HAL_UART_TxHalfCpltCallback              0x08003d79   Thumb Code     2  stm32f7xx_hal_uart.o(i.HAL_UART_TxHalfCpltCallback)
    HardFault_Handler                        0x08003d7b   Thumb Code     2  stm32f7xx_it.o(i.HardFault_Handler)
    InitialiseWavEncoder                     0x08003d7d   Thumb Code    44  wav.o(i.InitialiseWavEncoder)
    MX_ADC3_Init                             0x08003dad   Thumb Code    92  adc.o(i.MX_ADC3_Init)
    MX_DMA_Init                              0x08003e11   Thumb Code   120  dma.o(i.MX_DMA_Init)
    MX_FATFS_Init                            0x08003e8d   Thumb Code    18  fatfs.o(i.MX_FATFS_Init)
    MX_GPIO_Init                             0x08003ea9   Thumb Code   194  gpio.o(i.MX_GPIO_Init)
    MX_SDMMC1_SD_Init                        0x08003f79   Thumb Code    24  sdmmc.o(i.MX_SDMMC1_SD_Init)
    MX_TIM1_Init                             0x08003f99   Thumb Code   102  tim.o(i.MX_TIM1_Init)
    MX_UART7_Init                            0x08004009   Thumb Code    52  usart.o(i.MX_UART7_Init)
    MemManage_Handler                        0x08004045   Thumb Code     2  stm32f7xx_it.o(i.MemManage_Handler)
    NMI_Handler                              0x08004047   Thumb Code     2  stm32f7xx_it.o(i.NMI_Handler)
    PendSV_Handler                           0x08004049   Thumb Code     2  stm32f7xx_it.o(i.PendSV_Handler)
    ProcessWavHeader                         0x0800404b   Thumb Code   192  wav.o(i.ProcessWavHeader)
    SDMMC1_IRQHandler                        0x0800410d   Thumb Code     6  stm32f7xx_it.o(i.SDMMC1_IRQHandler)
    SDMMC_CmdAppCommand                      0x08004119   Thumb Code    50  stm32f7xx_ll_sdmmc.o(i.SDMMC_CmdAppCommand)
    SDMMC_CmdAppOperCommand                  0x0800414d   Thumb Code    48  stm32f7xx_ll_sdmmc.o(i.SDMMC_CmdAppOperCommand)
    SDMMC_CmdBlockLength                     0x08004181   Thumb Code    50  stm32f7xx_ll_sdmmc.o(i.SDMMC_CmdBlockLength)
    SDMMC_CmdBusWidth                        0x080041b3   Thumb Code    50  stm32f7xx_ll_sdmmc.o(i.SDMMC_CmdBusWidth)
    SDMMC_CmdGoIdleState                     0x080041e5   Thumb Code    76  stm32f7xx_ll_sdmmc.o(i.SDMMC_CmdGoIdleState)
    SDMMC_CmdOperCond                        0x08004235   Thumb Code    94  stm32f7xx_ll_sdmmc.o(i.SDMMC_CmdOperCond)
    SDMMC_CmdReadMultiBlock                  0x08004299   Thumb Code    50  stm32f7xx_ll_sdmmc.o(i.SDMMC_CmdReadMultiBlock)
    SDMMC_CmdReadSingleBlock                 0x080042cb   Thumb Code    50  stm32f7xx_ll_sdmmc.o(i.SDMMC_CmdReadSingleBlock)
    SDMMC_CmdSelDesel                        0x080042fd   Thumb Code    48  stm32f7xx_ll_sdmmc.o(i.SDMMC_CmdSelDesel)
    SDMMC_CmdSendCID                         0x0800432d   Thumb Code    42  stm32f7xx_ll_sdmmc.o(i.SDMMC_CmdSendCID)
    SDMMC_CmdSendCSD                         0x08004357   Thumb Code    46  stm32f7xx_ll_sdmmc.o(i.SDMMC_CmdSendCSD)
    SDMMC_CmdSendSCR                         0x08004385   Thumb Code    48  stm32f7xx_ll_sdmmc.o(i.SDMMC_CmdSendSCR)
    SDMMC_CmdSendStatus                      0x080043b5   Thumb Code    50  stm32f7xx_ll_sdmmc.o(i.SDMMC_CmdSendStatus)
    SDMMC_CmdSetRelAdd                       0x080043e7   Thumb Code    48  stm32f7xx_ll_sdmmc.o(i.SDMMC_CmdSetRelAdd)
    SDMMC_CmdStopTransfer                    0x08004419   Thumb Code    46  stm32f7xx_ll_sdmmc.o(i.SDMMC_CmdStopTransfer)
    SDMMC_CmdWriteMultiBlock                 0x0800444d   Thumb Code    50  stm32f7xx_ll_sdmmc.o(i.SDMMC_CmdWriteMultiBlock)
    SDMMC_CmdWriteSingleBlock                0x0800447f   Thumb Code    50  stm32f7xx_ll_sdmmc.o(i.SDMMC_CmdWriteSingleBlock)
    SDMMC_ConfigData                         0x080044b1   Thumb Code    38  stm32f7xx_ll_sdmmc.o(i.SDMMC_ConfigData)
    SDMMC_GetPowerState                      0x08004709   Thumb Code     8  stm32f7xx_ll_sdmmc.o(i.SDMMC_GetPowerState)
    SDMMC_GetResponse                        0x08004711   Thumb Code    12  stm32f7xx_ll_sdmmc.o(i.SDMMC_GetResponse)
    SDMMC_Init                               0x0800471d   Thumb Code    34  stm32f7xx_ll_sdmmc.o(i.SDMMC_Init)
    SDMMC_PowerState_ON                      0x0800473f   Thumb Code     8  stm32f7xx_ll_sdmmc.o(i.SDMMC_PowerState_ON)
    SDMMC_ReadFIFO                           0x08004747   Thumb Code     6  stm32f7xx_ll_sdmmc.o(i.SDMMC_ReadFIFO)
    SDMMC_SendCommand                        0x0800474d   Thumb Code    34  stm32f7xx_ll_sdmmc.o(i.SDMMC_SendCommand)
    SDMMC_WriteFIFO                          0x0800476f   Thumb Code    10  stm32f7xx_ll_sdmmc.o(i.SDMMC_WriteFIFO)
    SD_Mount                                 0x08004a91   Thumb Code    68  main.o(i.SD_Mount)
    SD_Write                                 0x08004c3d   Thumb Code   140  main.o(i.SD_Write)
    SD_initialize                            0x08004cdd   Thumb Code    28  sd_diskio.o(i.SD_initialize)
    SD_ioctl                                 0x08004cfd   Thumb Code    84  sd_diskio.o(i.SD_ioctl)
    SD_read                                  0x08004d55   Thumb Code    22  sd_diskio.o(i.SD_read)
    SD_status                                0x08004d6b   Thumb Code     4  sd_diskio.o(i.SD_status)
    SD_write                                 0x08004d6f   Thumb Code    22  sd_diskio.o(i.SD_write)
    SVC_Handler                              0x08004d85   Thumb Code     2  stm32f7xx_it.o(i.SVC_Handler)
    SysTick_Handler                          0x08004d87   Thumb Code     4  stm32f7xx_it.o(i.SysTick_Handler)
    SystemClock_Config                       0x08004d8d   Thumb Code   150  main.o(i.SystemClock_Config)
    SystemInit                               0x08004e31   Thumb Code    68  system_stm32f7xx.o(i.SystemInit)
    TIM1_BRK_TIM9_IRQHandler                 0x08004e85   Thumb Code     6  stm32f7xx_it.o(i.TIM1_BRK_TIM9_IRQHandler)
    TIM1_TRG_COM_TIM11_IRQHandler            0x08004e91   Thumb Code     6  stm32f7xx_it.o(i.TIM1_TRG_COM_TIM11_IRQHandler)
    TIM1_UP_TIM10_IRQHandler                 0x08004e9d   Thumb Code     6  stm32f7xx_it.o(i.TIM1_UP_TIM10_IRQHandler)
    TIM_Base_SetConfig                       0x08004ea9   Thumb Code   158  stm32f7xx_hal_tim.o(i.TIM_Base_SetConfig)
    TIM_ETR_SetConfig                        0x08004f75   Thumb Code    18  stm32f7xx_hal_tim.o(i.TIM_ETR_SetConfig)
    UART7_IRQHandler                         0x08004fdd   Thumb Code     6  stm32f7xx_it.o(i.UART7_IRQHandler)
    UART_AdvFeatureConfig                    0x08004fe9   Thumb Code   200  stm32f7xx_hal_uart.o(i.UART_AdvFeatureConfig)
    UART_CheckIdleState                      0x080050b1   Thumb Code    60  stm32f7xx_hal_uart.o(i.UART_CheckIdleState)
    UART_Receive                             0x080051f5   Thumb Code    44  main.o(i.UART_Receive)
    UART_SetConfig                           0x08005229   Thumb Code   546  stm32f7xx_hal_uart.o(i.UART_SetConfig)
    UART_Transmit                            0x0800547d   Thumb Code    58  main.o(i.UART_Transmit)
    UART_WaitOnFlagUntilTimeout              0x080054c5   Thumb Code    96  stm32f7xx_hal_uart.o(i.UART_WaitOnFlagUntilTimeout)
    UsageFault_Handler                       0x08005525   Thumb Code     2  stm32f7xx_it.o(i.UsageFault_Handler)
    WavHeaderUpdate                          0x08005527   Thumb Code    48  wav.o(i.WavHeaderUpdate)
    __hardfp_sqrtf                           0x08005579   Thumb Code    58  sqrtf.o(i.__hardfp_sqrtf)
    __scatterload_copy                       0x080055b3   Thumb Code    14  handlers.o(i.__scatterload_copy)
    __scatterload_null                       0x080055c1   Thumb Code     2  handlers.o(i.__scatterload_null)
    __scatterload_zeroinit                   0x080055c3   Thumb Code    14  handlers.o(i.__scatterload_zeroinit)
    __set_errno                              0x080055d1   Thumb Code     6  errno.o(i.__set_errno)
    disk_initialize                          0x08005ae1   Thumb Code    34  diskio.o(i.disk_initialize)
    disk_ioctl                               0x08005b09   Thumb Code    20  diskio.o(i.disk_ioctl)
    disk_read                                0x08005b21   Thumb Code    22  diskio.o(i.disk_read)
    disk_status                              0x08005b3d   Thumb Code    16  diskio.o(i.disk_status)
    disk_write                               0x08005b51   Thumb Code    22  diskio.o(i.disk_write)
    f_close                                  0x08005b6d   Thumb Code    40  ff.o(i.f_close)
    f_lseek                                  0x08005b95   Thumb Code   538  ff.o(i.f_lseek)
    f_mount                                  0x08005db1   Thumb Code    84  ff.o(i.f_mount)
    f_open                                   0x08005e09   Thumb Code   522  ff.o(i.f_open)
    f_sync                                   0x08006019   Thumb Code   142  ff.o(i.f_sync)
    f_write                                  0x080060a7   Thumb Code   396  ff.o(i.f_write)
    get_fattime                              0x080065bf   Thumb Code     4  fatfs.o(i.get_fattime)
    main                                     0x080066c9   Thumb Code   190  main.o(i.main)
    SD_Driver                                0x08006aa0   Data          20  sd_diskio.o(.constdata)
    AHBPrescTable                            0x08006abc   Data          16  system_stm32f7xx.o(.constdata)
    APBPrescTable                            0x08006acc   Data           8  system_stm32f7xx.o(.constdata)
    armBitRevIndexTable1024                  0x08006b70   Data        3600  arm_common_tables.o(.rodata.armBitRevIndexTable1024)
    arm_cfft_sR_f32_len1024                  0x08007980   Data          16  arm_const_structs.o(.rodata.arm_cfft_sR_f32_len1024)
    twiddleCoef_1024                         0x08007990   Data        8192  arm_common_tables.o(.rodata.twiddleCoef_1024)
    Region$$Table$$Base                      0x08009990   Number         0  anon$$obj.o(Region$$Table)
    Region$$Table$$Limit                     0x080099b0   Number         0  anon$$obj.o(Region$$Table)
    wav_write_result                         0x20000000   Data           1  main.o(.data)
    bytes_written                            0x20000004   Data           4  main.o(.data)
    hann_flag                                0x20000008   Data           4  main.o(.data)
    fft_flag                                 0x2000000c   Data           4  main.o(.data)
    maxIndex                                 0x20000010   Data           4  main.o(.data)
    maxValue                                 0x20000014   Data           4  main.o(.data)
    sd_tx_flag                               0x20000018   Data           4  main.o(.data)
    uart_tx_flag                             0x2000001c   Data           4  main.o(.data)
    uart_ready_flag                          0x20000020   Data           4  main.o(.data)
    adc_conv_counter                         0x20000024   Data           4  main.o(.data)
    start_ms                                 0x20000028   Data           4  main.o(.data)
    ms_record                                0x2000002c   Data           4  main.o(.data)
    i                                        0x20000030   Data           4  main.o(.data)
    k                                        0x20000034   Data           4  main.o(.data)
    file_size                                0x20000038   Data           4  main.o(.data)
    record_time                              0x2000003c   Data           4  main.o(.data)
    ms_now                                   0x20000040   Data           4  main.o(.data)
    ms_elapsed                               0x20000044   Data           4  main.o(.data)
    uart_rx_buffer                           0x20000048   Data           6  main.o(.data)
    retSD                                    0x2000004f   Data           1  fatfs.o(.data)
    SDPath                                   0x20000050   Data           4  fatfs.o(.data)
    uwTickFreq                               0x20000054   Data           1  stm32f7xx_hal.o(.data)
    uwTickPrio                               0x20000058   Data           4  stm32f7xx_hal.o(.data)
    uwTick                                   0x2000005c   Data           4  stm32f7xx_hal.o(.data)
    SystemCoreClock                          0x20000060   Data           4  system_stm32f7xx.o(.data)
    wavFile                                  0x20000070   Data         560  main.o(.bss)
    wavHeaderBuff                            0x200002a0   Data          44  main.o(.bss)
    WaveFormat                               0x200002cc   Data          44  main.o(.bss)
    adc_values                               0x200002f8   Data        4096  main.o(.bss)
    aFFT_Input_f32                           0x200012f8   Data        8192  main.o(.bss)
    aFFT_Output_f32                          0x200032f8   Data        4096  main.o(.bss)
    uart_tx_buffer                           0x200042f8   Data        2052  main.o(.bss)
    FatFSInstance                            0x20004afc   Data         560  main.o(.bss)
    hadc3                                    0x20004d2c   Data          72  adc.o(.bss)
    hdma_adc3                                0x20004d74   Data          96  adc.o(.bss)
    hsd1                                     0x20004dd4   Data         132  sdmmc.o(.bss)
    hdma_sdmmc1_rx                           0x20004e58   Data          96  sdmmc.o(.bss)
    hdma_sdmmc1_tx                           0x20004eb8   Data          96  sdmmc.o(.bss)
    htim1                                    0x20004f18   Data          64  tim.o(.bss)
    huart7                                   0x20004f58   Data         128  usart.o(.bss)
    hdma_uart7_rx                            0x20004fd8   Data          96  usart.o(.bss)
    hdma_uart7_tx                            0x20005038   Data          96  usart.o(.bss)
    disk                                     0x200050b8   Data          12  ff_gen_drv.o(.bss)
    __initial_sp                             0x200090c8   Data           0  startup_stm32f746xx.o(STACK)



==============================================================================

Memory Map of the image

  Image Entry point : 0x080001c9

  Load Region LR_IROM1 (Base: 0x08000000, Size: 0x00009a20, Max: 0x00100000, ABSOLUTE)

    Execution Region ER_IROM1 (Exec base: 0x08000000, Load base: 0x08000000, Size: 0x000099b0, Max: 0x00100000, ABSOLUTE)

    Exec Addr    Load Addr    Size         Type   Attr      Idx    E Section Name        Object

    0x08000000   0x08000000   0x000001c8   Data   RO            3    RESET               startup_stm32f746xx.o
    0x080001c8   0x080001c8   0x00000000   Code   RO         5481  * .ARM.Collect$$$$00000000  mc_w.l(entry.o)
    0x080001c8   0x080001c8   0x00000004   Code   RO         5492    .ARM.Collect$$$$00000001  mc_w.l(entry2.o)
    0x080001cc   0x080001cc   0x00000004   Code   RO         5495    .ARM.Collect$$$$00000004  mc_w.l(entry5.o)
    0x080001d0   0x080001d0   0x00000000   Code   RO         5497    .ARM.Collect$$$$00000008  mc_w.l(entry7b.o)
    0x080001d0   0x080001d0   0x00000000   Code   RO         5499    .ARM.Collect$$$$0000000A  mc_w.l(entry8b.o)
    0x080001d0   0x080001d0   0x00000008   Code   RO         5500    .ARM.Collect$$$$0000000B  mc_w.l(entry9a.o)
    0x080001d8   0x080001d8   0x00000000   Code   RO         5502    .ARM.Collect$$$$0000000D  mc_w.l(entry10a.o)
    0x080001d8   0x080001d8   0x00000000   Code   RO         5504    .ARM.Collect$$$$0000000F  mc_w.l(entry11a.o)
    0x080001d8   0x080001d8   0x00000004   Code   RO         5493    .ARM.Collect$$$$00002712  mc_w.l(entry2.o)
    0x080001dc   0x080001dc   0x00000024   Code   RO            4    .text               startup_stm32f746xx.o
    0x08000200   0x08000200   0x00000062   Code   RO         5484    .text               mc_w.l(uldiv.o)
    0x08000262   0x08000262   0x00000024   Code   RO         5486    .text               mc_w.l(memcpya.o)
    0x08000286   0x08000286   0x00000024   Code   RO         5488    .text               mc_w.l(memseta.o)
    0x080002aa   0x080002aa   0x0000001e   Code   RO         5506    .text               mc_w.l(llshl.o)
    0x080002c8   0x080002c8   0x00000020   Code   RO         5508    .text               mc_w.l(llushr.o)
    0x080002e8   0x080002e8   0x00000000   Code   RO         5517    .text               mc_w.l(iusefp.o)
    0x080002e8   0x080002e8   0x00000024   Code   RO         5518    .text               mc_w.l(init.o)
    0x0800030c   0x0800030c   0x0000004c   Code   RO         5352    .text.arm_bitreversal_32  arm_cortexM7lfsp_math.lib(arm_bitreversal2.o)
    0x08000358   0x08000358   0x000000dc   Code   RO         5272    .text.arm_cfft_f32  arm_cortexM7lfsp_math.lib(arm_cfft_f32.o)
    0x08000434   0x08000434   0x0000017e   Code   RO         5268    .text.arm_cfft_radix8by2_f32  arm_cortexM7lfsp_math.lib(arm_cfft_f32.o)
    0x080005b2   0x080005b2   0x00000002   PAD
    0x080005b4   0x080005b4   0x000003dc   Code   RO         5270    .text.arm_cfft_radix8by4_f32  arm_cortexM7lfsp_math.lib(arm_cfft_f32.o)
    0x08000990   0x08000990   0x00000138   Code   RO         5257    .text.arm_cmplx_mag_f32  arm_cortexM7lfsp_math.lib(arm_cmplx_mag_f32.o)
    0x08000ac8   0x08000ac8   0x000000c6   Code   RO         5283    .text.arm_max_f32   arm_cortexM7lfsp_math.lib(arm_max_f32.o)
    0x08000b8e   0x08000b8e   0x00000002   PAD
    0x08000b90   0x08000b90   0x00000524   Code   RO         5365    .text.arm_radix8_butterfly_f32  arm_cortexM7lfsp_math.lib(arm_cfft_radix8_f32.o)
    0x080010b4   0x080010b4   0x0000006e   Code   RO          985    i.ADC_DMAConvCplt   stm32f7xx_hal_adc.o
    0x08001122   0x08001122   0x00000016   Code   RO          986    i.ADC_DMAError      stm32f7xx_hal_adc.o
    0x08001138   0x08001138   0x0000000a   Code   RO          987    i.ADC_DMAHalfConvCplt  stm32f7xx_hal_adc.o
    0x08001142   0x08001142   0x00000002   PAD
    0x08001144   0x08001144   0x0000000c   Code   RO          783    i.ADC_IRQHandler    stm32f7xx_it.o
    0x08001150   0x08001150   0x00000138   Code   RO          988    i.ADC_Init          stm32f7xx_hal_adc.o
    0x08001288   0x08001288   0x00000014   Code   RO           13    i.ADC_Start         main.o
    0x0800129c   0x0800129c   0x00000002   Code   RO          436    i.BSP_SD_AbortCallback  bsp_driver_sd.o
    0x0800129e   0x0800129e   0x00000002   PAD
    0x080012a0   0x080012a0   0x0000000c   Code   RO          438    i.BSP_SD_GetCardInfo  bsp_driver_sd.o
    0x080012ac   0x080012ac   0x00000018   Code   RO          439    i.BSP_SD_GetCardState  bsp_driver_sd.o
    0x080012c4   0x080012c4   0x00000034   Code   RO          441    i.BSP_SD_Init       bsp_driver_sd.o
    0x080012f8   0x080012f8   0x00000054   Code   RO          444    i.BSP_SD_ReadBlocks_DMA  bsp_driver_sd.o
    0x0800134c   0x0800134c   0x00000002   Code   RO          445    i.BSP_SD_ReadCpltCallback  bsp_driver_sd.o
    0x0800134e   0x0800134e   0x00000002   PAD
    0x08001350   0x08001350   0x00000054   Code   RO          447    i.BSP_SD_WriteBlocks_DMA  bsp_driver_sd.o
    0x080013a4   0x080013a4   0x00000002   Code   RO          448    i.BSP_SD_WriteCpltCallback  bsp_driver_sd.o
    0x080013a6   0x080013a6   0x00000002   Code   RO          784    i.BusFault_Handler  stm32f7xx_it.o
    0x080013a8   0x080013a8   0x0000000c   Code   RO          785    i.DMA1_Stream1_IRQHandler  stm32f7xx_it.o
    0x080013b4   0x080013b4   0x0000000c   Code   RO          786    i.DMA1_Stream3_IRQHandler  stm32f7xx_it.o
    0x080013c0   0x080013c0   0x0000000c   Code   RO          787    i.DMA2_Stream0_IRQHandler  stm32f7xx_it.o
    0x080013cc   0x080013cc   0x0000000c   Code   RO          788    i.DMA2_Stream3_IRQHandler  stm32f7xx_it.o
    0x080013d8   0x080013d8   0x0000000c   Code   RO          789    i.DMA2_Stream6_IRQHandler  stm32f7xx_it.o
    0x080013e4   0x080013e4   0x00000028   Code   RO         3640    i.DMA_CalcBaseAndBitshift  stm32f7xx_hal_dma.o
    0x0800140c   0x0800140c   0x00000054   Code   RO         3641    i.DMA_CheckFifoParam  stm32f7xx_hal_dma.o
    0x08001460   0x08001460   0x00000028   Code   RO         3642    i.DMA_SetConfig     stm32f7xx_hal_dma.o
    0x08001488   0x08001488   0x00000002   Code   RO          790    i.DebugMon_Handler  stm32f7xx_it.o
    0x0800148a   0x0800148a   0x00000002   Code   RO           15    i.Error_Handler     main.o
    0x0800148c   0x0800148c   0x00000006   Code   RO         5185    i.FATFS_LinkDriver  ff_gen_drv.o
    0x08001492   0x08001492   0x00000002   PAD
    0x08001494   0x08001494   0x00000040   Code   RO         5186    i.FATFS_LinkDriverEx  ff_gen_drv.o
    0x080014d4   0x080014d4   0x000000f0   Code   RO           16    i.FFT_Compute       main.o
    0x080015c4   0x080015c4   0x00000002   Code   RO         1159    i.HAL_ADCEx_InjectedConvCpltCallback  stm32f7xx_hal_adc_ex.o
    0x080015c6   0x080015c6   0x00000002   PAD
    0x080015c8   0x080015c8   0x00000164   Code   RO          990    i.HAL_ADC_ConfigChannel  stm32f7xx_hal_adc.o
    0x0800172c   0x0800172c   0x00000024   Code   RO           17    i.HAL_ADC_ConvCpltCallback  main.o
    0x08001750   0x08001750   0x00000006   Code   RO           18    i.HAL_ADC_ConvHalfCpltCallback  main.o
    0x08001756   0x08001756   0x00000002   Code   RO          994    i.HAL_ADC_ErrorCallback  stm32f7xx_hal_adc.o
    0x08001758   0x08001758   0x0000013c   Code   RO          998    i.HAL_ADC_IRQHandler  stm32f7xx_hal_adc.o
    0x08001894   0x08001894   0x00000054   Code   RO          999    i.HAL_ADC_Init      stm32f7xx_hal_adc.o
    0x080018e8   0x080018e8   0x00000002   Code   RO         1000    i.HAL_ADC_LevelOutOfWindowCallback  stm32f7xx_hal_adc.o
    0x080018ea   0x080018ea   0x00000002   PAD
    0x080018ec   0x080018ec   0x000000b8   Code   RO          371    i.HAL_ADC_MspInit   adc.o
    0x080019a4   0x080019a4   0x00000120   Code   RO         1006    i.HAL_ADC_Start_DMA  stm32f7xx_hal_adc.o
    0x08001ac4   0x08001ac4   0x00000058   Code   RO         1009    i.HAL_ADC_Stop_DMA  stm32f7xx_hal_adc.o
    0x08001b1c   0x08001b1c   0x00000092   Code   RO         3643    i.HAL_DMA_Abort     stm32f7xx_hal_dma.o
    0x08001bae   0x08001bae   0x00000024   Code   RO         3644    i.HAL_DMA_Abort_IT  stm32f7xx_hal_dma.o
    0x08001bd2   0x08001bd2   0x00000004   Code   RO         3646    i.HAL_DMA_GetError  stm32f7xx_hal_dma.o
    0x08001bd6   0x08001bd6   0x00000002   PAD
    0x08001bd8   0x08001bd8   0x000001a0   Code   RO         3648    i.HAL_DMA_IRQHandler  stm32f7xx_hal_dma.o
    0x08001d78   0x08001d78   0x000000e4   Code   RO         3649    i.HAL_DMA_Init      stm32f7xx_hal_dma.o
    0x08001e5c   0x08001e5c   0x0000007a   Code   RO         3653    i.HAL_DMA_Start_IT  stm32f7xx_hal_dma.o
    0x08001ed6   0x08001ed6   0x00000002   PAD
    0x08001ed8   0x08001ed8   0x00000024   Code   RO         4010    i.HAL_Delay         stm32f7xx_hal.o
    0x08001efc   0x08001efc   0x000001d8   Code   RO         3577    i.HAL_GPIO_Init     stm32f7xx_hal_gpio.o
    0x080020d4   0x080020d4   0x0000000e   Code   RO         3580    i.HAL_GPIO_TogglePin  stm32f7xx_hal_gpio.o
    0x080020e2   0x080020e2   0x0000000a   Code   RO         3581    i.HAL_GPIO_WritePin  stm32f7xx_hal_gpio.o
    0x080020ec   0x080020ec   0x0000000c   Code   RO         4018    i.HAL_GetTick       stm32f7xx_hal.o
    0x080020f8   0x080020f8   0x00000010   Code   RO         4024    i.HAL_IncTick       stm32f7xx_hal.o
    0x08002108   0x08002108   0x0000002c   Code   RO         4025    i.HAL_Init          stm32f7xx_hal.o
    0x08002134   0x08002134   0x00000040   Code   RO         4026    i.HAL_InitTick      stm32f7xx_hal.o
    0x08002174   0x08002174   0x00000030   Code   RO          925    i.HAL_MspInit       stm32f7xx_hal_msp.o
    0x080021a4   0x080021a4   0x0000001a   Code   RO         1265    i.HAL_NVIC_EnableIRQ  stm32f7xx_hal_cortex.o
    0x080021be   0x080021be   0x00000002   PAD
    0x080021c0   0x080021c0   0x00000040   Code   RO         1271    i.HAL_NVIC_SetPriority  stm32f7xx_hal_cortex.o
    0x08002200   0x08002200   0x00000024   Code   RO         1272    i.HAL_NVIC_SetPriorityGrouping  stm32f7xx_hal_cortex.o
    0x08002224   0x08002224   0x0000006c   Code   RO         3917    i.HAL_PWREx_EnableOverDrive  stm32f7xx_hal_pwr_ex.o
    0x08002290   0x08002290   0x000004fc   Code   RO         3338    i.HAL_RCCEx_PeriphCLKConfig  stm32f7xx_hal_rcc_ex.o
    0x0800278c   0x0800278c   0x0000012c   Code   RO         3231    i.HAL_RCC_ClockConfig  stm32f7xx_hal_rcc.o
    0x080028b8   0x080028b8   0x00000020   Code   RO         3238    i.HAL_RCC_GetPCLK1Freq  stm32f7xx_hal_rcc.o
    0x080028d8   0x080028d8   0x00000020   Code   RO         3239    i.HAL_RCC_GetPCLK2Freq  stm32f7xx_hal_rcc.o
    0x080028f8   0x080028f8   0x00000064   Code   RO         3240    i.HAL_RCC_GetSysClockFreq  stm32f7xx_hal_rcc.o
    0x0800295c   0x0800295c   0x00000338   Code   RO         3243    i.HAL_RCC_OscConfig  stm32f7xx_hal_rcc.o
    0x08002c94   0x08002c94   0x00000008   Code   RO          449    i.HAL_SD_AbortCallback  bsp_driver_sd.o
    0x08002c9c   0x08002c9c   0x00000078   Code   RO         1662    i.HAL_SD_ConfigWideBusOperation  stm32f7xx_hal_sd.o
    0x08002d14   0x08002d14   0x00000002   Code   RO         1665    i.HAL_SD_ErrorCallback  stm32f7xx_hal_sd.o
    0x08002d16   0x08002d16   0x000001fa   Code   RO         1667    i.HAL_SD_GetCardCSD  stm32f7xx_hal_sd.o
    0x08002f10   0x08002f10   0x00000024   Code   RO         1668    i.HAL_SD_GetCardInfo  stm32f7xx_hal_sd.o
    0x08002f34   0x08002f34   0x0000002c   Code   RO         1669    i.HAL_SD_GetCardState  stm32f7xx_hal_sd.o
    0x08002f60   0x08002f60   0x00000006   Code   RO         1672    i.HAL_SD_GetState   stm32f7xx_hal_sd.o
    0x08002f66   0x08002f66   0x00000002   PAD
    0x08002f68   0x08002f68   0x000001a8   Code   RO         1673    i.HAL_SD_IRQHandler  stm32f7xx_hal_sd.o
    0x08003110   0x08003110   0x00000036   Code   RO         1674    i.HAL_SD_Init       stm32f7xx_hal_sd.o
    0x08003146   0x08003146   0x0000005c   Code   RO         1675    i.HAL_SD_InitCard   stm32f7xx_hal_sd.o
    0x080031a2   0x080031a2   0x00000002   PAD
    0x080031a4   0x080031a4   0x00000170   Code   RO          658    i.HAL_SD_MspInit    sdmmc.o
    0x08003314   0x08003314   0x000000f4   Code   RO         1679    i.HAL_SD_ReadBlocks_DMA  stm32f7xx_hal_sd.o
    0x08003408   0x08003408   0x00000008   Code   RO          450    i.HAL_SD_RxCpltCallback  bsp_driver_sd.o
    0x08003410   0x08003410   0x00000008   Code   RO          451    i.HAL_SD_TxCpltCallback  bsp_driver_sd.o
    0x08003418   0x08003418   0x000000f8   Code   RO         1684    i.HAL_SD_WriteBlocks_DMA  stm32f7xx_hal_sd.o
    0x08003510   0x08003510   0x00000026   Code   RO         1276    i.HAL_SYSTICK_Config  stm32f7xx_hal_cortex.o
    0x08003536   0x08003536   0x00000002   Code   RO         2581    i.HAL_TIMEx_Break2Callback  stm32f7xx_hal_tim_ex.o
    0x08003538   0x08003538   0x00000002   Code   RO         2582    i.HAL_TIMEx_BreakCallback  stm32f7xx_hal_tim_ex.o
    0x0800353a   0x0800353a   0x00000002   Code   RO         2583    i.HAL_TIMEx_CommutCallback  stm32f7xx_hal_tim_ex.o
    0x0800353c   0x0800353c   0x00000060   Code   RO         2601    i.HAL_TIMEx_MasterConfigSynchronization  stm32f7xx_hal_tim_ex.o
    0x0800359c   0x0800359c   0x00000036   Code   RO         1896    i.HAL_TIM_Base_Init  stm32f7xx_hal_tim.o
    0x080035d2   0x080035d2   0x00000002   PAD
    0x080035d4   0x080035d4   0x0000005c   Code   RO          700    i.HAL_TIM_Base_MspInit  tim.o
    0x08003630   0x08003630   0x0000002c   Code   RO         1901    i.HAL_TIM_Base_Start_IT  stm32f7xx_hal_tim.o
    0x0800365c   0x0800365c   0x000000dc   Code   RO         1905    i.HAL_TIM_ConfigClockSource  stm32f7xx_hal_tim.o
    0x08003738   0x08003738   0x00000002   Code   RO         1925    i.HAL_TIM_IC_CaptureCallback  stm32f7xx_hal_tim.o
    0x0800373a   0x0800373a   0x00000182   Code   RO         1939    i.HAL_TIM_IRQHandler  stm32f7xx_hal_tim.o
    0x080038bc   0x080038bc   0x00000002   Code   RO         1942    i.HAL_TIM_OC_DelayElapsedCallback  stm32f7xx_hal_tim.o
    0x080038be   0x080038be   0x00000002   Code   RO         1969    i.HAL_TIM_PWM_PulseFinishedCallback  stm32f7xx_hal_tim.o
    0x080038c0   0x080038c0   0x00000002   Code   RO         1977    i.HAL_TIM_PeriodElapsedCallback  stm32f7xx_hal_tim.o
    0x080038c2   0x080038c2   0x00000002   Code   RO         1982    i.HAL_TIM_TriggerCallback  stm32f7xx_hal_tim.o
    0x080038c4   0x080038c4   0x00000070   Code   RO         2864    i.HAL_UART_DMAStop  stm32f7xx_hal_uart.o
    0x08003934   0x08003934   0x00000002   Code   RO         2866    i.HAL_UART_ErrorCallback  stm32f7xx_hal_uart.o
    0x08003936   0x08003936   0x00000002   PAD
    0x08003938   0x08003938   0x00000128   Code   RO         2869    i.HAL_UART_IRQHandler  stm32f7xx_hal_uart.o
    0x08003a60   0x08003a60   0x00000066   Code   RO         2870    i.HAL_UART_Init     stm32f7xx_hal_uart.o
    0x08003ac6   0x08003ac6   0x00000002   PAD
    0x08003ac8   0x08003ac8   0x000000e8   Code   RO          742    i.HAL_UART_MspInit  usart.o
    0x08003bb0   0x08003bb0   0x0000009c   Code   RO         2874    i.HAL_UART_Receive_DMA  stm32f7xx_hal_uart.o
    0x08003c4c   0x08003c4c   0x0000006c   Code   RO           19    i.HAL_UART_RxCpltCallback  main.o
    0x08003cb8   0x08003cb8   0x00000002   Code   RO         2877    i.HAL_UART_RxHalfCpltCallback  stm32f7xx_hal_uart.o
    0x08003cba   0x08003cba   0x00000002   PAD
    0x08003cbc   0x08003cbc   0x00000094   Code   RO         2879    i.HAL_UART_Transmit_DMA  stm32f7xx_hal_uart.o
    0x08003d50   0x08003d50   0x00000028   Code   RO           20    i.HAL_UART_TxCpltCallback  main.o
    0x08003d78   0x08003d78   0x00000002   Code   RO         2882    i.HAL_UART_TxHalfCpltCallback  stm32f7xx_hal_uart.o
    0x08003d7a   0x08003d7a   0x00000002   Code   RO          791    i.HardFault_Handler  stm32f7xx_it.o
    0x08003d7c   0x08003d7c   0x00000030   Code   RO          949    i.InitialiseWavEncoder  wav.o
    0x08003dac   0x08003dac   0x00000064   Code   RO          372    i.MX_ADC3_Init      adc.o
    0x08003e10   0x08003e10   0x0000007c   Code   RO          412    i.MX_DMA_Init       dma.o
    0x08003e8c   0x08003e8c   0x0000001c   Code   RO          619    i.MX_FATFS_Init     fatfs.o
    0x08003ea8   0x08003ea8   0x000000d0   Code   RO          336    i.MX_GPIO_Init      gpio.o
    0x08003f78   0x08003f78   0x00000020   Code   RO          659    i.MX_SDMMC1_SD_Init  sdmmc.o
    0x08003f98   0x08003f98   0x00000070   Code   RO          701    i.MX_TIM1_Init      tim.o
    0x08004008   0x08004008   0x0000003c   Code   RO          743    i.MX_UART7_Init     usart.o
    0x08004044   0x08004044   0x00000002   Code   RO          792    i.MemManage_Handler  stm32f7xx_it.o
    0x08004046   0x08004046   0x00000002   Code   RO          793    i.NMI_Handler       stm32f7xx_it.o
    0x08004048   0x08004048   0x00000002   Code   RO          794    i.PendSV_Handler    stm32f7xx_it.o
    0x0800404a   0x0800404a   0x000000c0   Code   RO          950    i.ProcessWavHeader  wav.o
    0x0800410a   0x0800410a   0x00000002   PAD
    0x0800410c   0x0800410c   0x0000000c   Code   RO          795    i.SDMMC1_IRQHandler  stm32f7xx_it.o
    0x08004118   0x08004118   0x00000032   Code   RO         1395    i.SDMMC_CmdAppCommand  stm32f7xx_ll_sdmmc.o
    0x0800414a   0x0800414a   0x00000002   PAD
    0x0800414c   0x0800414c   0x00000034   Code   RO         1396    i.SDMMC_CmdAppOperCommand  stm32f7xx_ll_sdmmc.o
    0x08004180   0x08004180   0x00000032   Code   RO         1397    i.SDMMC_CmdBlockLength  stm32f7xx_ll_sdmmc.o
    0x080041b2   0x080041b2   0x00000032   Code   RO         1398    i.SDMMC_CmdBusWidth  stm32f7xx_ll_sdmmc.o
    0x080041e4   0x080041e4   0x00000050   Code   RO         1402    i.SDMMC_CmdGoIdleState  stm32f7xx_ll_sdmmc.o
    0x08004234   0x08004234   0x00000064   Code   RO         1404    i.SDMMC_CmdOperCond  stm32f7xx_ll_sdmmc.o
    0x08004298   0x08004298   0x00000032   Code   RO         1405    i.SDMMC_CmdReadMultiBlock  stm32f7xx_ll_sdmmc.o
    0x080042ca   0x080042ca   0x00000032   Code   RO         1406    i.SDMMC_CmdReadSingleBlock  stm32f7xx_ll_sdmmc.o
    0x080042fc   0x080042fc   0x00000030   Code   RO         1409    i.SDMMC_CmdSelDesel  stm32f7xx_ll_sdmmc.o
    0x0800432c   0x0800432c   0x0000002a   Code   RO         1410    i.SDMMC_CmdSendCID  stm32f7xx_ll_sdmmc.o
    0x08004356   0x08004356   0x0000002e   Code   RO         1411    i.SDMMC_CmdSendCSD  stm32f7xx_ll_sdmmc.o
    0x08004384   0x08004384   0x00000030   Code   RO         1412    i.SDMMC_CmdSendSCR  stm32f7xx_ll_sdmmc.o
    0x080043b4   0x080043b4   0x00000032   Code   RO         1413    i.SDMMC_CmdSendStatus  stm32f7xx_ll_sdmmc.o
    0x080043e6   0x080043e6   0x00000030   Code   RO         1414    i.SDMMC_CmdSetRelAdd  stm32f7xx_ll_sdmmc.o
    0x08004416   0x08004416   0x00000002   PAD
    0x08004418   0x08004418   0x00000034   Code   RO         1416    i.SDMMC_CmdStopTransfer  stm32f7xx_ll_sdmmc.o
    0x0800444c   0x0800444c   0x00000032   Code   RO         1418    i.SDMMC_CmdWriteMultiBlock  stm32f7xx_ll_sdmmc.o
    0x0800447e   0x0800447e   0x00000032   Code   RO         1419    i.SDMMC_CmdWriteSingleBlock  stm32f7xx_ll_sdmmc.o
    0x080044b0   0x080044b0   0x00000026   Code   RO         1420    i.SDMMC_ConfigData  stm32f7xx_ll_sdmmc.o
    0x080044d6   0x080044d6   0x00000002   PAD
    0x080044d8   0x080044d8   0x0000011c   Code   RO         1421    i.SDMMC_GetCmdResp1  stm32f7xx_ll_sdmmc.o
    0x080045f4   0x080045f4   0x00000050   Code   RO         1422    i.SDMMC_GetCmdResp2  stm32f7xx_ll_sdmmc.o
    0x08004644   0x08004644   0x00000040   Code   RO         1423    i.SDMMC_GetCmdResp3  stm32f7xx_ll_sdmmc.o
    0x08004684   0x08004684   0x00000084   Code   RO         1424    i.SDMMC_GetCmdResp6  stm32f7xx_ll_sdmmc.o
    0x08004708   0x08004708   0x00000008   Code   RO         1428    i.SDMMC_GetPowerState  stm32f7xx_ll_sdmmc.o
    0x08004710   0x08004710   0x0000000c   Code   RO         1429    i.SDMMC_GetResponse  stm32f7xx_ll_sdmmc.o
    0x0800471c   0x0800471c   0x00000022   Code   RO         1430    i.SDMMC_Init        stm32f7xx_ll_sdmmc.o
    0x0800473e   0x0800473e   0x00000008   Code   RO         1432    i.SDMMC_PowerState_ON  stm32f7xx_ll_sdmmc.o
    0x08004746   0x08004746   0x00000006   Code   RO         1433    i.SDMMC_ReadFIFO    stm32f7xx_ll_sdmmc.o
    0x0800474c   0x0800474c   0x00000022   Code   RO         1434    i.SDMMC_SendCommand  stm32f7xx_ll_sdmmc.o
    0x0800476e   0x0800476e   0x0000000a   Code   RO         1436    i.SDMMC_WriteFIFO   stm32f7xx_ll_sdmmc.o
    0x08004778   0x08004778   0x00000020   Code   RO          553    i.SD_CheckStatus    sd_diskio.o
    0x08004798   0x08004798   0x0000005e   Code   RO         1686    i.SD_DMAError       stm32f7xx_hal_sd.o
    0x080047f6   0x080047f6   0x0000003e   Code   RO         1687    i.SD_DMAReceiveCplt  stm32f7xx_hal_sd.o
    0x08004834   0x08004834   0x00000048   Code   RO         1688    i.SD_DMARxAbort     stm32f7xx_hal_sd.o
    0x0800487c   0x0800487c   0x0000000e   Code   RO         1689    i.SD_DMATransmitCplt  stm32f7xx_hal_sd.o
    0x0800488a   0x0800488a   0x00000048   Code   RO         1690    i.SD_DMATxAbort     stm32f7xx_hal_sd.o
    0x080048d2   0x080048d2   0x000000d6   Code   RO         1691    i.SD_FindSCR        stm32f7xx_hal_sd.o
    0x080049a8   0x080049a8   0x000000e6   Code   RO         1692    i.SD_InitCard       stm32f7xx_hal_sd.o
    0x08004a8e   0x08004a8e   0x00000002   PAD
    0x08004a90   0x08004a90   0x00000068   Code   RO           21    i.SD_Mount          main.o
    0x08004af8   0x08004af8   0x000000a6   Code   RO         1693    i.SD_PowerON        stm32f7xx_hal_sd.o
    0x08004b9e   0x08004b9e   0x0000004e   Code   RO         1695    i.SD_WideBus_Disable  stm32f7xx_hal_sd.o
    0x08004bec   0x08004bec   0x0000004e   Code   RO         1696    i.SD_WideBus_Enable  stm32f7xx_hal_sd.o
    0x08004c3a   0x08004c3a   0x00000002   PAD
    0x08004c3c   0x08004c3c   0x000000a0   Code   RO           22    i.SD_Write          main.o
    0x08004cdc   0x08004cdc   0x00000020   Code   RO          554    i.SD_initialize     sd_diskio.o
    0x08004cfc   0x08004cfc   0x00000058   Code   RO          555    i.SD_ioctl          sd_diskio.o
    0x08004d54   0x08004d54   0x00000016   Code   RO          556    i.SD_read           sd_diskio.o
    0x08004d6a   0x08004d6a   0x00000004   Code   RO          557    i.SD_status         sd_diskio.o
    0x08004d6e   0x08004d6e   0x00000016   Code   RO          558    i.SD_write          sd_diskio.o
    0x08004d84   0x08004d84   0x00000002   Code   RO          796    i.SVC_Handler       stm32f7xx_it.o
    0x08004d86   0x08004d86   0x00000004   Code   RO          797    i.SysTick_Handler   stm32f7xx_it.o
    0x08004d8a   0x08004d8a   0x00000002   PAD
    0x08004d8c   0x08004d8c   0x000000a4   Code   RO           23    i.SystemClock_Config  main.o
    0x08004e30   0x08004e30   0x00000054   Code   RO         4761    i.SystemInit        system_stm32f7xx.o
    0x08004e84   0x08004e84   0x0000000c   Code   RO          798    i.TIM1_BRK_TIM9_IRQHandler  stm32f7xx_it.o
    0x08004e90   0x08004e90   0x0000000c   Code   RO          799    i.TIM1_TRG_COM_TIM11_IRQHandler  stm32f7xx_it.o
    0x08004e9c   0x08004e9c   0x0000000c   Code   RO          800    i.TIM1_UP_TIM10_IRQHandler  stm32f7xx_it.o
    0x08004ea8   0x08004ea8   0x000000cc   Code   RO         1984    i.TIM_Base_SetConfig  stm32f7xx_hal_tim.o
    0x08004f74   0x08004f74   0x00000012   Code   RO         1995    i.TIM_ETR_SetConfig  stm32f7xx_hal_tim.o
    0x08004f86   0x08004f86   0x00000010   Code   RO         1996    i.TIM_ITRx_SetConfig  stm32f7xx_hal_tim.o
    0x08004f96   0x08004f96   0x00000022   Code   RO         2004    i.TIM_TI1_ConfigInputStage  stm32f7xx_hal_tim.o
    0x08004fb8   0x08004fb8   0x00000024   Code   RO         2006    i.TIM_TI2_ConfigInputStage  stm32f7xx_hal_tim.o
    0x08004fdc   0x08004fdc   0x0000000c   Code   RO          801    i.UART7_IRQHandler  stm32f7xx_it.o
    0x08004fe8   0x08004fe8   0x000000c8   Code   RO         2883    i.UART_AdvFeatureConfig  stm32f7xx_hal_uart.o
    0x080050b0   0x080050b0   0x0000003c   Code   RO         2884    i.UART_CheckIdleState  stm32f7xx_hal_uart.o
    0x080050ec   0x080050ec   0x00000014   Code   RO         2885    i.UART_DMAAbortOnError  stm32f7xx_hal_uart.o
    0x08005100   0x08005100   0x00000046   Code   RO         2886    i.UART_DMAError     stm32f7xx_hal_uart.o
    0x08005146   0x08005146   0x0000003a   Code   RO         2887    i.UART_DMAReceiveCplt  stm32f7xx_hal_uart.o
    0x08005180   0x08005180   0x0000000a   Code   RO         2889    i.UART_DMARxHalfCplt  stm32f7xx_hal_uart.o
    0x0800518a   0x0800518a   0x0000002e   Code   RO         2891    i.UART_DMATransmitCplt  stm32f7xx_hal_uart.o
    0x080051b8   0x080051b8   0x0000000a   Code   RO         2893    i.UART_DMATxHalfCplt  stm32f7xx_hal_uart.o
    0x080051c2   0x080051c2   0x00000020   Code   RO         2895    i.UART_EndRxTransfer  stm32f7xx_hal_uart.o
    0x080051e2   0x080051e2   0x00000010   Code   RO         2896    i.UART_EndTxTransfer  stm32f7xx_hal_uart.o
    0x080051f2   0x080051f2   0x00000002   PAD
    0x080051f4   0x080051f4   0x00000034   Code   RO           25    i.UART_Receive      main.o
    0x08005228   0x08005228   0x00000254   Code   RO         2899    i.UART_SetConfig    stm32f7xx_hal_uart.o
    0x0800547c   0x0800547c   0x00000048   Code   RO           26    i.UART_Transmit     main.o
    0x080054c4   0x080054c4   0x00000060   Code   RO         2902    i.UART_WaitOnFlagUntilTimeout  stm32f7xx_hal_uart.o
    0x08005524   0x08005524   0x00000002   Code   RO          802    i.UsageFault_Handler  stm32f7xx_it.o
    0x08005526   0x08005526   0x00000030   Code   RO          951    i.WavHeaderUpdate   wav.o
    0x08005556   0x08005556   0x00000022   Code   RO         1278    i.__NVIC_SetPriority  stm32f7xx_hal_cortex.o
    0x08005578   0x08005578   0x0000003a   Code   RO         5469    i.__hardfp_sqrtf    m_wm.l(sqrtf.o)
    0x080055b2   0x080055b2   0x0000000e   Code   RO         5522    i.__scatterload_copy  mc_w.l(handlers.o)
    0x080055c0   0x080055c0   0x00000002   Code   RO         5523    i.__scatterload_null  mc_w.l(handlers.o)
    0x080055c2   0x080055c2   0x0000000e   Code   RO         5524    i.__scatterload_zeroinit  mc_w.l(handlers.o)
    0x080055d0   0x080055d0   0x0000000c   Code   RO         5512    i.__set_errno       mc_w.l(errno.o)
    0x080055dc   0x080055dc   0x00000070   Code   RO         4853    i.check_fs          ff.o
    0x0800564c   0x0800564c   0x0000005c   Code   RO         4854    i.chk_lock          ff.o
    0x080056a8   0x080056a8   0x00000020   Code   RO         4855    i.clear_lock        ff.o
    0x080056c8   0x080056c8   0x00000024   Code   RO         4856    i.clmt_clust        ff.o
    0x080056ec   0x080056ec   0x00000018   Code   RO         4857    i.clust2sect        ff.o
    0x08005704   0x08005704   0x000000a6   Code   RO         4858    i.create_chain      ff.o
    0x080057aa   0x080057aa   0x00000002   PAD
    0x080057ac   0x080057ac   0x000000bc   Code   RO         4859    i.create_name       ff.o
    0x08005868   0x08005868   0x00000034   Code   RO         4860    i.dec_lock          ff.o
    0x0800589c   0x0800589c   0x00000066   Code   RO         4861    i.dir_find          ff.o
    0x08005902   0x08005902   0x00000002   PAD
    0x08005904   0x08005904   0x000000f4   Code   RO         4862    i.dir_next          ff.o
    0x080059f8   0x080059f8   0x00000066   Code   RO         4864    i.dir_register      ff.o
    0x08005a5e   0x08005a5e   0x00000082   Code   RO         4866    i.dir_sdi           ff.o
    0x08005ae0   0x08005ae0   0x00000028   Code   RO         4798    i.disk_initialize   diskio.o
    0x08005b08   0x08005b08   0x00000018   Code   RO         4799    i.disk_ioctl        diskio.o
    0x08005b20   0x08005b20   0x0000001c   Code   RO         4800    i.disk_read         diskio.o
    0x08005b3c   0x08005b3c   0x00000014   Code   RO         4801    i.disk_status       diskio.o
    0x08005b50   0x08005b50   0x0000001c   Code   RO         4802    i.disk_write        diskio.o
    0x08005b6c   0x08005b6c   0x00000028   Code   RO         4867    i.f_close           ff.o
    0x08005b94   0x08005b94   0x0000021a   Code   RO         4871    i.f_lseek           ff.o
    0x08005dae   0x08005dae   0x00000002   PAD
    0x08005db0   0x08005db0   0x00000058   Code   RO         4874    i.f_mount           ff.o
    0x08005e08   0x08005e08   0x00000210   Code   RO         4875    i.f_open            ff.o
    0x08006018   0x08006018   0x0000008e   Code   RO         4884    i.f_sync            ff.o
    0x080060a6   0x080060a6   0x0000018c   Code   RO         4887    i.f_write           ff.o
    0x08006232   0x08006232   0x00000002   PAD
    0x08006234   0x08006234   0x00000258   Code   RO         4888    i.find_volume       ff.o
    0x0800648c   0x0800648c   0x00000074   Code   RO         4889    i.follow_path       ff.o
    0x08006500   0x08006500   0x000000be   Code   RO         4890    i.get_fat           ff.o
    0x080065be   0x080065be   0x00000004   Code   RO          620    i.get_fattime       fatfs.o
    0x080065c2   0x080065c2   0x0000003c   Code   RO         4892    i.get_ldnumber      ff.o
    0x080065fe   0x080065fe   0x00000002   PAD
    0x08006600   0x08006600   0x00000080   Code   RO         4893    i.inc_lock          ff.o
    0x08006680   0x08006680   0x00000026   Code   RO         4894    i.ld_clust          ff.o
    0x080066a6   0x080066a6   0x00000016   Code   RO         4895    i.ld_dword          ff.o
    0x080066bc   0x080066bc   0x0000000a   Code   RO         4896    i.ld_word           ff.o
    0x080066c6   0x080066c6   0x00000002   PAD
    0x080066c8   0x080066c8   0x000000d0   Code   RO           27    i.main              main.o
    0x08006798   0x08006798   0x00000012   Code   RO         4897    i.mem_cpy           ff.o
    0x080067aa   0x080067aa   0x00000002   PAD
    0x080067ac   0x080067ac   0x0000000e   Code   RO         4898    i.mem_set           ff.o
    0x080067ba   0x080067ba   0x00000032   Code   RO         4899    i.move_window       ff.o
    0x080067ec   0x080067ec   0x000000f0   Code   RO         4900    i.put_fat           ff.o
    0x080068dc   0x080068dc   0x00000074   Code   RO         4903    i.remove_chain      ff.o
    0x08006950   0x08006950   0x00000028   Code   RO         4904    i.st_clust          ff.o
    0x08006978   0x08006978   0x00000010   Code   RO         4905    i.st_dword          ff.o
    0x08006988   0x08006988   0x00000008   Code   RO         4906    i.st_word           ff.o
    0x08006990   0x08006990   0x00000088   Code   RO         4907    i.sync_fs           ff.o
    0x08006a18   0x08006a18   0x00000052   Code   RO         4908    i.sync_window       ff.o
    0x08006a6a   0x08006a6a   0x00000034   Code   RO         4909    i.validate          ff.o
    0x08006a9e   0x08006a9e   0x00000002   PAD
    0x08006aa0   0x08006aa0   0x00000014   Data   RO          559    .constdata          sd_diskio.o
    0x08006ab4   0x08006ab4   0x00000008   Data   RO         3655    .constdata          stm32f7xx_hal_dma.o
    0x08006abc   0x08006abc   0x00000010   Data   RO         4762    .constdata          system_stm32f7xx.o
    0x08006acc   0x08006acc   0x00000008   Data   RO         4763    .constdata          system_stm32f7xx.o
    0x08006ad4   0x08006ad4   0x0000009c   Data   RO         4911    .constdata          ff.o
    0x08006b70   0x08006b70   0x00000e10   Data   RO         5409    .rodata.armBitRevIndexTable1024  arm_cortexM7lfsp_math.lib(arm_common_tables.o)
    0x08007980   0x08007980   0x00000010   Data   RO         5299    .rodata.arm_cfft_sR_f32_len1024  arm_cortexM7lfsp_math.lib(arm_const_structs.o)
    0x08007990   0x08007990   0x00002000   Data   RO         5382    .rodata.twiddleCoef_1024  arm_cortexM7lfsp_math.lib(arm_common_tables.o)
    0x08009990   0x08009990   0x00000020   Data   RO         5520    Region$$Table       anon$$obj.o


    Execution Region RW_IRAM1 (Exec base: 0x20000000, Load base: 0x080099b0, Size: 0x000090c8, Max: 0x00050000, ABSOLUTE)

    Exec Addr    Load Addr    Size         Type   Attr      Idx    E Section Name        Object

    0x20000000   0x080099b0   0x0000004e   Data   RW           32    .data               main.o
    0x2000004e   0x080099fe   0x00000001   Data   RW          560    .data               sd_diskio.o
    0x2000004f   0x080099ff   0x00000005   Data   RW          623    .data               fatfs.o
    0x20000054   0x08009a04   0x0000000c   Data   RW         4032    .data               stm32f7xx_hal.o
    0x20000060   0x08009a10   0x00000004   Data   RW         4764    .data               system_stm32f7xx.o
    0x20000064   0x08009a14   0x00000008   Data   RW         4912    .data               ff.o
    0x2000006c   0x08009a1c   0x00000004   Data   RW         5513    .data               mc_w.l(errno.o)
    0x20000070        -       0x00004cbc   Zero   RW           28    .bss                main.o
    0x20004d2c        -       0x000000a8   Zero   RW          373    .bss                adc.o
    0x20004dd4        -       0x00000144   Zero   RW          660    .bss                sdmmc.o
    0x20004f18        -       0x00000040   Zero   RW          702    .bss                tim.o
    0x20004f58        -       0x00000140   Zero   RW          744    .bss                usart.o
    0x20005098        -       0x00000020   Zero   RW         4910    .bss                ff.o
    0x200050b8        -       0x0000000c   Zero   RW         5189    .bss                ff_gen_drv.o
    0x200050c4   0x08009a20   0x00000004   PAD
    0x200050c8        -       0x00004000   Zero   RW            1    STACK               startup_stm32f746xx.o


==============================================================================

Image component sizes


      Code (inc. data)   RO Data    RW Data    ZI Data      Debug   Object Name

       284         28          0          0        168       1787   adc.o
       286         28          0          0          0       6770   bsp_driver_sd.o
       140         26          0          0          0       3749   diskio.o
       124          4          0          0          0        822   dma.o
        32         10          0          5          0       1484   fatfs.o
      4948         82        156          8         32      39907   ff.o
        70          6          0          0         12       1683   ff_gen_drv.o
       208         14          0          0          0       1031   gpio.o
      1212        186          0         78      19644     916418   main.o
       200         14         20          1          0       6544   sd_diskio.o
       400         32          0          0        324       1942   sdmmc.o
        36          8        456          0      16384        836   startup_stm32f746xx.o
       172         28          0         12          0       9053   stm32f7xx_hal.o
      1590         60          0          0          0       8526   stm32f7xx_hal_adc.o
         2          0          0          0          0        981   stm32f7xx_hal_adc_ex.o
       198         12          0          0          0      39623   stm32f7xx_hal_cortex.o
      1116         16          8          0          0       8001   stm32f7xx_hal_dma.o
       496         54          0          0          0       3201   stm32f7xx_hal_gpio.o
        48          6          0          0          0        826   stm32f7xx_hal_msp.o
       108          8          0          0          0       1272   stm32f7xx_hal_pwr_ex.o
      1288         68          0          0          0       5120   stm32f7xx_hal_rcc.o
      1276         16          0          0          0       2288   stm32f7xx_hal_rcc_ex.o
      2856         24          0          0          0      17893   stm32f7xx_hal_sd.o
      1022         56          0          0          0      10649   stm32f7xx_hal_tim.o
       102          8          0          0          0       3056   stm32f7xx_hal_tim_ex.o
      2034        102          0          0          0      15386   stm32f7xx_hal_uart.o
       152         66          0          0          0       9282   stm32f7xx_it.o
      1626         42          0          0          0      22936   stm32f7xx_ll_sdmmc.o
        84         16         24          4          0       1227   system_stm32f7xx.o
       204         20          0          0         64       1682   tim.o
       292         30          0          0        320       1876   usart.o
       288          4          0          0          0       2420   wav.o

    ----------------------------------------------------------------------
     22956       1074        696        108      36952    1148271   Object Totals
         0          0         32          0          0          0   (incl. Generated)
        62          0          0          0          4          0   (incl. Padding)

    ----------------------------------------------------------------------

      Code (inc. data)   RO Data    RW Data    ZI Data      Debug   Library Member Name

        76          0          0          0          0       1250   arm_bitreversal2.o
      1590          0          0          0          0       6236   arm_cfft_f32.o
      1316          8          0          0          0       4910   arm_cfft_radix8_f32.o
       312          0          0          0          0       2017   arm_cmplx_mag_f32.o
         0          0      11792          0          0       4961   arm_common_tables.o
         0          0         16          0          0       3830   arm_const_structs.o
       198          0          0          0          0       1321   arm_max_f32.o
        58          0          0          0          0        136   sqrtf.o
         0          0          0          0          0          0   entry.o
         0          0          0          0          0          0   entry10a.o
         0          0          0          0          0          0   entry11a.o
         8          4          0          0          0          0   entry2.o
         4          0          0          0          0          0   entry5.o
         0          0          0          0          0          0   entry7b.o
         0          0          0          0          0          0   entry8b.o
         8          4          0          0          0          0   entry9a.o
        12          6          0          4          0         68   errno.o
        30          0          0          0          0          0   handlers.o
        36          8          0          0          0         68   init.o
         0          0          0          0          0          0   iusefp.o
        30          0          0          0          0         68   llshl.o
        32          0          0          0          0         68   llushr.o
        36          0          0          0          0         68   memcpya.o
        36          0          0          0          0        108   memseta.o
        98          0          0          0          0         92   uldiv.o

    ----------------------------------------------------------------------
      3884         30      11808          4          0      25201   Library Totals
         4          0          0          0          0          0   (incl. Padding)

    ----------------------------------------------------------------------

      Code (inc. data)   RO Data    RW Data    ZI Data      Debug   Library Name

      3492          8      11808          0          0      24525   arm_cortexM7lfsp_math.lib
        58          0          0          0          0        136   m_wm.l
       330         22          0          4          0        540   mc_w.l

    ----------------------------------------------------------------------
      3884         30      11808          4          0      25201   Library Totals

    ----------------------------------------------------------------------

==============================================================================


      Code (inc. data)   RO Data    RW Data    ZI Data      Debug   

     26840       1104      12504        112      36952    1150156   Grand Totals
     26840       1104      12504        112      36952    1150156   ELF Image Totals
     26840       1104      12504        112          0          0   ROM Totals

==============================================================================

    Total RO  Size (Code + RO Data)                39344 (  38.42kB)
    Total RW  Size (RW Data + ZI Data)             37064 (  36.20kB)
    Total ROM Size (Code + RO Data + RW Data)      39456 (  38.53kB)

==============================================================================

