21:41:57 **** Incremental Build of configuration Debug for project PorpDaq_V2 ****
make -j24 all 
arm-none-eabi-gcc "../Core/Src/main.c" -mcpu=cortex-m7 -std=gnu11 -g3 -DUSE_HAL_DRIVER -DARM_MATH_CM7 -DSTM32H743xx -DDEBUG -c -I../Core/Inc -I../Drivers/STM32H7xx_HAL_Driver/Inc -I../Drivers/STM32H7xx_HAL_Driver/Inc/Legacy -I../Drivers/CMSIS/Device/ST/STM32H7xx/Include -I../Drivers/CMSIS/Include -I../Middlewares/Third_Party/FreeRTOS/Source/include -I../Middlewares/Third_Party/FreeRTOS/Source/CMSIS_RTOS -I../Middlewares/Third_Party/FreeRTOS/Source/portable/GCC/ARM_CM4F -I../FATFS/Target -I../FATFS/App -I../Middlewares/Third_Party/FatFs/src -O0 -ffunction-sections -fdata-sections -Wall -fstack-usage -MMD -MP -MF"Core/Src/main.d" -MT"Core/Src/main.o" --specs=nano.specs -mfpu=fpv5-d16 -mfloat-abi=hard -mthumb -o "Core/Src/main.o"
arm-none-eabi-gcc -o "PorpDaq_V2.elf" @"objects.list"  -larm_cortexM7lfsp_math -mcpu=cortex-m7 -T"C:\Users\Home\OneDrive\PhD\Phocoena-DAQ\Firmware\PorpDaqV2\STM32H743ZITX_FLASH.ld" --specs=nosys.specs -Wl,-Map="PorpDaq_V2.map" -Wl,--gc-sections -static -L"C:\Users\Home\OneDrive\PhD\Phocoena-DAQ\Firmware\PorpDaqV2\libs" --specs=nano.specs -mfpu=fpv5-d16 -mfloat-abi=hard -mthumb -Wl,--start-group -lc -lm -Wl,--end-group
Finished building target: PorpDaq_V2.elf
 
arm-none-eabi-objdump -h -S  PorpDaq_V2.elf  > "PorpDaq_V2.list"
arm-none-eabi-objcopy  -O binary  PorpDaq_V2.elf  "PorpDaq_V2.bin"
arm-none-eabi-size   PorpDaq_V2.elf 
   text	   data	    bss	    dec	    hex	filename
  86572	    128	 464232	 550932	  86814	PorpDaq_V2.elf
Finished building: default.size.stdout
 
Finished building: PorpDaq_V2.bin
 
Finished building: PorpDaq_V2.list
 

21:42:00 Build Finished. 0 errors, 0 warnings. (took 2s.571ms)

