core_cm7.h:2464:22:SCB_InvalidateDCache_by_Addr	32	static,ignoring_inline_asm
freertos.c:150:6:vApplicationGetIdleTaskMemory	24	static
freertos.c:164:6:MX_FREERTOS_Init	88	static
freertos.c:176:6:mountSDCard	8	static
freertos.c:193:6:setFileName	8	static
freertos.c:203:6:startADC	8	static
freertos.c:212:6:stopADC	8	static
freertos.c:220:6:vProducer	40	static
freertos.c:236:6:Error	4	static
freertos.c:241:6:vConsumer	48	static
freertos.c:283:6:computeFFT	24	static
freertos.c:329:6:HAL_ADC_ConvHalfCpltCallback	16	static
freertos.c:345:6:HAL_ADC_ConvCpltCallback	16	static
freertos.c:359:6:HAL_UART_RxCpltCallback	16	static
