freertos.c:98:6:vApplicationGetIdleTaskMemory	24	static
freertos.c:110:6:MX_FREERTOS_Init	88	static
freertos.c:126:6:mountSDCard	8	static
freertos.c:149:6:setFileName	8	static
freertos.c:160:6:startADC	8	static
freertos.c:170:6:stopADC	8	static
freertos.c:183:6:vProducer	40	static
freertos.c:207:6:vConsumer	48	static
freertos.c:259:6:computeFFT	24	static
freertos.c:311:6:HAL_ADC_ConvHalfCpltCallback	32	static,ignoring_inline_asm
freertos.c:328:6:HAL_ADC_ConvCpltCallback	32	static,ignoring_inline_asm
freertos.c:342:6:HAL_UART_RxCpltCallback	16	static
