stm32h7xx_it.c:21:6:NMI_Handler	4	static
stm32h7xx_it.c:33:6:HardFault_Handler	4	static
stm32h7xx_it.c:43:6:MemManage_Handler	4	static
stm32h7xx_it.c:54:6:BusFault_Handler	4	static
stm32h7xx_it.c:65:6:UsageFault_Handler	4	static
stm32h7xx_it.c:77:6:DebugMon_Handler	4	static
stm32h7xx_it.c:92:6:DMA1_Stream0_IRQHandler	8	static
stm32h7xx_it.c:102:6:DMA1_Stream1_IRQHandler	8	static
stm32h7xx_it.c:112:6:DMA1_Stream2_IRQHandler	8	static
stm32h7xx_it.c:122:6:TIM3_IRQHandler	8	static
stm32h7xx_it.c:130:6:SDMMC1_IRQHandler	8	static
stm32h7xx_it.c:138:6:TIM6_DAC_IRQHandler	8	static
stm32h7xx_it.c:146:6:UART8_IRQHandler	8	static
stm32h7xx_it.c:154:6:ADC3_IRQHandler	8	static
