Component: ARM Compiler 5.06 update 6 (build 750) Tool: armlink [4d35ed]

==============================================================================

Section Cross References

    startup_stm32f746xx.o(RESET) refers to startup_stm32f746xx.o(STACK) for __initial_sp
    startup_stm32f746xx.o(RESET) refers to startup_stm32f746xx.o(.text) for Reset_Handler
    startup_stm32f746xx.o(RESET) refers to stm32f7xx_it.o(i.NMI_Handler) for NMI_Handler
    startup_stm32f746xx.o(RESET) refers to stm32f7xx_it.o(i.HardFault_Handler) for HardFault_Handler
    startup_stm32f746xx.o(RESET) refers to stm32f7xx_it.o(i.MemManage_Handler) for MemManage_Handler
    startup_stm32f746xx.o(RESET) refers to stm32f7xx_it.o(i.BusFault_Handler) for BusFault_Handler
    startup_stm32f746xx.o(RESET) refers to stm32f7xx_it.o(i.UsageFault_Handler) for UsageFault_Handler
    startup_stm32f746xx.o(RESET) refers to port.o(.emb_text) for SVC_Handler
    startup_stm32f746xx.o(RESET) refers to stm32f7xx_it.o(i.DebugMon_Handler) for DebugMon_Handler
    startup_stm32f746xx.o(RESET) refers to port.o(i.SysTick_Handler) for SysTick_Handler
    startup_stm32f746xx.o(RESET) refers to stm32f7xx_it.o(i.ADC_IRQHandler) for ADC_IRQHandler
    startup_stm32f746xx.o(RESET) refers to stm32f7xx_it.o(i.TIM1_BRK_TIM9_IRQHandler) for TIM1_BRK_TIM9_IRQHandler
    startup_stm32f746xx.o(RESET) refers to stm32f7xx_it.o(i.TIM1_UP_TIM10_IRQHandler) for TIM1_UP_TIM10_IRQHandler
    startup_stm32f746xx.o(RESET) refers to stm32f7xx_it.o(i.TIM1_TRG_COM_TIM11_IRQHandler) for TIM1_TRG_COM_TIM11_IRQHandler
    startup_stm32f746xx.o(RESET) refers to stm32f7xx_it.o(i.SDMMC1_IRQHandler) for SDMMC1_IRQHandler
    startup_stm32f746xx.o(RESET) refers to stm32f7xx_it.o(i.TIM6_DAC_IRQHandler) for TIM6_DAC_IRQHandler
    startup_stm32f746xx.o(RESET) refers to stm32f7xx_it.o(i.DMA2_Stream0_IRQHandler) for DMA2_Stream0_IRQHandler
    startup_stm32f746xx.o(RESET) refers to stm32f7xx_it.o(i.DMA2_Stream1_IRQHandler) for DMA2_Stream1_IRQHandler
    startup_stm32f746xx.o(RESET) refers to stm32f7xx_it.o(i.DMA2_Stream3_IRQHandler) for DMA2_Stream3_IRQHandler
    startup_stm32f746xx.o(RESET) refers to stm32f7xx_it.o(i.DMA2_Stream6_IRQHandler) for DMA2_Stream6_IRQHandler
    startup_stm32f746xx.o(RESET) refers to stm32f7xx_it.o(i.DMA2_Stream7_IRQHandler) for DMA2_Stream7_IRQHandler
    startup_stm32f746xx.o(RESET) refers to stm32f7xx_it.o(i.USART6_IRQHandler) for USART6_IRQHandler
    startup_stm32f746xx.o(.text) refers to system_stm32f7xx.o(i.SystemInit) for SystemInit
    startup_stm32f746xx.o(.text) refers to entry.o(.ARM.Collect$$$$00000000) for __main
    main.o(i.HAL_TIM_PeriodElapsedCallback) refers to stm32f7xx_hal.o(i.HAL_IncTick) for HAL_IncTick
    main.o(i.SystemClock_Config) refers to memseta.o(.text) for __aeabi_memclr4
    main.o(i.SystemClock_Config) refers to stm32f7xx_hal_rcc.o(i.HAL_RCC_OscConfig) for HAL_RCC_OscConfig
    main.o(i.SystemClock_Config) refers to stm32f7xx_hal_pwr_ex.o(i.HAL_PWREx_EnableOverDrive) for HAL_PWREx_EnableOverDrive
    main.o(i.SystemClock_Config) refers to stm32f7xx_hal_rcc.o(i.HAL_RCC_ClockConfig) for HAL_RCC_ClockConfig
    main.o(i.SystemClock_Config) refers to stm32f7xx_hal_rcc_ex.o(i.HAL_RCCEx_PeriphCLKConfig) for HAL_RCCEx_PeriphCLKConfig
    main.o(i.main) refers to stm32f7xx_hal.o(i.HAL_Init) for HAL_Init
    main.o(i.main) refers to main.o(i.SystemClock_Config) for SystemClock_Config
    main.o(i.main) refers to gpio.o(i.MX_GPIO_Init) for MX_GPIO_Init
    main.o(i.main) refers to dma.o(i.MX_DMA_Init) for MX_DMA_Init
    main.o(i.main) refers to sdmmc.o(i.MX_SDMMC1_SD_Init) for MX_SDMMC1_SD_Init
    main.o(i.main) refers to usart.o(i.MX_USART6_UART_Init) for MX_USART6_UART_Init
    main.o(i.main) refers to fatfs.o(i.MX_FATFS_Init) for MX_FATFS_Init
    main.o(i.main) refers to adc.o(i.MX_ADC3_Init) for MX_ADC3_Init
    main.o(i.main) refers to tim.o(i.MX_TIM1_Init) for MX_TIM1_Init
    main.o(i.main) refers to stm32f7xx_hal_uart.o(i.HAL_UART_Receive_DMA) for HAL_UART_Receive_DMA
    main.o(i.main) refers to stm32f7xx_hal_tim.o(i.HAL_TIM_Base_Start) for HAL_TIM_Base_Start
    main.o(i.main) refers to freertos.o(i.MX_FREERTOS_Init) for MX_FREERTOS_Init
    main.o(i.main) refers to cmsis_os.o(i.osKernelStart) for osKernelStart
    main.o(i.main) refers to main.o(.data) for .data
    main.o(i.main) refers to usart.o(.bss) for huart6
    main.o(i.main) refers to tim.o(.bss) for htim1
    main.o(i.timerStart) refers to stm32f7xx_hal_tim.o(i.HAL_TIM_Base_Start) for HAL_TIM_Base_Start
    main.o(i.timerStart) refers to tim.o(.bss) for htim1
    gpio.o(i.MX_GPIO_Init) refers to memseta.o(.text) for __aeabi_memclr4
    gpio.o(i.MX_GPIO_Init) refers to stm32f7xx_hal_gpio.o(i.HAL_GPIO_WritePin) for HAL_GPIO_WritePin
    gpio.o(i.MX_GPIO_Init) refers to stm32f7xx_hal_gpio.o(i.HAL_GPIO_Init) for HAL_GPIO_Init
    freertos.o(i.HAL_ADC_ConvCpltCallback) refers to stm32f7xx_hal_gpio.o(i.HAL_GPIO_TogglePin) for HAL_GPIO_TogglePin
[...]
    BSP_SD_Init                              0x08001755   Thumb Code    42  bsp_driver_sd.o(i.BSP_SD_Init)
    BSP_SD_IsDetected                        0x08001785   Thumb Code    14  bsp_driver_sd.o(i.BSP_SD_IsDetected)
    BSP_SD_ReadBlocks_DMA                    0x08001795   Thumb Code    24  bsp_driver_sd.o(i.BSP_SD_ReadBlocks_DMA)
    BSP_SD_ReadCpltCallback                  0x080017b1   Thumb Code    14  sd_diskio.o(i.BSP_SD_ReadCpltCallback)
    BSP_SD_WriteBlocks_DMA                   0x080017c5   Thumb Code    24  bsp_driver_sd.o(i.BSP_SD_WriteBlocks_DMA)
    BSP_SD_WriteCpltCallback                 0x080017e1   Thumb Code    14  sd_diskio.o(i.BSP_SD_WriteCpltCallback)
    BusFault_Handler                         0x080017f5   Thumb Code     2  stm32f7xx_it.o(i.BusFault_Handler)
    DMA2_Stream0_IRQHandler                  0x080017f9   Thumb Code     6  stm32f7xx_it.o(i.DMA2_Stream0_IRQHandler)
    DMA2_Stream1_IRQHandler                  0x08001805   Thumb Code     6  stm32f7xx_it.o(i.DMA2_Stream1_IRQHandler)
    DMA2_Stream3_IRQHandler                  0x08001811   Thumb Code     6  stm32f7xx_it.o(i.DMA2_Stream3_IRQHandler)
    DMA2_Stream6_IRQHandler                  0x0800181d   Thumb Code     6  stm32f7xx_it.o(i.DMA2_Stream6_IRQHandler)
    DMA2_Stream7_IRQHandler                  0x08001829   Thumb Code     6  stm32f7xx_it.o(i.DMA2_Stream7_IRQHandler)
    DebugMon_Handler                         0x080018d9   Thumb Code     2  stm32f7xx_it.o(i.DebugMon_Handler)
    Error_Handler                            0x080018db   Thumb Code     2  main.o(i.Error_Handler)
    FATFS_LinkDriver                         0x080018dd   Thumb Code     6  ff_gen_drv.o(i.FATFS_LinkDriver)
    FATFS_LinkDriverEx                       0x080018e5   Thumb Code    58  ff_gen_drv.o(i.FATFS_LinkDriverEx)
    HAL_ADCEx_InjectedConvCpltCallback       0x08001925   Thumb Code     2  stm32f7xx_hal_adc_ex.o(i.HAL_ADCEx_InjectedConvCpltCallback)
    HAL_ADC_ConfigChannel                    0x08001929   Thumb Code   338  stm32f7xx_hal_adc.o(i.HAL_ADC_ConfigChannel)
    HAL_ADC_ConvCpltCallback                 0x08001a8d   Thumb Code    46  freertos.o(i.HAL_ADC_ConvCpltCallback)
    HAL_ADC_ConvHalfCpltCallback             0x08001ac9   Thumb Code    38  freertos.o(i.HAL_ADC_ConvHalfCpltCallback)
    HAL_ADC_ErrorCallback                    0x08001af9   Thumb Code     2  stm32f7xx_hal_adc.o(i.HAL_ADC_ErrorCallback)
    HAL_ADC_IRQHandler                       0x08001afb   Thumb Code   316  stm32f7xx_hal_adc.o(i.HAL_ADC_IRQHandler)
    HAL_ADC_Init                             0x08001c37   Thumb Code    84  stm32f7xx_hal_adc.o(i.HAL_ADC_Init)
    HAL_ADC_LevelOutOfWindowCallback         0x08001c8b   Thumb Code     2  stm32f7xx_hal_adc.o(i.HAL_ADC_LevelOutOfWindowCallback)
    HAL_ADC_MspInit                          0x08001c8d   Thumb Code   164  adc.o(i.HAL_ADC_MspInit)
    HAL_ADC_Start_DMA                        0x08001d45   Thumb Code   260  stm32f7xx_hal_adc.o(i.HAL_ADC_Start_DMA)
    HAL_ADC_Stop_DMA                         0x08001e65   Thumb Code    88  stm32f7xx_hal_adc.o(i.HAL_ADC_Stop_DMA)
    HAL_DMA_Abort                            0x08001ebd   Thumb Code   146  stm32f7xx_hal_dma.o(i.HAL_DMA_Abort)
    HAL_DMA_Abort_IT                         0x08001f4f   Thumb Code    36  stm32f7xx_hal_dma.o(i.HAL_DMA_Abort_IT)
    HAL_DMA_GetError                         0x08001f73   Thumb Code     4  stm32f7xx_hal_dma.o(i.HAL_DMA_GetError)
    HAL_DMA_IRQHandler                       0x08001f79   Thumb Code   412  stm32f7xx_hal_dma.o(i.HAL_DMA_IRQHandler)
    HAL_DMA_Init                             0x08002119   Thumb Code   222  stm32f7xx_hal_dma.o(i.HAL_DMA_Init)
    HAL_DMA_Start_IT                         0x080021fd   Thumb Code   122  stm32f7xx_hal_dma.o(i.HAL_DMA_Start_IT)
    HAL_Delay                                0x08002279   Thumb Code    32  stm32f7xx_hal.o(i.HAL_Delay)
    HAL_GPIO_Init                            0x0800229d   Thumb Code   418  stm32f7xx_hal_gpio.o(i.HAL_GPIO_Init)
    HAL_GPIO_TogglePin                       0x08002475   Thumb Code    14  stm32f7xx_hal_gpio.o(i.HAL_GPIO_TogglePin)
    HAL_GPIO_WritePin                        0x08002483   Thumb Code    10  stm32f7xx_hal_gpio.o(i.HAL_GPIO_WritePin)
    HAL_GetTick                              0x0800248d   Thumb Code     6  stm32f7xx_hal.o(i.HAL_GetTick)
    HAL_IncTick                              0x08002499   Thumb Code    12  stm32f7xx_hal.o(i.HAL_IncTick)
    HAL_Init                                 0x080024a9   Thumb Code    40  stm32f7xx_hal.o(i.HAL_Init)
    HAL_InitTick                             0x080024d5   Thumb Code   100  stm32f7xx_hal_timebase_tim.o(i.HAL_InitTick)
    HAL_MspInit                              0x08002549   Thumb Code    64  stm32f7xx_hal_msp.o(i.HAL_MspInit)
    HAL_NVIC_EnableIRQ                       0x0800258d   Thumb Code    26  stm32f7xx_hal_cortex.o(i.HAL_NVIC_EnableIRQ)
    HAL_NVIC_SetPriority                     0x080025a9   Thumb Code    60  stm32f7xx_hal_cortex.o(i.HAL_NVIC_SetPriority)
    HAL_NVIC_SetPriorityGrouping             0x080025e9   Thumb Code    28  stm32f7xx_hal_cortex.o(i.HAL_NVIC_SetPriorityGrouping)
    HAL_PWREx_EnableOverDrive                0x0800260d   Thumb Code   100  stm32f7xx_hal_pwr_ex.o(i.HAL_PWREx_EnableOverDrive)
    HAL_RCCEx_PeriphCLKConfig                0x08002679   Thumb Code  1276  stm32f7xx_hal_rcc_ex.o(i.HAL_RCCEx_PeriphCLKConfig)
    HAL_RCC_ClockConfig                      0x08002b75   Thumb Code   282  stm32f7xx_hal_rcc.o(i.HAL_RCC_ClockConfig)
    HAL_RCC_GetClockConfig                   0x08002ca1   Thumb Code    56  stm32f7xx_hal_rcc.o(i.HAL_RCC_GetClockConfig)
    HAL_RCC_GetPCLK1Freq                     0x08002ce1   Thumb Code    20  stm32f7xx_hal_rcc.o(i.HAL_RCC_GetPCLK1Freq)
    HAL_RCC_GetPCLK2Freq                     0x08002d01   Thumb Code    20  stm32f7xx_hal_rcc.o(i.HAL_RCC_GetPCLK2Freq)
    HAL_RCC_GetSysClockFreq                  0x08002d21   Thumb Code    88  stm32f7xx_hal_rcc.o(i.HAL_RCC_GetSysClockFreq)
    HAL_RCC_OscConfig                        0x08002d81   Thumb Code   810  stm32f7xx_hal_rcc.o(i.HAL_RCC_OscConfig)
    HAL_SD_AbortCallback                     0x080030b9   Thumb Code     8  bsp_driver_sd.o(i.HAL_SD_AbortCallback)
    HAL_SD_ConfigWideBusOperation            0x080030c1   Thumb Code   120  stm32f7xx_hal_sd.o(i.HAL_SD_ConfigWideBusOperation)
    HAL_SD_ErrorCallback                     0x08003139   Thumb Code     2  stm32f7xx_hal_sd.o(i.HAL_SD_ErrorCallback)
    HAL_SD_GetCardCSD                        0x0800313b   Thumb Code   506  stm32f7xx_hal_sd.o(i.HAL_SD_GetCardCSD)
    HAL_SD_GetCardInfo                       0x08003335   Thumb Code    36  stm32f7xx_hal_sd.o(i.HAL_SD_GetCardInfo)
    HAL_SD_GetCardState                      0x08003359   Thumb Code    44  stm32f7xx_hal_sd.o(i.HAL_SD_GetCardState)
    HAL_SD_IRQHandler                        0x08003385   Thumb Code   416  stm32f7xx_hal_sd.o(i.HAL_SD_IRQHandler)
    HAL_SD_Init                              0x0800352d   Thumb Code    54  stm32f7xx_hal_sd.o(i.HAL_SD_Init)
    HAL_SD_InitCard                          0x08003563   Thumb Code    92  stm32f7xx_hal_sd.o(i.HAL_SD_InitCard)
    HAL_SD_MspInit                           0x080035c1   Thumb Code   342  sdmmc.o(i.HAL_SD_MspInit)
    HAL_SD_ReadBlocks_DMA                    0x08003731   Thumb Code   236  stm32f7xx_hal_sd.o(i.HAL_SD_ReadBlocks_DMA)
    HAL_SD_RxCpltCallback                    0x08003825   Thumb Code     8  bsp_driver_sd.o(i.HAL_SD_RxCpltCallback)
    HAL_SD_TxCpltCallback                    0x0800382d   Thumb Code     8  bsp_driver_sd.o(i.HAL_SD_TxCpltCallback)
    HAL_SD_WriteBlocks_DMA                   0x08003835   Thumb Code   240  stm32f7xx_hal_sd.o(i.HAL_SD_WriteBlocks_DMA)
    HAL_TIMEx_Break2Callback                 0x0800392d   Thumb Code     2  stm32f7xx_hal_tim_ex.o(i.HAL_TIMEx_Break2Callback)
    HAL_TIMEx_BreakCallback                  0x0800392f   Thumb Code     2  stm32f7xx_hal_tim_ex.o(i.HAL_TIMEx_BreakCallback)
    HAL_TIMEx_CommutCallback                 0x08003931   Thumb Code     2  stm32f7xx_hal_tim_ex.o(i.HAL_TIMEx_CommutCallback)
    HAL_TIMEx_MasterConfigSynchronization    0x08003935   Thumb Code    88  stm32f7xx_hal_tim_ex.o(i.HAL_TIMEx_MasterConfigSynchronization)
    HAL_TIM_Base_Init                        0x08003995   Thumb Code    54  stm32f7xx_hal_tim.o(i.HAL_TIM_Base_Init)
    HAL_TIM_Base_MspInit                     0x080039cd   Thumb Code    82  tim.o(i.HAL_TIM_Base_MspInit)
    HAL_TIM_Base_Start                       0x08003a29   Thumb Code    42  stm32f7xx_hal_tim.o(i.HAL_TIM_Base_Start)
    HAL_TIM_Base_Start_IT                    0x08003a59   Thumb Code    40  stm32f7xx_hal_tim.o(i.HAL_TIM_Base_Start_IT)
    HAL_TIM_ConfigClockSource                0x08003a85   Thumb Code   214  stm32f7xx_hal_tim.o(i.HAL_TIM_ConfigClockSource)
    HAL_TIM_IC_CaptureCallback               0x08003b61   Thumb Code     2  stm32f7xx_hal_tim.o(i.HAL_TIM_IC_CaptureCallback)
    HAL_TIM_IRQHandler                       0x08003b63   Thumb Code   386  stm32f7xx_hal_tim.o(i.HAL_TIM_IRQHandler)
    HAL_TIM_OC_DelayElapsedCallback          0x08003ce5   Thumb Code     2  stm32f7xx_hal_tim.o(i.HAL_TIM_OC_DelayElapsedCallback)
    HAL_TIM_PWM_PulseFinishedCallback        0x08003ce7   Thumb Code     2  stm32f7xx_hal_tim.o(i.HAL_TIM_PWM_PulseFinishedCallback)
    HAL_TIM_PeriodElapsedCallback            0x08003ce9   Thumb Code    14  main.o(i.HAL_TIM_PeriodElapsedCallback)
    HAL_TIM_TriggerCallback                  0x08003cfd   Thumb Code     2  stm32f7xx_hal_tim.o(i.HAL_TIM_TriggerCallback)
    HAL_UART_ErrorCallback                   0x08003cff   Thumb Code     2  stm32f7xx_hal_uart.o(i.HAL_UART_ErrorCallback)
    HAL_UART_IRQHandler                      0x08003d01   Thumb Code   292  stm32f7xx_hal_uart.o(i.HAL_UART_IRQHandler)
    HAL_UART_Init                            0x08003e29   Thumb Code   102  stm32f7xx_hal_uart.o(i.HAL_UART_Init)
    HAL_UART_MspInit                         0x08003e91   Thumb Code   196  usart.o(i.HAL_UART_MspInit)
    HAL_UART_Receive_DMA                     0x08003f69   Thumb Code   142  stm32f7xx_hal_uart.o(i.HAL_UART_Receive_DMA)
    HAL_UART_RxCpltCallback                  0x08004005   Thumb Code    52  freertos.o(i.HAL_UART_RxCpltCallback)
    HAL_UART_RxHalfCpltCallback              0x08004045   Thumb Code     2  stm32f7xx_hal_uart.o(i.HAL_UART_RxHalfCpltCallback)
    HAL_UART_Transmit_DMA                    0x08004049   Thumb Code   134  stm32f7xx_hal_uart.o(i.HAL_UART_Transmit_DMA)
    HAL_UART_TxCpltCallback                  0x080040dd   Thumb Code     2  freertos.o(i.HAL_UART_TxCpltCallback)
    HAL_UART_TxHalfCpltCallback              0x080040df   Thumb Code     2  stm32f7xx_hal_uart.o(i.HAL_UART_TxHalfCpltCallback)
    HardFault_Handler                        0x080040e1   Thumb Code     2  stm32f7xx_it.o(i.HardFault_Handler)
    InitialiseWavEncoder                     0x080040e5   Thumb Code    44  wav.o(i.InitialiseWavEncoder)
    MX_ADC3_Init                             0x08004115   Thumb Code    92  adc.o(i.MX_ADC3_Init)
    MX_DMA_Init                              0x08004179   Thumb Code   104  dma.o(i.MX_DMA_Init)
    MX_FATFS_Init                            0x080041e5   Thumb Code    18  fatfs.o(i.MX_FATFS_Init)
    MX_FREERTOS_Init                         0x08004201   Thumb Code    76  freertos.o(i.MX_FREERTOS_Init)
    MX_GPIO_Init                             0x08004255   Thumb Code   134  gpio.o(i.MX_GPIO_Init)
    MX_SDMMC1_SD_Init                        0x080042e5   Thumb Code    22  sdmmc.o(i.MX_SDMMC1_SD_Init)
    MX_TIM1_Init                             0x08004305   Thumb Code   102  tim.o(i.MX_TIM1_Init)
    MX_USART6_UART_Init                      0x08004375   Thumb Code    52  usart.o(i.MX_USART6_UART_Init)
    MemManage_Handler                        0x080043b1   Thumb Code     2  stm32f7xx_it.o(i.MemManage_Handler)
    NMI_Handler                              0x080043b3   Thumb Code     2  stm32f7xx_it.o(i.NMI_Handler)
    ProcessWavHeader                         0x080043b5   Thumb Code   194  wav.o(i.ProcessWavHeader)
    SDMMC1_IRQHandler                        0x08004479   Thumb Code     6  stm32f7xx_it.o(i.SDMMC1_IRQHandler)
    SDMMC_CmdAppCommand                      0x08004485   Thumb Code    50  stm32f7xx_ll_sdmmc.o(i.SDMMC_CmdAppCommand)
    SDMMC_CmdAppOperCommand                  0x080044b9   Thumb Code    48  stm32f7xx_ll_sdmmc.o(i.SDMMC_CmdAppOperCommand)
    SDMMC_CmdBlockLength                     0x080044ed   Thumb Code    50  stm32f7xx_ll_sdmmc.o(i.SDMMC_CmdBlockLength)
    SDMMC_CmdBusWidth                        0x0800451f   Thumb Code    50  stm32f7xx_ll_sdmmc.o(i.SDMMC_CmdBusWidth)
    SDMMC_CmdGoIdleState                     0x08004551   Thumb Code    76  stm32f7xx_ll_sdmmc.o(i.SDMMC_CmdGoIdleState)
    SDMMC_CmdOperCond                        0x080045a1   Thumb Code    94  stm32f7xx_ll_sdmmc.o(i.SDMMC_CmdOperCond)
    SDMMC_CmdReadMultiBlock                  0x08004605   Thumb Code    50  stm32f7xx_ll_sdmmc.o(i.SDMMC_CmdReadMultiBlock)
    SDMMC_CmdReadSingleBlock                 0x08004637   Thumb Code    50  stm32f7xx_ll_sdmmc.o(i.SDMMC_CmdReadSingleBlock)
    SDMMC_CmdSelDesel                        0x08004669   Thumb Code    48  stm32f7xx_ll_sdmmc.o(i.SDMMC_CmdSelDesel)
    SDMMC_CmdSendCID                         0x08004699   Thumb Code    42  stm32f7xx_ll_sdmmc.o(i.SDMMC_CmdSendCID)
    SDMMC_CmdSendCSD                         0x080046c3   Thumb Code    46  stm32f7xx_ll_sdmmc.o(i.SDMMC_CmdSendCSD)
    SDMMC_CmdSendSCR                         0x080046f1   Thumb Code    48  stm32f7xx_ll_sdmmc.o(i.SDMMC_CmdSendSCR)
    SDMMC_CmdSendStatus                      0x08004721   Thumb Code    50  stm32f7xx_ll_sdmmc.o(i.SDMMC_CmdSendStatus)
    SDMMC_CmdSetRelAdd                       0x08004753   Thumb Code    48  stm32f7xx_ll_sdmmc.o(i.SDMMC_CmdSetRelAdd)
    SDMMC_CmdStopTransfer                    0x08004785   Thumb Code    46  stm32f7xx_ll_sdmmc.o(i.SDMMC_CmdStopTransfer)
    SDMMC_CmdWriteMultiBlock                 0x080047b9   Thumb Code    50  stm32f7xx_ll_sdmmc.o(i.SDMMC_CmdWriteMultiBlock)
    SDMMC_CmdWriteSingleBlock                0x080047eb   Thumb Code    50  stm32f7xx_ll_sdmmc.o(i.SDMMC_CmdWriteSingleBlock)
    SDMMC_ConfigData                         0x0800481d   Thumb Code    38  stm32f7xx_ll_sdmmc.o(i.SDMMC_ConfigData)
    SDMMC_GetPowerState                      0x08004a75   Thumb Code     8  stm32f7xx_ll_sdmmc.o(i.SDMMC_GetPowerState)
    SDMMC_GetResponse                        0x08004a7d   Thumb Code    12  stm32f7xx_ll_sdmmc.o(i.SDMMC_GetResponse)
    SDMMC_Init                               0x08004a89   Thumb Code    34  stm32f7xx_ll_sdmmc.o(i.SDMMC_Init)
    SDMMC_PowerState_ON                      0x08004aab   Thumb Code     8  stm32f7xx_ll_sdmmc.o(i.SDMMC_PowerState_ON)
    SDMMC_ReadFIFO                           0x08004ab3   Thumb Code     6  stm32f7xx_ll_sdmmc.o(i.SDMMC_ReadFIFO)
    SDMMC_SendCommand                        0x08004ab9   Thumb Code    34  stm32f7xx_ll_sdmmc.o(i.SDMMC_SendCommand)
    SDMMC_WriteFIFO                          0x08004adb   Thumb Code    10  stm32f7xx_ll_sdmmc.o(i.SDMMC_WriteFIFO)
    SD_initialize                            0x08004f61   Thumb Code    64  sd_diskio.o(i.SD_initialize)
    SD_ioctl                                 0x08004fa9   Thumb Code    84  sd_diskio.o(i.SD_ioctl)
    SD_read                                  0x08005001   Thumb Code   152  sd_diskio.o(i.SD_read)
    SD_status                                0x080050a1   Thumb Code     4  sd_diskio.o(i.SD_status)
    SD_write                                 0x080050a5   Thumb Code   178  sd_diskio.o(i.SD_write)
    SysTick_Handler                          0x08005161   Thumb Code    42  port.o(i.SysTick_Handler)
    SystemClock_Config                       0x08005191   Thumb Code   150  main.o(i.SystemClock_Config)
    SystemInit                               0x08005235   Thumb Code    68  system_stm32f7xx.o(i.SystemInit)
    TIM1_BRK_TIM9_IRQHandler                 0x08005289   Thumb Code     6  stm32f7xx_it.o(i.TIM1_BRK_TIM9_IRQHandler)
    TIM1_TRG_COM_TIM11_IRQHandler            0x08005295   Thumb Code     6  stm32f7xx_it.o(i.TIM1_TRG_COM_TIM11_IRQHandler)
    TIM1_UP_TIM10_IRQHandler                 0x080052a1   Thumb Code     6  stm32f7xx_it.o(i.TIM1_UP_TIM10_IRQHandler)
    TIM6_DAC_IRQHandler                      0x080052ad   Thumb Code     6  stm32f7xx_it.o(i.TIM6_DAC_IRQHandler)
    TIM_Base_SetConfig                       0x080052b9   Thumb Code   158  stm32f7xx_hal_tim.o(i.TIM_Base_SetConfig)
    TIM_ETR_SetConfig                        0x08005385   Thumb Code    18  stm32f7xx_hal_tim.o(i.TIM_ETR_SetConfig)
    UART_AdvFeatureConfig                    0x080053ed   Thumb Code   200  stm32f7xx_hal_uart.o(i.UART_AdvFeatureConfig)
    UART_CheckIdleState                      0x080054b5   Thumb Code    60  stm32f7xx_hal_uart.o(i.UART_CheckIdleState)
    UART_SetConfig                           0x08005605   Thumb Code   546  stm32f7xx_hal_uart.o(i.UART_SetConfig)
    UART_WaitOnFlagUntilTimeout              0x08005859   Thumb Code    96  stm32f7xx_hal_uart.o(i.UART_WaitOnFlagUntilTimeout)
    USART6_IRQHandler                        0x080058b9   Thumb Code     6  stm32f7xx_it.o(i.USART6_IRQHandler)
    UsageFault_Handler                       0x080058c5   Thumb Code     2  stm32f7xx_it.o(i.UsageFault_Handler)
    WavHeaderUpdate                          0x080058c7   Thumb Code    48  wav.o(i.WavHeaderUpdate)
    __0snprintf$1                            0x080058f9   Thumb Code    44  printf1.o(i.__0snprintf$1)
    __1snprintf$1                            0x080058f9   Thumb Code     0  printf1.o(i.__0snprintf$1)
    __2snprintf                              0x080058f9   Thumb Code     0  printf1.o(i.__0snprintf$1)
    __hardfp_sqrtf                           0x0800594b   Thumb Code    58  sqrtf.o(i.__hardfp_sqrtf)
    __scatterload_copy                       0x08005985   Thumb Code    14  handlers.o(i.__scatterload_copy)
    __scatterload_null                       0x08005993   Thumb Code     2  handlers.o(i.__scatterload_null)
    __scatterload_zeroinit                   0x08005995   Thumb Code    14  handlers.o(i.__scatterload_zeroinit)
    __set_errno                              0x080059a5   Thumb Code     6  errno.o(i.__set_errno)
    computeFFT                               0x08005c49   Thumb Code   270  freertos.o(i.computeFFT)
    disk_initialize                          0x08006185   Thumb Code    34  diskio.o(i.disk_initialize)
    disk_ioctl                               0x080061ad   Thumb Code    20  diskio.o(i.disk_ioctl)
    disk_read                                0x080061c5   Thumb Code    22  diskio.o(i.disk_read)
    disk_status                              0x080061e1   Thumb Code    16  diskio.o(i.disk_status)
    disk_write                               0x080061f5   Thumb Code    22  diskio.o(i.disk_write)
    f_close                                  0x08006211   Thumb Code    48  ff.o(i.f_close)
    f_lseek                                  0x08006241   Thumb Code   596  ff.o(i.f_lseek)
    f_mount                                  0x08006495   Thumb Code   118  ff.o(i.f_mount)
    f_open                                   0x08006511   Thumb Code   542  ff.o(i.f_open)
    f_sync                                   0x08006735   Thumb Code   162  ff.o(i.f_sync)
    f_write                                  0x080067d7   Thumb Code   476  ff.o(i.f_write)
    ff_cre_syncobj                           0x080069b3   Thumb Code    28  syscall.o(i.ff_cre_syncobj)
    ff_del_syncobj                           0x080069cf   Thumb Code    10  syscall.o(i.ff_del_syncobj)
    ff_rel_grant                             0x080069d9   Thumb Code     4  syscall.o(i.ff_rel_grant)
    ff_req_grant                             0x080069dd   Thumb Code    20  syscall.o(i.ff_req_grant)
    get_fattime                              0x08006ded   Thumb Code     4  fatfs.o(i.get_fattime)
    main                                     0x08006f15   Thumb Code   172  main.o(i.main)
    mountSD                                  0x08007005   Thumb Code    82  freertos.o(i.mountSD)
    osKernelRunning                          0x080070a3   Thumb Code    18  cmsis_os.o(i.osKernelRunning)
    osKernelStart                            0x080070b5   Thumb Code    10  cmsis_os.o(i.osKernelStart)
    osKernelSysTick                          0x080070bf   Thumb Code    24  cmsis_os.o(i.osKernelSysTick)
    osMailAlloc                              0x080070d7   Thumb Code    12  cmsis_os.o(i.osMailAlloc)
    osMailCreate                             0x080070e3   Thumb Code    86  cmsis_os.o(i.osMailCreate)
    osMailFree                               0x08007139   Thumb Code    12  cmsis_os.o(i.osMailFree)
    osMailGet                                0x08007145   Thumb Code   142  cmsis_os.o(i.osMailGet)
    osMailPut                                0x080071d9   Thumb Code    88  cmsis_os.o(i.osMailPut)
    osMessageCreate                          0x08007235   Thumb Code    38  cmsis_os.o(i.osMessageCreate)
    osMessageGet                             0x0800725d   Thumb Code   144  cmsis_os.o(i.osMessageGet)
    osMessagePut                             0x080072f1   Thumb Code    88  cmsis_os.o(i.osMessagePut)
    osPoolAlloc                              0x0800734d   Thumb Code   110  cmsis_os.o(i.osPoolAlloc)
    osPoolCreate                             0x080073bb   Thumb Code    94  cmsis_os.o(i.osPoolCreate)
    osPoolFree                               0x08007419   Thumb Code    46  cmsis_os.o(i.osPoolFree)
    osSemaphoreCreate                        0x08007447   Thumb Code    62  cmsis_os.o(i.osSemaphoreCreate)
    osSemaphoreDelete                        0x08007485   Thumb Code    24  cmsis_os.o(i.osSemaphoreDelete)
    osSemaphoreRelease                       0x0800749d   Thumb Code    74  cmsis_os.o(i.osSemaphoreRelease)
    osSemaphoreWait                          0x080074ed   Thumb Code    98  cmsis_os.o(i.osSemaphoreWait)
    osSignalSet                              0x08007555   Thumb Code    86  cmsis_os.o(i.osSignalSet)
    osSignalWait                             0x080075b1   Thumb Code    86  cmsis_os.o(i.osSignalWait)
    osThreadCreate                           0x08007607   Thumb Code    84  cmsis_os.o(i.osThreadCreate)
    osThreadResume                           0x0800765d   Thumb Code    46  cmsis_os.o(i.osThreadResume)
    osThreadSuspend                          0x08007691   Thumb Code    10  cmsis_os.o(i.osThreadSuspend)
    pvPortMalloc                             0x08007c8d   Thumb Code   222  heap_4.o(i.pvPortMalloc)
    pvTaskIncrementMutexHeldCount            0x08007d71   Thumb Code    18  tasks.o(i.pvTaskIncrementMutexHeldCount)
    pxPortInitialiseStack                    0x08007d89   Thumb Code    42  port.o(i.pxPortInitialiseStack)
    setFileName                              0x08007e2d   Thumb Code    18  freertos.o(i.setFileName)
    startADC                                 0x08007e8d   Thumb Code    28  freertos.o(i.startADC)
    stopADC                                  0x08007eb1   Thumb Code    22  freertos.o(i.stopADC)
    uxListRemove                             0x08007fbf   Thumb Code    38  list.o(i.uxListRemove)
    vApplicationGetIdleTaskMemory            0x08007fe5   Thumb Code    18  freertos.o(i.vApplicationGetIdleTaskMemory)
    vConsumer                                0x08007ffd   Thumb Code   218  freertos.o(i.vConsumer)
    vListInitialise                          0x080080f1   Thumb Code    22  list.o(i.vListInitialise)
    vListInitialiseItem                      0x08008107   Thumb Code     6  list.o(i.vListInitialiseItem)
    vListInsert                              0x0800810d   Thumb Code    48  list.o(i.vListInsert)
    vListInsertEnd                           0x0800813d   Thumb Code    24  list.o(i.vListInsertEnd)
    vPortEnterCritical                       0x08008155   Thumb Code    62  port.o(i.vPortEnterCritical)
    vPortExitCritical                        0x0800819d   Thumb Code    38  port.o(i.vPortExitCritical)
    vPortFree                                0x080081c9   Thumb Code    96  heap_4.o(i.vPortFree)
    vPortSetupTimerInterrupt                 0x0800822d   Thumb Code    32  port.o(i.vPortSetupTimerInterrupt)
    vPortValidateInterruptPriority           0x08008251   Thumb Code    82  port.o(i.vPortValidateInterruptPriority)
    vProducer                                0x080082ad   Thumb Code    58  freertos.o(i.vProducer)
    vQueueDelete                             0x080082f1   Thumb Code    50  queue.o(i.vQueueDelete)
    vQueueUnregisterQueue                    0x08008325   Thumb Code    36  queue.o(i.vQueueUnregisterQueue)
    vTaskInternalSetTimeOutState             0x0800834d   Thumb Code    12  tasks.o(i.vTaskInternalSetTimeOutState)
    vTaskMissedYield                         0x0800835d   Thumb Code     8  tasks.o(i.vTaskMissedYield)
    vTaskPlaceOnEventList                    0x08008369   Thumb Code    48  tasks.o(i.vTaskPlaceOnEventList)
    vTaskPriorityDisinheritAfterTimeout      0x0800839d   Thumb Code   174  tasks.o(i.vTaskPriorityDisinheritAfterTimeout)
    vTaskResume                              0x08008455   Thumb Code   116  tasks.o(i.vTaskResume)
    vTaskStartScheduler                      0x080084d5   Thumb Code    94  tasks.o(i.vTaskStartScheduler)
    vTaskSuspend                             0x08008545   Thumb Code   178  tasks.o(i.vTaskSuspend)
    vTaskSuspendAll                          0x08008605   Thumb Code    10  tasks.o(i.vTaskSuspendAll)
    vTaskSwitchContext                       0x08008615   Thumb Code    86  tasks.o(i.vTaskSwitchContext)
    xPortStartScheduler                      0x080086bd   Thumb Code   176  port.o(i.xPortStartScheduler)
    xQueueGenericCreate                      0x0800877d   Thumb Code    76  queue.o(i.xQueueGenericCreate)
    xQueueGenericCreateStatic                0x080087c9   Thumb Code   118  queue.o(i.xQueueGenericCreateStatic)
    xQueueGenericReset                       0x08008841   Thumb Code   148  queue.o(i.xQueueGenericReset)
    xQueueGenericSend                        0x080088d9   Thumb Code   362  queue.o(i.xQueueGenericSend)
    xQueueGenericSendFromISR                 0x08008a49   Thumb Code   204  queue.o(i.xQueueGenericSendFromISR)
    xQueueGiveFromISR                        0x08008b15   Thumb Code   172  queue.o(i.xQueueGiveFromISR)
    xQueueReceive                            0x08008bc1   Thumb Code   322  queue.o(i.xQueueReceive)
    xQueueReceiveFromISR                     0x08008d09   Thumb Code   168  queue.o(i.xQueueReceiveFromISR)
    xQueueSemaphoreTake                      0x08008db1   Thumb Code   392  queue.o(i.xQueueSemaphoreTake)
    xTaskCheckForTimeOut                     0x08008f3d   Thumb Code   124  tasks.o(i.xTaskCheckForTimeOut)
    xTaskCreate                              0x08008fbd   Thumb Code    90  tasks.o(i.xTaskCreate)
    xTaskCreateStatic                        0x08009017   Thumb Code    94  tasks.o(i.xTaskCreateStatic)
    xTaskGenericNotify                       0x08009075   Thumb Code   200  tasks.o(i.xTaskGenericNotify)
    xTaskGenericNotifyFromISR                0x08009149   Thumb Code   244  tasks.o(i.xTaskGenericNotifyFromISR)
    xTaskGetSchedulerState                   0x08009245   Thumb Code    22  tasks.o(i.xTaskGetSchedulerState)
    xTaskGetTickCount                        0x08009261   Thumb Code     6  tasks.o(i.xTaskGetTickCount)
    xTaskGetTickCountFromISR                 0x0800926d   Thumb Code    12  tasks.o(i.xTaskGetTickCountFromISR)
    xTaskIncrementTick                       0x0800927d   Thumb Code   196  tasks.o(i.xTaskIncrementTick)
    xTaskNotifyWait                          0x08009349   Thumb Code   130  tasks.o(i.xTaskNotifyWait)
    xTaskPriorityDisinherit                  0x080093d5   Thumb Code   158  tasks.o(i.xTaskPriorityDisinherit)
    xTaskPriorityInherit                     0x0800947d   Thumb Code   144  tasks.o(i.xTaskPriorityInherit)
    xTaskRemoveFromEventList                 0x08009515   Thumb Code   112  tasks.o(i.xTaskRemoveFromEventList)
    xTaskResumeAll                           0x0800958d   Thumb Code   188  tasks.o(i.xTaskResumeAll)
    xTaskResumeFromISR                       0x08009655   Thumb Code   138  tasks.o(i.xTaskResumeFromISR)
    SD_Driver                                0x0800972c   Data          20  sd_diskio.o(.constdata)
    AHBPrescTable                            0x08009758   Data          16  system_stm32f7xx.o(.constdata)
    APBPrescTable                            0x08009768   Data           8  system_stm32f7xx.o(.constdata)
    armBitRevIndexTable1024                  0x08009822   Data        3600  arm_common_tables.o(.rodata.armBitRevIndexTable1024)
    armBitRevIndexTable128                   0x0800a632   Data         416  arm_common_tables.o(.rodata.armBitRevIndexTable128)
    armBitRevIndexTable16                    0x0800a7d2   Data          40  arm_common_tables.o(.rodata.armBitRevIndexTable16)
    armBitRevIndexTable2048                  0x0800a7fa   Data        7616  arm_common_tables.o(.rodata.armBitRevIndexTable2048)
    armBitRevIndexTable256                   0x0800c5ba   Data         880  arm_common_tables.o(.rodata.armBitRevIndexTable256)
    armBitRevIndexTable32                    0x0800c92a   Data          96  arm_common_tables.o(.rodata.armBitRevIndexTable32)
    armBitRevIndexTable512                   0x0800c98a   Data         896  arm_common_tables.o(.rodata.armBitRevIndexTable512)
    twiddleCoef_1024                         0x0800cd0c   Data        8192  arm_common_tables.o(.rodata.twiddleCoef_1024)
    twiddleCoef_128                          0x0800ed0c   Data        1024  arm_common_tables.o(.rodata.twiddleCoef_128)
    twiddleCoef_16                           0x0800f10c   Data         128  arm_common_tables.o(.rodata.twiddleCoef_16)
    twiddleCoef_2048                         0x0800f18c   Data       16384  arm_common_tables.o(.rodata.twiddleCoef_2048)
    twiddleCoef_256                          0x0801318c   Data        2048  arm_common_tables.o(.rodata.twiddleCoef_256)
    twiddleCoef_32                           0x0801398c   Data         256  arm_common_tables.o(.rodata.twiddleCoef_32)
    twiddleCoef_512                          0x08013a8c   Data        4096  arm_common_tables.o(.rodata.twiddleCoef_512)
    twiddleCoef_rfft_1024                    0x08014a8c   Data        4096  arm_common_tables.o(.rodata.twiddleCoef_rfft_1024)
    twiddleCoef_rfft_2048                    0x08015a8c   Data        8192  arm_common_tables.o(.rodata.twiddleCoef_rfft_2048)
    twiddleCoef_rfft_256                     0x08017a8c   Data        1024  arm_common_tables.o(.rodata.twiddleCoef_rfft_256)
    twiddleCoef_rfft_32                      0x08017e8c   Data         128  arm_common_tables.o(.rodata.twiddleCoef_rfft_32)
    twiddleCoef_rfft_4096                    0x08017f0c   Data       16384  arm_common_tables.o(.rodata.twiddleCoef_rfft_4096)
    twiddleCoef_rfft_512                     0x0801bf0c   Data        2048  arm_common_tables.o(.rodata.twiddleCoef_rfft_512)
    twiddleCoef_rfft_64                      0x0801c70c   Data         256  arm_common_tables.o(.rodata.twiddleCoef_rfft_64)
    Region$$Table$$Base                      0x0801c80c   Number         0  anon$$obj.o(Region$$Table)
    Region$$Table$$Limit                     0x0801c82c   Number         0  anon$$obj.o(Region$$Table)
    uart_rx_buffer                           0x20000000   Data           1  main.o(.data)
    prod_signal                              0x20000004   Data           1  freertos.o(.data)
    wav_write_result                         0x20000005   Data           1  freertos.o(.data)
    waypoint_index                           0x20000008   Data           4  freertos.o(.data)
    bytes_written                            0x2000000c   Data           4  freertos.o(.data)
    maxIndex                                 0x20000010   Data           4  freertos.o(.data)
    maxValue                                 0x20000014   Data           4  freertos.o(.data)
    mail_retval                              0x20000018   Data           4  freertos.o(.data)
    prod_data                                0x2000001c   Data           4  freertos.o(.data)
    file_size                                0x20000020   Data           4  freertos.o(.data)
    freq_component                           0x20000024   Data           4  freertos.o(.data)
    prodTaskHandle                           0x20000028   Data           4  freertos.o(.data)
    conTaskHandle                            0x2000002c   Data           4  freertos.o(.data)
    adcDataMailId                            0x20000030   Data           4  freertos.o(.data)
    WAV_FILE                                 0x20000034   Data           8  freertos.o(.data)
    retSD                                    0x20000044   Data           1  fatfs.o(.data)
    SDPath                                   0x20000045   Data           4  fatfs.o(.data)
    uwTickFreq                               0x2000004c   Data           1  stm32f7xx_hal.o(.data)
    uwTickPrio                               0x20000050   Data           4  stm32f7xx_hal.o(.data)
    uwTick                                   0x20000054   Data           4  stm32f7xx_hal.o(.data)
    SystemCoreClock                          0x20000058   Data           4  system_stm32f7xx.o(.data)
    pxCurrentTCB                             0x20000064   Data           4  tasks.o(.data)
    sd_buff                                  0x200000c8   Data       16384  freertos.o(.bss)
    tmp_array                                0x200040c8   Data        2048  freertos.o(.bss)
    adc_values                               0x200048c8   Data       32768  freertos.o(.bss)
    uart_tx_buffer                           0x2000c8c8   Data        2052  freertos.o(.bss)
    wavFile                                  0x2000d0cc   Data        4144  freertos.o(.bss)
    wavHeaderBuff                            0x2000e0fc   Data          44  freertos.o(.bss)
    WaveFormat                               0x2000e128   Data          44  freertos.o(.bss)
    FatFSInstance                            0x2000e154   Data        4152  freertos.o(.bss)
    rfft_instance                            0x2000f18c   Data          24  freertos.o(.bss)
    fft_input                                0x2000f1a4   Data        4096  freertos.o(.bss)
    fft_output                               0x200101a4   Data        4096  freertos.o(.bss)
    mag_array                                0x200111a4   Data        4096  freertos.o(.bss)
    prodEvent                                0x200121a4   Data          12  freertos.o(.bss)
    consEvent                                0x200121b0   Data          12  freertos.o(.bss)
    writeEvent                               0x200121bc   Data          12  freertos.o(.bss)
    hsd1                                     0x2001241c   Data         132  sdmmc.o(.bss)
    hdma_sdmmc1_rx                           0x200124a0   Data          96  sdmmc.o(.bss)
    hdma_sdmmc1_tx                           0x20012500   Data          96  sdmmc.o(.bss)
    htim1                                    0x20012560   Data          64  tim.o(.bss)
    huart6                                   0x200125a0   Data         128  usart.o(.bss)
    hdma_usart6_rx                           0x20012620   Data          96  usart.o(.bss)
    hdma_usart6_tx                           0x20012680   Data          96  usart.o(.bss)
    htim6                                    0x200126e0   Data          64  stm32f7xx_hal_timebase_tim.o(.bss)
    hadc3                                    0x20012720   Data          72  adc.o(.bss)
    hdma_adc3                                0x20012768   Data          96  adc.o(.bss)
    disk                                     0x200129e8   Data          12  ff_gen_drv.o(.bss)
    xQueueRegistry                           0x200129f4   Data          64  queue.o(.bss)
    __initial_sp                             0x20047b28   Data           0  startup_stm32f746xx.o(STACK)



==============================================================================

Memory Map of the image

  Image Entry point : 0x080001c9

  Load Region LR_IROM1 (Base: 0x08000000, Size: 0x0001c8f4, Max: 0x00100000, ABSOLUTE)

    Execution Region ER_IROM1 (Exec base: 0x08000000, Load base: 0x08000000, Size: 0x0001c82c, Max: 0x00100000, ABSOLUTE)

    Exec Addr    Load Addr    Size         Type   Attr      Idx    E Section Name        Object

    0x08000000   0x08000000   0x000001c8   Data   RO            3    RESET               startup_stm32f746xx.o
    0x080001c8   0x080001c8   0x00000000   Code   RO         6946  * .ARM.Collect$$$$00000000  mc_w.l(entry.o)
    0x080001c8   0x080001c8   0x00000004   Code   RO         7220    .ARM.Collect$$$$00000001  mc_w.l(entry2.o)
    0x080001cc   0x080001cc   0x00000004   Code   RO         7223    .ARM.Collect$$$$00000004  mc_w.l(entry5.o)
    0x080001d0   0x080001d0   0x00000000   Code   RO         7225    .ARM.Collect$$$$00000008  mc_w.l(entry7b.o)
    0x080001d0   0x080001d0   0x00000000   Code   RO         7227    .ARM.Collect$$$$0000000A  mc_w.l(entry8b.o)
    0x080001d0   0x080001d0   0x00000008   Code   RO         7228    .ARM.Collect$$$$0000000B  mc_w.l(entry9a.o)
    0x080001d8   0x080001d8   0x00000000   Code   RO         7230    .ARM.Collect$$$$0000000D  mc_w.l(entry10a.o)
    0x080001d8   0x080001d8   0x00000000   Code   RO         7232    .ARM.Collect$$$$0000000F  mc_w.l(entry11a.o)
    0x080001d8   0x080001d8   0x00000004   Code   RO         7221    .ARM.Collect$$$$00002712  mc_w.l(entry2.o)
    0x080001dc   0x080001dc   0x000000c2   Code   RO         6661    .emb_text           port.o
    0x0800029e   0x0800029e   0x00000002   PAD
    0x080002a0   0x080002a0   0x00000024   Code   RO            4    .text               startup_stm32f746xx.o
    0x080002c4   0x080002c4   0x00000062   Code   RO         6949    .text               mc_w.l(uldiv.o)
    0x08000326   0x08000326   0x00000024   Code   RO         6951    .text               mc_w.l(memcpya.o)
    0x0800034a   0x0800034a   0x00000024   Code   RO         6955    .text               mc_w.l(memseta.o)
    0x0800036e   0x0800036e   0x0000002c   Code   RO         7237    .text               mc_w.l(uidiv.o)
    0x0800039a   0x0800039a   0x0000001e   Code   RO         7239    .text               mc_w.l(llshl.o)
    0x080003b8   0x080003b8   0x00000020   Code   RO         7241    .text               mc_w.l(llushr.o)
    0x080003d8   0x080003d8   0x00000000   Code   RO         7250    .text               mc_w.l(iusefp.o)
    0x080003d8   0x080003d8   0x00000024   Code   RO         7261    .text               mc_w.l(init.o)
    0x080003fc   0x080003fc   0x0000004c   Code   RO         6912    .text.arm_bitreversal_32  arm_cortexM7lfsp_math.lib(arm_bitreversal2.o)
    0x08000448   0x08000448   0x000000dc   Code   RO         6806    .text.arm_cfft_f32  arm_cortexM7lfsp_math.lib(arm_cfft_f32.o)
    0x08000524   0x08000524   0x0000017e   Code   RO         6802    .text.arm_cfft_radix8by2_f32  arm_cortexM7lfsp_math.lib(arm_cfft_f32.o)
    0x080006a2   0x080006a2   0x00000002   PAD
    0x080006a4   0x080006a4   0x000003dc   Code   RO         6804    .text.arm_cfft_radix8by4_f32  arm_cortexM7lfsp_math.lib(arm_cfft_f32.o)
    0x08000a80   0x08000a80   0x00000138   Code   RO         6739    .text.arm_cmplx_mag_f32  arm_cortexM7lfsp_math.lib(arm_cmplx_mag_f32.o)
    0x08000bb8   0x08000bb8   0x000000c6   Code   RO         6792    .text.arm_max_f32   arm_cortexM7lfsp_math.lib(arm_max_f32.o)
    0x08000c7e   0x08000c7e   0x00000002   PAD
    0x08000c80   0x08000c80   0x00000524   Code   RO         6925    .text.arm_radix8_butterfly_f32  arm_cortexM7lfsp_math.lib(arm_cfft_radix8_f32.o)
    0x080011a4   0x080011a4   0x0000003c   Code   RO         6775    .text.arm_rfft_1024_fast_init_f32  arm_cortexM7lfsp_math.lib(arm_rfft_fast_init_f32.o)
    0x080011e0   0x080011e0   0x0000003c   Code   RO         6777    .text.arm_rfft_2048_fast_init_f32  arm_cortexM7lfsp_math.lib(arm_rfft_fast_init_f32.o)
    0x0800121c   0x0800121c   0x00000038   Code   RO         6771    .text.arm_rfft_256_fast_init_f32  arm_cortexM7lfsp_math.lib(arm_rfft_fast_init_f32.o)
    0x08001254   0x08001254   0x00000036   Code   RO         6765    .text.arm_rfft_32_fast_init_f32  arm_cortexM7lfsp_math.lib(arm_rfft_fast_init_f32.o)
    0x0800128a   0x0800128a   0x0000003c   Code   RO         6779    .text.arm_rfft_4096_fast_init_f32  arm_cortexM7lfsp_math.lib(arm_rfft_fast_init_f32.o)
    0x080012c6   0x080012c6   0x0000003c   Code   RO         6773    .text.arm_rfft_512_fast_init_f32  arm_cortexM7lfsp_math.lib(arm_rfft_fast_init_f32.o)
    0x08001302   0x08001302   0x00000036   Code   RO         6767    .text.arm_rfft_64_fast_init_f32  arm_cortexM7lfsp_math.lib(arm_rfft_fast_init_f32.o)
    0x08001338   0x08001338   0x00000050   Code   RO         6754    .text.arm_rfft_fast_f32  arm_cortexM7lfsp_math.lib(arm_rfft_fast_f32.o)
    0x08001388   0x08001388   0x0000007e   Code   RO         6781    .text.arm_rfft_fast_init_f32  arm_cortexM7lfsp_math.lib(arm_rfft_fast_init_f32.o)
    0x08001406   0x08001406   0x00000002   PAD
    0x08001408   0x08001408   0x000000aa   Code   RO         6752    .text.merge_rfft_f32  arm_cortexM7lfsp_math.lib(arm_rfft_fast_f32.o)
    0x080014b2   0x080014b2   0x00000002   PAD
    0x080014b4   0x080014b4   0x000000a4   Code   RO         6750    .text.stage_rfft_f32  arm_cortexM7lfsp_math.lib(arm_rfft_fast_f32.o)
    0x08001558   0x08001558   0x0000006e   Code   RO         1135    i.ADC_DMAConvCplt   stm32f7xx_hal_adc.o
    0x080015c6   0x080015c6   0x00000016   Code   RO         1136    i.ADC_DMAError      stm32f7xx_hal_adc.o
    0x080015dc   0x080015dc   0x0000000a   Code   RO         1137    i.ADC_DMAHalfConvCplt  stm32f7xx_hal_adc.o
    0x080015e6   0x080015e6   0x00000002   PAD
    0x080015e8   0x080015e8   0x0000000c   Code   RO          604    i.ADC_IRQHandler    stm32f7xx_it.o
    0x080015f4   0x080015f4   0x00000138   Code   RO         1138    i.ADC_Init          stm32f7xx_hal_adc.o
    0x0800172c   0x0800172c   0x00000002   Code   RO          875    i.BSP_SD_AbortCallback  bsp_driver_sd.o
    0x0800172e   0x0800172e   0x00000002   PAD
    0x08001730   0x08001730   0x0000000c   Code   RO          877    i.BSP_SD_GetCardInfo  bsp_driver_sd.o
    0x0800173c   0x0800173c   0x00000018   Code   RO          878    i.BSP_SD_GetCardState  bsp_driver_sd.o
    0x08001754   0x08001754   0x00000030   Code   RO          880    i.BSP_SD_Init       bsp_driver_sd.o
    0x08001784   0x08001784   0x0000000e   Code   RO          881    i.BSP_SD_IsDetected  bsp_driver_sd.o
    0x08001792   0x08001792   0x00000002   PAD
    0x08001794   0x08001794   0x0000001c   Code   RO          883    i.BSP_SD_ReadBlocks_DMA  bsp_driver_sd.o
    0x080017b0   0x080017b0   0x00000014   Code   RO          990    i.BSP_SD_ReadCpltCallback  sd_diskio.o
    0x080017c4   0x080017c4   0x0000001c   Code   RO          886    i.BSP_SD_WriteBlocks_DMA  bsp_driver_sd.o
    0x080017e0   0x080017e0   0x00000014   Code   RO          991    i.BSP_SD_WriteCpltCallback  sd_diskio.o
    0x080017f4   0x080017f4   0x00000002   Code   RO          605    i.BusFault_Handler  stm32f7xx_it.o
    0x080017f6   0x080017f6   0x00000002   PAD
    0x080017f8   0x080017f8   0x0000000c   Code   RO          606    i.DMA2_Stream0_IRQHandler  stm32f7xx_it.o
    0x08001804   0x08001804   0x0000000c   Code   RO          607    i.DMA2_Stream1_IRQHandler  stm32f7xx_it.o
    0x08001810   0x08001810   0x0000000c   Code   RO          608    i.DMA2_Stream3_IRQHandler  stm32f7xx_it.o
    0x0800181c   0x0800181c   0x0000000c   Code   RO          609    i.DMA2_Stream6_IRQHandler  stm32f7xx_it.o
    0x08001828   0x08001828   0x0000000c   Code   RO          610    i.DMA2_Stream7_IRQHandler  stm32f7xx_it.o
    0x08001834   0x08001834   0x00000028   Code   RO         1820    i.DMA_CalcBaseAndBitshift  stm32f7xx_hal_dma.o
    0x0800185c   0x0800185c   0x00000054   Code   RO         1821    i.DMA_CheckFifoParam  stm32f7xx_hal_dma.o
    0x080018b0   0x080018b0   0x00000028   Code   RO         1822    i.DMA_SetConfig     stm32f7xx_hal_dma.o
    0x080018d8   0x080018d8   0x00000002   Code   RO          611    i.DebugMon_Handler  stm32f7xx_it.o
    0x080018da   0x080018da   0x00000002   Code   RO           13    i.Error_Handler     main.o
    0x080018dc   0x080018dc   0x00000006   Code   RO         5345    i.FATFS_LinkDriver  ff_gen_drv.o
    0x080018e2   0x080018e2   0x00000002   PAD
    0x080018e4   0x080018e4   0x00000040   Code   RO         5346    i.FATFS_LinkDriverEx  ff_gen_drv.o
    0x08001924   0x08001924   0x00000002   Code   RO         1309    i.HAL_ADCEx_InjectedConvCpltCallback  stm32f7xx_hal_adc_ex.o
    0x08001926   0x08001926   0x00000002   PAD
    0x08001928   0x08001928   0x00000164   Code   RO         1140    i.HAL_ADC_ConfigChannel  stm32f7xx_hal_adc.o
    0x08001a8c   0x08001a8c   0x0000003c   Code   RO          296    i.HAL_ADC_ConvCpltCallback  freertos.o
    0x08001ac8   0x08001ac8   0x00000030   Code   RO          297    i.HAL_ADC_ConvHalfCpltCallback  freertos.o
    0x08001af8   0x08001af8   0x00000002   Code   RO         1144    i.HAL_ADC_ErrorCallback  stm32f7xx_hal_adc.o
    0x08001afa   0x08001afa   0x0000013c   Code   RO         1148    i.HAL_ADC_IRQHandler  stm32f7xx_hal_adc.o
    0x08001c36   0x08001c36   0x00000054   Code   RO         1149    i.HAL_ADC_Init      stm32f7xx_hal_adc.o
    0x08001c8a   0x08001c8a   0x00000002   Code   RO         1150    i.HAL_ADC_LevelOutOfWindowCallback  stm32f7xx_hal_adc.o
    0x08001c8c   0x08001c8c   0x000000b8   Code   RO          798    i.HAL_ADC_MspInit   adc.o
    0x08001d44   0x08001d44   0x00000120   Code   RO         1156    i.HAL_ADC_Start_DMA  stm32f7xx_hal_adc.o
    0x08001e64   0x08001e64   0x00000058   Code   RO         1159    i.HAL_ADC_Stop_DMA  stm32f7xx_hal_adc.o
    0x08001ebc   0x08001ebc   0x00000092   Code   RO         1823    i.HAL_DMA_Abort     stm32f7xx_hal_dma.o
    0x08001f4e   0x08001f4e   0x00000024   Code   RO         1824    i.HAL_DMA_Abort_IT  stm32f7xx_hal_dma.o
    0x08001f72   0x08001f72   0x00000004   Code   RO         1826    i.HAL_DMA_GetError  stm32f7xx_hal_dma.o
    0x08001f76   0x08001f76   0x00000002   PAD
    0x08001f78   0x08001f78   0x000001a0   Code   RO         1828    i.HAL_DMA_IRQHandler  stm32f7xx_hal_dma.o
    0x08002118   0x08002118   0x000000e4   Code   RO         1829    i.HAL_DMA_Init      stm32f7xx_hal_dma.o
    0x080021fc   0x080021fc   0x0000007a   Code   RO         1833    i.HAL_DMA_Start_IT  stm32f7xx_hal_dma.o
    0x08002276   0x08002276   0x00000002   PAD
    0x08002278   0x08002278   0x00000024   Code   RO         2325    i.HAL_Delay         stm32f7xx_hal.o
    0x0800229c   0x0800229c   0x000001d8   Code   RO         1757    i.HAL_GPIO_Init     stm32f7xx_hal_gpio.o
    0x08002474   0x08002474   0x0000000e   Code   RO         1760    i.HAL_GPIO_TogglePin  stm32f7xx_hal_gpio.o
    0x08002482   0x08002482   0x0000000a   Code   RO         1761    i.HAL_GPIO_WritePin  stm32f7xx_hal_gpio.o
    0x0800248c   0x0800248c   0x0000000c   Code   RO         2333    i.HAL_GetTick       stm32f7xx_hal.o
    0x08002498   0x08002498   0x00000010   Code   RO         2339    i.HAL_IncTick       stm32f7xx_hal.o
    0x080024a8   0x080024a8   0x0000002c   Code   RO         2340    i.HAL_Init          stm32f7xx_hal.o
    0x080024d4   0x080024d4   0x00000074   Code   RO          758    i.HAL_InitTick      stm32f7xx_hal_timebase_tim.o
    0x08002548   0x08002548   0x00000044   Code   RO          734    i.HAL_MspInit       stm32f7xx_hal_msp.o
    0x0800258c   0x0800258c   0x0000001a   Code   RO         2188    i.HAL_NVIC_EnableIRQ  stm32f7xx_hal_cortex.o
    0x080025a6   0x080025a6   0x00000002   PAD
    0x080025a8   0x080025a8   0x00000040   Code   RO         2194    i.HAL_NVIC_SetPriority  stm32f7xx_hal_cortex.o
    0x080025e8   0x080025e8   0x00000024   Code   RO         2195    i.HAL_NVIC_SetPriorityGrouping  stm32f7xx_hal_cortex.o
    0x0800260c   0x0800260c   0x0000006c   Code   RO         2097    i.HAL_PWREx_EnableOverDrive  stm32f7xx_hal_pwr_ex.o
    0x08002678   0x08002678   0x000004fc   Code   RO         1518    i.HAL_RCCEx_PeriphCLKConfig  stm32f7xx_hal_rcc_ex.o
    0x08002b74   0x08002b74   0x0000012c   Code   RO         1411    i.HAL_RCC_ClockConfig  stm32f7xx_hal_rcc.o
    0x08002ca0   0x08002ca0   0x00000040   Code   RO         1415    i.HAL_RCC_GetClockConfig  stm32f7xx_hal_rcc.o
    0x08002ce0   0x08002ce0   0x00000020   Code   RO         1418    i.HAL_RCC_GetPCLK1Freq  stm32f7xx_hal_rcc.o
    0x08002d00   0x08002d00   0x00000020   Code   RO         1419    i.HAL_RCC_GetPCLK2Freq  stm32f7xx_hal_rcc.o
    0x08002d20   0x08002d20   0x00000060   Code   RO         1420    i.HAL_RCC_GetSysClockFreq  stm32f7xx_hal_rcc.o
    0x08002d80   0x08002d80   0x00000338   Code   RO         1423    i.HAL_RCC_OscConfig  stm32f7xx_hal_rcc.o
    0x080030b8   0x080030b8   0x00000008   Code   RO          888    i.HAL_SD_AbortCallback  bsp_driver_sd.o
    0x080030c0   0x080030c0   0x00000078   Code   RO         3342    i.HAL_SD_ConfigWideBusOperation  stm32f7xx_hal_sd.o
    0x08003138   0x08003138   0x00000002   Code   RO         3345    i.HAL_SD_ErrorCallback  stm32f7xx_hal_sd.o
    0x0800313a   0x0800313a   0x000001fa   Code   RO         3347    i.HAL_SD_GetCardCSD  stm32f7xx_hal_sd.o
    0x08003334   0x08003334   0x00000024   Code   RO         3348    i.HAL_SD_GetCardInfo  stm32f7xx_hal_sd.o
    0x08003358   0x08003358   0x0000002c   Code   RO         3349    i.HAL_SD_GetCardState  stm32f7xx_hal_sd.o
    0x08003384   0x08003384   0x000001a8   Code   RO         3353    i.HAL_SD_IRQHandler  stm32f7xx_hal_sd.o
    0x0800352c   0x0800352c   0x00000036   Code   RO         3354    i.HAL_SD_Init       stm32f7xx_hal_sd.o
    0x08003562   0x08003562   0x0000005c   Code   RO         3355    i.HAL_SD_InitCard   stm32f7xx_hal_sd.o
    0x080035be   0x080035be   0x00000002   PAD
    0x080035c0   0x080035c0   0x00000170   Code   RO          478    i.HAL_SD_MspInit    sdmmc.o
    0x08003730   0x08003730   0x000000f4   Code   RO         3359    i.HAL_SD_ReadBlocks_DMA  stm32f7xx_hal_sd.o
    0x08003824   0x08003824   0x00000008   Code   RO          889    i.HAL_SD_RxCpltCallback  bsp_driver_sd.o
    0x0800382c   0x0800382c   0x00000008   Code   RO          890    i.HAL_SD_TxCpltCallback  bsp_driver_sd.o
    0x08003834   0x08003834   0x000000f8   Code   RO         3364    i.HAL_SD_WriteBlocks_DMA  stm32f7xx_hal_sd.o
    0x0800392c   0x0800392c   0x00000002   Code   RO         4261    i.HAL_TIMEx_Break2Callback  stm32f7xx_hal_tim_ex.o
    0x0800392e   0x0800392e   0x00000002   Code   RO         4262    i.HAL_TIMEx_BreakCallback  stm32f7xx_hal_tim_ex.o
    0x08003930   0x08003930   0x00000002   Code   RO         4263    i.HAL_TIMEx_CommutCallback  stm32f7xx_hal_tim_ex.o
    0x08003932   0x08003932   0x00000002   PAD
    0x08003934   0x08003934   0x00000060   Code   RO         4281    i.HAL_TIMEx_MasterConfigSynchronization  stm32f7xx_hal_tim_ex.o
    0x08003994   0x08003994   0x00000036   Code   RO         3576    i.HAL_TIM_Base_Init  stm32f7xx_hal_tim.o
    0x080039ca   0x080039ca   0x00000002   PAD
    0x080039cc   0x080039cc   0x0000005c   Code   RO          520    i.HAL_TIM_Base_MspInit  tim.o
    0x08003a28   0x08003a28   0x00000030   Code   RO         3579    i.HAL_TIM_Base_Start  stm32f7xx_hal_tim.o
    0x08003a58   0x08003a58   0x0000002c   Code   RO         3581    i.HAL_TIM_Base_Start_IT  stm32f7xx_hal_tim.o
    0x08003a84   0x08003a84   0x000000dc   Code   RO         3585    i.HAL_TIM_ConfigClockSource  stm32f7xx_hal_tim.o
    0x08003b60   0x08003b60   0x00000002   Code   RO         3605    i.HAL_TIM_IC_CaptureCallback  stm32f7xx_hal_tim.o
    0x08003b62   0x08003b62   0x00000182   Code   RO         3619    i.HAL_TIM_IRQHandler  stm32f7xx_hal_tim.o
    0x08003ce4   0x08003ce4   0x00000002   Code   RO         3622    i.HAL_TIM_OC_DelayElapsedCallback  stm32f7xx_hal_tim.o
    0x08003ce6   0x08003ce6   0x00000002   Code   RO         3649    i.HAL_TIM_PWM_PulseFinishedCallback  stm32f7xx_hal_tim.o
    0x08003ce8   0x08003ce8   0x00000014   Code   RO           14    i.HAL_TIM_PeriodElapsedCallback  main.o
    0x08003cfc   0x08003cfc   0x00000002   Code   RO         3662    i.HAL_TIM_TriggerCallback  stm32f7xx_hal_tim.o
    0x08003cfe   0x08003cfe   0x00000002   Code   RO         4546    i.HAL_UART_ErrorCallback  stm32f7xx_hal_uart.o
    0x08003d00   0x08003d00   0x00000128   Code   RO         4549    i.HAL_UART_IRQHandler  stm32f7xx_hal_uart.o
    0x08003e28   0x08003e28   0x00000066   Code   RO         4550    i.HAL_UART_Init     stm32f7xx_hal_uart.o
    0x08003e8e   0x08003e8e   0x00000002   PAD
    0x08003e90   0x08003e90   0x000000d8   Code   RO          562    i.HAL_UART_MspInit  usart.o
    0x08003f68   0x08003f68   0x0000009c   Code   RO         4554    i.HAL_UART_Receive_DMA  stm32f7xx_hal_uart.o
    0x08004004   0x08004004   0x00000040   Code   RO          298    i.HAL_UART_RxCpltCallback  freertos.o
    0x08004044   0x08004044   0x00000002   Code   RO         4557    i.HAL_UART_RxHalfCpltCallback  stm32f7xx_hal_uart.o
    0x08004046   0x08004046   0x00000002   PAD
    0x08004048   0x08004048   0x00000094   Code   RO         4559    i.HAL_UART_Transmit_DMA  stm32f7xx_hal_uart.o
    0x080040dc   0x080040dc   0x00000002   Code   RO          299    i.HAL_UART_TxCpltCallback  freertos.o
    0x080040de   0x080040de   0x00000002   Code   RO         4562    i.HAL_UART_TxHalfCpltCallback  stm32f7xx_hal_uart.o
    0x080040e0   0x080040e0   0x00000002   Code   RO          612    i.HardFault_Handler  stm32f7xx_it.o
    0x080040e2   0x080040e2   0x00000002   PAD
    0x080040e4   0x080040e4   0x00000030   Code   RO          839    i.InitialiseWavEncoder  wav.o
    0x08004114   0x08004114   0x00000064   Code   RO          799    i.MX_ADC3_Init      adc.o
    0x08004178   0x08004178   0x0000006c   Code   RO          453    i.MX_DMA_Init       dma.o
    0x080041e4   0x080041e4   0x0000001c   Code   RO         1091    i.MX_FATFS_Init     fatfs.o
    0x08004200   0x08004200   0x00000054   Code   RO          300    i.MX_FREERTOS_Init  freertos.o
    0x08004254   0x08004254   0x00000090   Code   RO          268    i.MX_GPIO_Init      gpio.o
    0x080042e4   0x080042e4   0x00000020   Code   RO          479    i.MX_SDMMC1_SD_Init  sdmmc.o
    0x08004304   0x08004304   0x00000070   Code   RO          521    i.MX_TIM1_Init      tim.o
    0x08004374   0x08004374   0x0000003c   Code   RO          563    i.MX_USART6_UART_Init  usart.o
    0x080043b0   0x080043b0   0x00000002   Code   RO          613    i.MemManage_Handler  stm32f7xx_it.o
    0x080043b2   0x080043b2   0x00000002   Code   RO          614    i.NMI_Handler       stm32f7xx_it.o
    0x080043b4   0x080043b4   0x000000c2   Code   RO          840    i.ProcessWavHeader  wav.o
    0x08004476   0x08004476   0x00000002   PAD
    0x08004478   0x08004478   0x0000000c   Code   RO          615    i.SDMMC1_IRQHandler  stm32f7xx_it.o
    0x08004484   0x08004484   0x00000032   Code   RO         3075    i.SDMMC_CmdAppCommand  stm32f7xx_ll_sdmmc.o
    0x080044b6   0x080044b6   0x00000002   PAD
    0x080044b8   0x080044b8   0x00000034   Code   RO         3076    i.SDMMC_CmdAppOperCommand  stm32f7xx_ll_sdmmc.o
    0x080044ec   0x080044ec   0x00000032   Code   RO         3077    i.SDMMC_CmdBlockLength  stm32f7xx_ll_sdmmc.o
    0x0800451e   0x0800451e   0x00000032   Code   RO         3078    i.SDMMC_CmdBusWidth  stm32f7xx_ll_sdmmc.o
    0x08004550   0x08004550   0x00000050   Code   RO         3082    i.SDMMC_CmdGoIdleState  stm32f7xx_ll_sdmmc.o
    0x080045a0   0x080045a0   0x00000064   Code   RO         3084    i.SDMMC_CmdOperCond  stm32f7xx_ll_sdmmc.o
    0x08004604   0x08004604   0x00000032   Code   RO         3085    i.SDMMC_CmdReadMultiBlock  stm32f7xx_ll_sdmmc.o
    0x08004636   0x08004636   0x00000032   Code   RO         3086    i.SDMMC_CmdReadSingleBlock  stm32f7xx_ll_sdmmc.o
    0x08004668   0x08004668   0x00000030   Code   RO         3089    i.SDMMC_CmdSelDesel  stm32f7xx_ll_sdmmc.o
    0x08004698   0x08004698   0x0000002a   Code   RO         3090    i.SDMMC_CmdSendCID  stm32f7xx_ll_sdmmc.o
    0x080046c2   0x080046c2   0x0000002e   Code   RO         3091    i.SDMMC_CmdSendCSD  stm32f7xx_ll_sdmmc.o
    0x080046f0   0x080046f0   0x00000030   Code   RO         3092    i.SDMMC_CmdSendSCR  stm32f7xx_ll_sdmmc.o
    0x08004720   0x08004720   0x00000032   Code   RO         3093    i.SDMMC_CmdSendStatus  stm32f7xx_ll_sdmmc.o
    0x08004752   0x08004752   0x00000030   Code   RO         3094    i.SDMMC_CmdSetRelAdd  stm32f7xx_ll_sdmmc.o
    0x08004782   0x08004782   0x00000002   PAD
    0x08004784   0x08004784   0x00000034   Code   RO         3096    i.SDMMC_CmdStopTransfer  stm32f7xx_ll_sdmmc.o
    0x080047b8   0x080047b8   0x00000032   Code   RO         3098    i.SDMMC_CmdWriteMultiBlock  stm32f7xx_ll_sdmmc.o
    0x080047ea   0x080047ea   0x00000032   Code   RO         3099    i.SDMMC_CmdWriteSingleBlock  stm32f7xx_ll_sdmmc.o
    0x0800481c   0x0800481c   0x00000026   Code   RO         3100    i.SDMMC_ConfigData  stm32f7xx_ll_sdmmc.o
    0x08004842   0x08004842   0x00000002   PAD
    0x08004844   0x08004844   0x0000011c   Code   RO         3101    i.SDMMC_GetCmdResp1  stm32f7xx_ll_sdmmc.o
    0x08004960   0x08004960   0x00000050   Code   RO         3102    i.SDMMC_GetCmdResp2  stm32f7xx_ll_sdmmc.o
    0x080049b0   0x080049b0   0x00000040   Code   RO         3103    i.SDMMC_GetCmdResp3  stm32f7xx_ll_sdmmc.o
    0x080049f0   0x080049f0   0x00000084   Code   RO         3104    i.SDMMC_GetCmdResp6  stm32f7xx_ll_sdmmc.o
    0x08004a74   0x08004a74   0x00000008   Code   RO         3108    i.SDMMC_GetPowerState  stm32f7xx_ll_sdmmc.o
    0x08004a7c   0x08004a7c   0x0000000c   Code   RO         3109    i.SDMMC_GetResponse  stm32f7xx_ll_sdmmc.o
    0x08004a88   0x08004a88   0x00000022   Code   RO         3110    i.SDMMC_Init        stm32f7xx_ll_sdmmc.o
    0x08004aaa   0x08004aaa   0x00000008   Code   RO         3112    i.SDMMC_PowerState_ON  stm32f7xx_ll_sdmmc.o
    0x08004ab2   0x08004ab2   0x00000006   Code   RO         3113    i.SDMMC_ReadFIFO    stm32f7xx_ll_sdmmc.o
    0x08004ab8   0x08004ab8   0x00000022   Code   RO         3114    i.SDMMC_SendCommand  stm32f7xx_ll_sdmmc.o
    0x08004ada   0x08004ada   0x0000000a   Code   RO         3116    i.SDMMC_WriteFIFO   stm32f7xx_ll_sdmmc.o
    0x08004ae4   0x08004ae4   0x00000020   Code   RO          992    i.SD_CheckStatus    sd_diskio.o
    0x08004b04   0x08004b04   0x00000024   Code   RO          993    i.SD_CheckStatusWithTimeout  sd_diskio.o
    0x08004b28   0x08004b28   0x0000005e   Code   RO         3366    i.SD_DMAError       stm32f7xx_hal_sd.o
    0x08004b86   0x08004b86   0x0000003e   Code   RO         3367    i.SD_DMAReceiveCplt  stm32f7xx_hal_sd.o
    0x08004bc4   0x08004bc4   0x00000048   Code   RO         3368    i.SD_DMARxAbort     stm32f7xx_hal_sd.o
    0x08004c0c   0x08004c0c   0x0000000e   Code   RO         3369    i.SD_DMATransmitCplt  stm32f7xx_hal_sd.o
    0x08004c1a   0x08004c1a   0x00000048   Code   RO         3370    i.SD_DMATxAbort     stm32f7xx_hal_sd.o
    0x08004c62   0x08004c62   0x000000d6   Code   RO         3371    i.SD_FindSCR        stm32f7xx_hal_sd.o
    0x08004d38   0x08004d38   0x000000e6   Code   RO         3372    i.SD_InitCard       stm32f7xx_hal_sd.o
    0x08004e1e   0x08004e1e   0x000000a6   Code   RO         3373    i.SD_PowerON        stm32f7xx_hal_sd.o
    0x08004ec4   0x08004ec4   0x0000004e   Code   RO         3375    i.SD_WideBus_Disable  stm32f7xx_hal_sd.o
    0x08004f12   0x08004f12   0x0000004e   Code   RO         3376    i.SD_WideBus_Enable  stm32f7xx_hal_sd.o
    0x08004f60   0x08004f60   0x00000048   Code   RO          994    i.SD_initialize     sd_diskio.o
    0x08004fa8   0x08004fa8   0x00000058   Code   RO          995    i.SD_ioctl          sd_diskio.o
    0x08005000   0x08005000   0x000000a0   Code   RO          996    i.SD_read           sd_diskio.o
    0x080050a0   0x080050a0   0x00000004   Code   RO          997    i.SD_status         sd_diskio.o
    0x080050a4   0x080050a4   0x000000bc   Code   RO          998    i.SD_write          sd_diskio.o
    0x08005160   0x08005160   0x00000030   Code   RO         6662    i.SysTick_Handler   port.o
    0x08005190   0x08005190   0x000000a4   Code   RO           15    i.SystemClock_Config  main.o
    0x08005234   0x08005234   0x00000054   Code   RO         4911    i.SystemInit        system_stm32f7xx.o
    0x08005288   0x08005288   0x0000000c   Code   RO          616    i.TIM1_BRK_TIM9_IRQHandler  stm32f7xx_it.o
    0x08005294   0x08005294   0x0000000c   Code   RO          617    i.TIM1_TRG_COM_TIM11_IRQHandler  stm32f7xx_it.o
    0x080052a0   0x080052a0   0x0000000c   Code   RO          618    i.TIM1_UP_TIM10_IRQHandler  stm32f7xx_it.o
    0x080052ac   0x080052ac   0x0000000c   Code   RO          619    i.TIM6_DAC_IRQHandler  stm32f7xx_it.o
    0x080052b8   0x080052b8   0x000000cc   Code   RO         3664    i.TIM_Base_SetConfig  stm32f7xx_hal_tim.o
    0x08005384   0x08005384   0x00000012   Code   RO         3675    i.TIM_ETR_SetConfig  stm32f7xx_hal_tim.o
    0x08005396   0x08005396   0x00000010   Code   RO         3676    i.TIM_ITRx_SetConfig  stm32f7xx_hal_tim.o
    0x080053a6   0x080053a6   0x00000022   Code   RO         3684    i.TIM_TI1_ConfigInputStage  stm32f7xx_hal_tim.o
    0x080053c8   0x080053c8   0x00000024   Code   RO         3686    i.TIM_TI2_ConfigInputStage  stm32f7xx_hal_tim.o
    0x080053ec   0x080053ec   0x000000c8   Code   RO         4563    i.UART_AdvFeatureConfig  stm32f7xx_hal_uart.o
    0x080054b4   0x080054b4   0x0000003c   Code   RO         4564    i.UART_CheckIdleState  stm32f7xx_hal_uart.o
    0x080054f0   0x080054f0   0x00000014   Code   RO         4565    i.UART_DMAAbortOnError  stm32f7xx_hal_uart.o
    0x08005504   0x08005504   0x00000046   Code   RO         4566    i.UART_DMAError     stm32f7xx_hal_uart.o
    0x0800554a   0x0800554a   0x0000003a   Code   RO         4567    i.UART_DMAReceiveCplt  stm32f7xx_hal_uart.o
    0x08005584   0x08005584   0x0000000a   Code   RO         4569    i.UART_DMARxHalfCplt  stm32f7xx_hal_uart.o
    0x0800558e   0x0800558e   0x0000003c   Code   RO         4571    i.UART_DMATransmitCplt  stm32f7xx_hal_uart.o
    0x080055ca   0x080055ca   0x0000000a   Code   RO         4573    i.UART_DMATxHalfCplt  stm32f7xx_hal_uart.o
    0x080055d4   0x080055d4   0x00000020   Code   RO         4575    i.UART_EndRxTransfer  stm32f7xx_hal_uart.o
    0x080055f4   0x080055f4   0x00000010   Code   RO         4576    i.UART_EndTxTransfer  stm32f7xx_hal_uart.o
    0x08005604   0x08005604   0x00000254   Code   RO         4579    i.UART_SetConfig    stm32f7xx_hal_uart.o
    0x08005858   0x08005858   0x00000060   Code   RO         4582    i.UART_WaitOnFlagUntilTimeout  stm32f7xx_hal_uart.o
    0x080058b8   0x080058b8   0x0000000c   Code   RO          620    i.USART6_IRQHandler  stm32f7xx_it.o
    0x080058c4   0x080058c4   0x00000002   Code   RO          621    i.UsageFault_Handler  stm32f7xx_it.o
    0x080058c6   0x080058c6   0x00000030   Code   RO          841    i.WavHeaderUpdate   wav.o
    0x080058f6   0x080058f6   0x00000002   PAD
    0x080058f8   0x080058f8   0x00000030   Code   RO         7005    i.__0snprintf$1     mc_w.l(printf1.o)
    0x08005928   0x08005928   0x00000022   Code   RO         2201    i.__NVIC_SetPriority  stm32f7xx_hal_cortex.o
    0x0800594a   0x0800594a   0x0000003a   Code   RO         6934    i.__hardfp_sqrtf    m_wm.l(sqrtf.o)
    0x08005984   0x08005984   0x0000000e   Code   RO         7271    i.__scatterload_copy  mc_w.l(handlers.o)
    0x08005992   0x08005992   0x00000002   Code   RO         7272    i.__scatterload_null  mc_w.l(handlers.o)
    0x08005994   0x08005994   0x0000000e   Code   RO         7273    i.__scatterload_zeroinit  mc_w.l(handlers.o)
    0x080059a2   0x080059a2   0x00000002   PAD
    0x080059a4   0x080059a4   0x0000000c   Code   RO         7245    i.__set_errno       mc_w.l(errno.o)
    0x080059b0   0x080059b0   0x00000154   Code   RO         7011    i._printf_core      mc_w.l(printf1.o)
    0x08005b04   0x08005b04   0x00000016   Code   RO         7012    i._snputc           mc_w.l(printf1.o)
    0x08005b1a   0x08005b1a   0x00000002   PAD
    0x08005b1c   0x08005b1c   0x00000070   Code   RO         5003    i.check_fs          ff.o
    0x08005b8c   0x08005b8c   0x0000005c   Code   RO         5004    i.chk_lock          ff.o
    0x08005be8   0x08005be8   0x00000020   Code   RO         5005    i.clear_lock        ff.o
    0x08005c08   0x08005c08   0x00000026   Code   RO         5006    i.clmt_clust        ff.o
    0x08005c2e   0x08005c2e   0x00000018   Code   RO         5007    i.clust2sect        ff.o
    0x08005c46   0x08005c46   0x00000002   PAD
    0x08005c48   0x08005c48   0x00000144   Code   RO          301    i.computeFFT        freertos.o
    0x08005d8c   0x08005d8c   0x000000a6   Code   RO         5008    i.create_chain      ff.o
    0x08005e32   0x08005e32   0x00000002   PAD
    0x08005e34   0x08005e34   0x000000bc   Code   RO         5009    i.create_name       ff.o
    0x08005ef0   0x08005ef0   0x00000034   Code   RO         5010    i.dec_lock          ff.o
    0x08005f24   0x08005f24   0x00000066   Code   RO         5011    i.dir_find          ff.o
    0x08005f8a   0x08005f8a   0x00000002   PAD
    0x08005f8c   0x08005f8c   0x00000102   Code   RO         5012    i.dir_next          ff.o
    0x0800608e   0x0800608e   0x00000066   Code   RO         5014    i.dir_register      ff.o
    0x080060f4   0x080060f4   0x0000008e   Code   RO         5016    i.dir_sdi           ff.o
    0x08006182   0x08006182   0x00000002   PAD
    0x08006184   0x08006184   0x00000028   Code   RO         4948    i.disk_initialize   diskio.o
    0x080061ac   0x080061ac   0x00000018   Code   RO         4949    i.disk_ioctl        diskio.o
    0x080061c4   0x080061c4   0x0000001c   Code   RO         4950    i.disk_read         diskio.o
    0x080061e0   0x080061e0   0x00000014   Code   RO         4951    i.disk_status       diskio.o
    0x080061f4   0x080061f4   0x0000001c   Code   RO         4952    i.disk_write        diskio.o
    0x08006210   0x08006210   0x00000030   Code   RO         5017    i.f_close           ff.o
    0x08006240   0x08006240   0x00000254   Code   RO         5021    i.f_lseek           ff.o
    0x08006494   0x08006494   0x0000007c   Code   RO         5024    i.f_mount           ff.o
    0x08006510   0x08006510   0x00000224   Code   RO         5025    i.f_open            ff.o
    0x08006734   0x08006734   0x000000a2   Code   RO         5034    i.f_sync            ff.o
    0x080067d6   0x080067d6   0x000001dc   Code   RO         5037    i.f_write           ff.o
    0x080069b2   0x080069b2   0x0000001c   Code   RO         5395    i.ff_cre_syncobj    syscall.o
    0x080069ce   0x080069ce   0x0000000a   Code   RO         5396    i.ff_del_syncobj    syscall.o
    0x080069d8   0x080069d8   0x00000004   Code   RO         5397    i.ff_rel_grant      syscall.o
    0x080069dc   0x080069dc   0x00000014   Code   RO         5398    i.ff_req_grant      syscall.o
    0x080069f0   0x080069f0   0x00000298   Code   RO         5038    i.find_volume       ff.o
    0x08006c88   0x08006c88   0x0000007a   Code   RO         5039    i.follow_path       ff.o
    0x08006d02   0x08006d02   0x000000ea   Code   RO         5040    i.get_fat           ff.o
    0x08006dec   0x08006dec   0x00000004   Code   RO         1092    i.get_fattime       fatfs.o
    0x08006df0   0x08006df0   0x0000003c   Code   RO         5042    i.get_ldnumber      ff.o
    0x08006e2c   0x08006e2c   0x0000000c   Code   RO         6228    i.inHandlerMode     cmsis_os.o
    0x08006e38   0x08006e38   0x00000080   Code   RO         5043    i.inc_lock          ff.o
    0x08006eb8   0x08006eb8   0x00000026   Code   RO         5044    i.ld_clust          ff.o
    0x08006ede   0x08006ede   0x00000016   Code   RO         5045    i.ld_dword          ff.o
    0x08006ef4   0x08006ef4   0x0000000a   Code   RO         5046    i.ld_word           ff.o
    0x08006efe   0x08006efe   0x00000014   Code   RO         5047    i.lock_fs           ff.o
    0x08006f12   0x08006f12   0x00000002   PAD
    0x08006f14   0x08006f14   0x000000c0   Code   RO           16    i.main              main.o
    0x08006fd4   0x08006fd4   0x0000000e   Code   RO         6230    i.makeFreeRtosPriority  cmsis_os.o
    0x08006fe2   0x08006fe2   0x00000012   Code   RO         5048    i.mem_cpy           ff.o
    0x08006ff4   0x08006ff4   0x0000000e   Code   RO         5049    i.mem_set           ff.o
    0x08007002   0x08007002   0x00000002   PAD
    0x08007004   0x08007004   0x0000006c   Code   RO          302    i.mountSD           freertos.o
    0x08007070   0x08007070   0x00000032   Code   RO         5050    i.move_window       ff.o
    0x080070a2   0x080070a2   0x00000012   Code   RO         6234    i.osKernelRunning   cmsis_os.o
    0x080070b4   0x080070b4   0x0000000a   Code   RO         6235    i.osKernelStart     cmsis_os.o
    0x080070be   0x080070be   0x00000018   Code   RO         6236    i.osKernelSysTick   cmsis_os.o
    0x080070d6   0x080070d6   0x0000000c   Code   RO         6237    i.osMailAlloc       cmsis_os.o
    0x080070e2   0x080070e2   0x00000056   Code   RO         6239    i.osMailCreate      cmsis_os.o
    0x08007138   0x08007138   0x0000000c   Code   RO         6240    i.osMailFree        cmsis_os.o
    0x08007144   0x08007144   0x00000094   Code   RO         6241    i.osMailGet         cmsis_os.o
    0x080071d8   0x080071d8   0x0000005c   Code   RO         6242    i.osMailPut         cmsis_os.o
    0x08007234   0x08007234   0x00000026   Code   RO         6244    i.osMessageCreate   cmsis_os.o
    0x0800725a   0x0800725a   0x00000002   PAD
    0x0800725c   0x0800725c   0x00000094   Code   RO         6246    i.osMessageGet      cmsis_os.o
    0x080072f0   0x080072f0   0x0000005c   Code   RO         6248    i.osMessagePut      cmsis_os.o
    0x0800734c   0x0800734c   0x0000006e   Code   RO         6254    i.osPoolAlloc       cmsis_os.o
    0x080073ba   0x080073ba   0x0000005e   Code   RO         6256    i.osPoolCreate      cmsis_os.o
    0x08007418   0x08007418   0x0000002e   Code   RO         6257    i.osPoolFree        cmsis_os.o
    0x08007446   0x08007446   0x0000003e   Code   RO         6261    i.osSemaphoreCreate  cmsis_os.o
    0x08007484   0x08007484   0x00000018   Code   RO         6262    i.osSemaphoreDelete  cmsis_os.o
    0x0800749c   0x0800749c   0x00000050   Code   RO         6264    i.osSemaphoreRelease  cmsis_os.o
    0x080074ec   0x080074ec   0x00000068   Code   RO         6265    i.osSemaphoreWait   cmsis_os.o
    0x08007554   0x08007554   0x0000005c   Code   RO         6266    i.osSignalSet       cmsis_os.o
    0x080075b0   0x080075b0   0x00000056   Code   RO         6267    i.osSignalWait      cmsis_os.o
    0x08007606   0x08007606   0x00000054   Code   RO         6269    i.osThreadCreate    cmsis_os.o
    0x0800765a   0x0800765a   0x00000002   PAD
    0x0800765c   0x0800765c   0x00000034   Code   RO         6273    i.osThreadResume    cmsis_os.o
    0x08007690   0x08007690   0x0000000a   Code   RO         6276    i.osThreadSuspend   cmsis_os.o
    0x0800769a   0x0800769a   0x00000002   PAD
    0x0800769c   0x0800769c   0x00000070   Code   RO         5927    i.prvAddCurrentTaskToDelayedList  tasks.o
    0x0800770c   0x0800770c   0x000000d0   Code   RO         5928    i.prvAddNewTaskToReadyList  tasks.o
    0x080077dc   0x080077dc   0x00000026   Code   RO         5615    i.prvCopyDataFromQueue  queue.o
    0x08007802   0x08007802   0x0000006c   Code   RO         5616    i.prvCopyDataToQueue  queue.o
    0x0800786e   0x0800786e   0x00000038   Code   RO         5929    i.prvDeleteTCB      tasks.o
    0x080078a6   0x080078a6   0x00000002   PAD
    0x080078a8   0x080078a8   0x00000050   Code   RO         6600    i.prvHeapInit       heap_4.o
    0x080078f8   0x080078f8   0x00000060   Code   RO         5930    i.prvIdleTask       tasks.o
    0x08007958   0x08007958   0x00000016   Code   RO         5618    i.prvInitialiseNewQueue  queue.o
    0x0800796e   0x0800796e   0x00000092   Code   RO         5931    i.prvInitialiseNewTask  tasks.o
    0x08007a00   0x08007a00   0x0000004c   Code   RO         6601    i.prvInsertBlockIntoFreeList  heap_4.o
    0x08007a4c   0x08007a4c   0x0000001c   Code   RO         5619    i.prvIsQueueEmpty   queue.o
    0x08007a68   0x08007a68   0x00000020   Code   RO         5932    i.prvResetNextTaskUnblockTime  tasks.o
    0x08007a88   0x08007a88   0x00000030   Code   RO         6663    i.prvTaskExitError  port.o
    0x08007ab8   0x08007ab8   0x0000003c   Code   RO         5933    i.prvTaskIsTaskSuspended  tasks.o
    0x08007af4   0x08007af4   0x0000006a   Code   RO         5620    i.prvUnlockQueue    queue.o
    0x08007b5e   0x08007b5e   0x0000012c   Code   RO         5051    i.put_fat           ff.o
    0x08007c8a   0x08007c8a   0x00000002   PAD
    0x08007c8c   0x08007c8c   0x000000e4   Code   RO         6602    i.pvPortMalloc      heap_4.o
    0x08007d70   0x08007d70   0x00000018   Code   RO         5934    i.pvTaskIncrementMutexHeldCount  tasks.o
    0x08007d88   0x08007d88   0x00000030   Code   RO         6664    i.pxPortInitialiseStack  port.o
    0x08007db8   0x08007db8   0x00000074   Code   RO         5054    i.remove_chain      ff.o
    0x08007e2c   0x08007e2c   0x00000020   Code   RO          303    i.setFileName       freertos.o
    0x08007e4c   0x08007e4c   0x00000028   Code   RO         5055    i.st_clust          ff.o
    0x08007e74   0x08007e74   0x00000010   Code   RO         5056    i.st_dword          ff.o
    0x08007e84   0x08007e84   0x00000008   Code   RO         5057    i.st_word           ff.o
    0x08007e8c   0x08007e8c   0x00000024   Code   RO          304    i.startADC          freertos.o
    0x08007eb0   0x08007eb0   0x0000001c   Code   RO          305    i.stopADC           freertos.o
    0x08007ecc   0x08007ecc   0x00000088   Code   RO         5058    i.sync_fs           ff.o
    0x08007f54   0x08007f54   0x00000052   Code   RO         5059    i.sync_window       ff.o
    0x08007fa6   0x08007fa6   0x00000018   Code   RO         5060    i.unlock_fs         ff.o
    0x08007fbe   0x08007fbe   0x00000026   Code   RO         5575    i.uxListRemove      list.o
    0x08007fe4   0x08007fe4   0x00000018   Code   RO          306    i.vApplicationGetIdleTaskMemory  freertos.o
    0x08007ffc   0x08007ffc   0x000000f4   Code   RO          307    i.vConsumer         freertos.o
    0x080080f0   0x080080f0   0x00000016   Code   RO         5576    i.vListInitialise   list.o
    0x08008106   0x08008106   0x00000006   Code   RO         5577    i.vListInitialiseItem  list.o
    0x0800810c   0x0800810c   0x00000030   Code   RO         5578    i.vListInsert       list.o
    0x0800813c   0x0800813c   0x00000018   Code   RO         5579    i.vListInsertEnd    list.o
    0x08008154   0x08008154   0x00000048   Code   RO         6666    i.vPortEnterCritical  port.o
    0x0800819c   0x0800819c   0x0000002c   Code   RO         6667    i.vPortExitCritical  port.o
    0x080081c8   0x080081c8   0x00000064   Code   RO         6603    i.vPortFree         heap_4.o
    0x0800822c   0x0800822c   0x00000024   Code   RO         6668    i.vPortSetupTimerInterrupt  port.o
    0x08008250   0x08008250   0x0000005c   Code   RO         6669    i.vPortValidateInterruptPriority  port.o
    0x080082ac   0x080082ac   0x00000044   Code   RO          308    i.vProducer         freertos.o
    0x080082f0   0x080082f0   0x00000032   Code   RO         5625    i.vQueueDelete      queue.o
    0x08008322   0x08008322   0x00000002   PAD
    0x08008324   0x08008324   0x00000028   Code   RO         5626    i.vQueueUnregisterQueue  queue.o
    0x0800834c   0x0800834c   0x00000010   Code   RO         5943    i.vTaskInternalSetTimeOutState  tasks.o
    0x0800835c   0x0800835c   0x0000000c   Code   RO         5944    i.vTaskMissedYield  tasks.o
    0x08008368   0x08008368   0x00000034   Code   RO         5946    i.vTaskPlaceOnEventList  tasks.o
    0x0800839c   0x0800839c   0x000000b8   Code   RO         5948    i.vTaskPriorityDisinheritAfterTimeout  tasks.o
    0x08008454   0x08008454   0x00000080   Code   RO         5951    i.vTaskResume       tasks.o
    0x080084d4   0x080084d4   0x00000070   Code   RO         5953    i.vTaskStartScheduler  tasks.o
    0x08008544   0x08008544   0x000000c0   Code   RO         5954    i.vTaskSuspend      tasks.o
    0x08008604   0x08008604   0x00000010   Code   RO         5955    i.vTaskSuspendAll   tasks.o
    0x08008614   0x08008614   0x00000060   Code   RO         5956    i.vTaskSwitchContext  tasks.o
    0x08008674   0x08008674   0x00000046   Code   RO         5061    i.validate          ff.o
    0x080086ba   0x080086ba   0x00000002   PAD
    0x080086bc   0x080086bc   0x000000c0   Code   RO         6670    i.xPortStartScheduler  port.o
    0x0800877c   0x0800877c   0x0000004c   Code   RO         5629    i.xQueueGenericCreate  queue.o
    0x080087c8   0x080087c8   0x00000076   Code   RO         5630    i.xQueueGenericCreateStatic  queue.o
    0x0800883e   0x0800883e   0x00000002   PAD
    0x08008840   0x08008840   0x00000098   Code   RO         5631    i.xQueueGenericReset  queue.o
    0x080088d8   0x080088d8   0x00000170   Code   RO         5632    i.xQueueGenericSend  queue.o
    0x08008a48   0x08008a48   0x000000cc   Code   RO         5633    i.xQueueGenericSendFromISR  queue.o
    0x08008b14   0x08008b14   0x000000ac   Code   RO         5634    i.xQueueGiveFromISR  queue.o
    0x08008bc0   0x08008bc0   0x00000148   Code   RO         5639    i.xQueueReceive     queue.o
    0x08008d08   0x08008d08   0x000000a8   Code   RO         5640    i.xQueueReceiveFromISR  queue.o
    0x08008db0   0x08008db0   0x0000018c   Code   RO         5641    i.xQueueSemaphoreTake  queue.o
    0x08008f3c   0x08008f3c   0x00000080   Code   RO         5957    i.xTaskCheckForTimeOut  tasks.o
    0x08008fbc   0x08008fbc   0x0000005a   Code   RO         5958    i.xTaskCreate       tasks.o
    0x08009016   0x08009016   0x0000005e   Code   RO         5959    i.xTaskCreateStatic  tasks.o
    0x08009074   0x08009074   0x000000d4   Code   RO         5960    i.xTaskGenericNotify  tasks.o
    0x08009148   0x08009148   0x000000fc   Code   RO         5961    i.xTaskGenericNotifyFromISR  tasks.o
    0x08009244   0x08009244   0x0000001c   Code   RO         5963    i.xTaskGetSchedulerState  tasks.o
    0x08009260   0x08009260   0x0000000c   Code   RO         5964    i.xTaskGetTickCount  tasks.o
    0x0800926c   0x0800926c   0x00000010   Code   RO         5965    i.xTaskGetTickCountFromISR  tasks.o
    0x0800927c   0x0800927c   0x000000cc   Code   RO         5966    i.xTaskIncrementTick  tasks.o
    0x08009348   0x08009348   0x0000008c   Code   RO         5968    i.xTaskNotifyWait   tasks.o
    0x080093d4   0x080093d4   0x000000a8   Code   RO         5969    i.xTaskPriorityDisinherit  tasks.o
    0x0800947c   0x0800947c   0x00000098   Code   RO         5970    i.xTaskPriorityInherit  tasks.o
    0x08009514   0x08009514   0x00000078   Code   RO         5971    i.xTaskRemoveFromEventList  tasks.o
    0x0800958c   0x0800958c   0x000000c8   Code   RO         5972    i.xTaskResumeAll    tasks.o
    0x08009654   0x08009654   0x00000094   Code   RO         5973    i.xTaskResumeFromISR  tasks.o
    0x080096e8   0x080096e8   0x00000044   Data   RO          310    .constdata          freertos.o
    0x0800972c   0x0800972c   0x00000014   Data   RO         1000    .constdata          sd_diskio.o
    0x08009740   0x08009740   0x00000010   Data   RO         1001    .constdata          sd_diskio.o
    0x08009750   0x08009750   0x00000008   Data   RO         1835    .constdata          stm32f7xx_hal_dma.o
    0x08009758   0x08009758   0x00000010   Data   RO         4912    .constdata          system_stm32f7xx.o
    0x08009768   0x08009768   0x00000008   Data   RO         4913    .constdata          system_stm32f7xx.o
    0x08009770   0x08009770   0x0000009c   Data   RO         5063    .constdata          ff.o
    0x0800980c   0x0800980c   0x00000015   Data   RO          311    .conststring        freertos.o
    0x08009821   0x08009821   0x00000001   PAD
    0x08009822   0x08009822   0x00000e10   Data   RO         6851    .rodata.armBitRevIndexTable1024  arm_cortexM7lfsp_math.lib(arm_common_tables.o)
    0x0800a632   0x0800a632   0x000001a0   Data   RO         6848    .rodata.armBitRevIndexTable128  arm_cortexM7lfsp_math.lib(arm_common_tables.o)
    0x0800a7d2   0x0800a7d2   0x00000028   Data   RO         6845    .rodata.armBitRevIndexTable16  arm_cortexM7lfsp_math.lib(arm_common_tables.o)
    0x0800a7fa   0x0800a7fa   0x00001dc0   Data   RO         6852    .rodata.armBitRevIndexTable2048  arm_cortexM7lfsp_math.lib(arm_common_tables.o)
    0x0800c5ba   0x0800c5ba   0x00000370   Data   RO         6849    .rodata.armBitRevIndexTable256  arm_cortexM7lfsp_math.lib(arm_common_tables.o)
    0x0800c92a   0x0800c92a   0x00000060   Data   RO         6846    .rodata.armBitRevIndexTable32  arm_cortexM7lfsp_math.lib(arm_common_tables.o)
    0x0800c98a   0x0800c98a   0x00000380   Data   RO         6850    .rodata.armBitRevIndexTable512  arm_cortexM7lfsp_math.lib(arm_common_tables.o)
    0x0800cd0a   0x0800cd0a   0x00000002   PAD
    0x0800cd0c   0x0800cd0c   0x00002000   Data   RO         6824    .rodata.twiddleCoef_1024  arm_cortexM7lfsp_math.lib(arm_common_tables.o)
    0x0800ed0c   0x0800ed0c   0x00000400   Data   RO         6821    .rodata.twiddleCoef_128  arm_cortexM7lfsp_math.lib(arm_common_tables.o)
    0x0800f10c   0x0800f10c   0x00000080   Data   RO         6818    .rodata.twiddleCoef_16  arm_cortexM7lfsp_math.lib(arm_common_tables.o)
    0x0800f18c   0x0800f18c   0x00004000   Data   RO         6825    .rodata.twiddleCoef_2048  arm_cortexM7lfsp_math.lib(arm_common_tables.o)
    0x0801318c   0x0801318c   0x00000800   Data   RO         6822    .rodata.twiddleCoef_256  arm_cortexM7lfsp_math.lib(arm_common_tables.o)
    0x0801398c   0x0801398c   0x00000100   Data   RO         6819    .rodata.twiddleCoef_32  arm_cortexM7lfsp_math.lib(arm_common_tables.o)
    0x08013a8c   0x08013a8c   0x00001000   Data   RO         6823    .rodata.twiddleCoef_512  arm_cortexM7lfsp_math.lib(arm_common_tables.o)
    0x08014a8c   0x08014a8c   0x00001000   Data   RO         6868    .rodata.twiddleCoef_rfft_1024  arm_cortexM7lfsp_math.lib(arm_common_tables.o)
    0x08015a8c   0x08015a8c   0x00002000   Data   RO         6869    .rodata.twiddleCoef_rfft_2048  arm_cortexM7lfsp_math.lib(arm_common_tables.o)
    0x08017a8c   0x08017a8c   0x00000400   Data   RO         6866    .rodata.twiddleCoef_rfft_256  arm_cortexM7lfsp_math.lib(arm_common_tables.o)
    0x08017e8c   0x08017e8c   0x00000080   Data   RO         6863    .rodata.twiddleCoef_rfft_32  arm_cortexM7lfsp_math.lib(arm_common_tables.o)
    0x08017f0c   0x08017f0c   0x00004000   Data   RO         6870    .rodata.twiddleCoef_rfft_4096  arm_cortexM7lfsp_math.lib(arm_common_tables.o)
    0x0801bf0c   0x0801bf0c   0x00000800   Data   RO         6867    .rodata.twiddleCoef_rfft_512  arm_cortexM7lfsp_math.lib(arm_common_tables.o)
    0x0801c70c   0x0801c70c   0x00000100   Data   RO         6864    .rodata.twiddleCoef_rfft_64  arm_cortexM7lfsp_math.lib(arm_common_tables.o)
    0x0801c80c   0x0801c80c   0x00000020   Data   RO         7269    Region$$Table       anon$$obj.o


    Execution Region RW_IRAM1 (Exec base: 0x20000000, Load base: 0x0801c82c, Size: 0x00047b28, Max: 0x00050000, ABSOLUTE)

    Exec Addr    Load Addr    Size         Type   Attr      Idx    E Section Name        Object

    0x20000000   0x0801c82c   0x00000001   Data   RW           18    .data               main.o
    0x20000001   0x0801c82d   0x00000003   PAD
    0x20000004   0x0801c830   0x00000038   Data   RW          312    .data               freertos.o
    0x2000003c   0x0801c868   0x00000008   Data   RW         1002    .data               sd_diskio.o
    0x20000044   0x0801c870   0x00000005   Data   RW         1095    .data               fatfs.o
    0x20000049   0x0801c875   0x00000003   PAD
    0x2000004c   0x0801c878   0x0000000c   Data   RW         2347    .data               stm32f7xx_hal.o
    0x20000058   0x0801c884   0x00000004   Data   RW         4914    .data               system_stm32f7xx.o
    0x2000005c   0x0801c888   0x00000008   Data   RW         5064    .data               ff.o
    0x20000064   0x0801c890   0x0000003c   Data   RW         5975    .data               tasks.o
    0x200000a0   0x0801c8cc   0x00000018   Data   RW         6608    .data               heap_4.o
    0x200000b8   0x0801c8e4   0x0000000c   Data   RW         6671    .data               port.o
    0x200000c4   0x0801c8f0   0x00000004   Data   RW         7246    .data               mc_w.l(errno.o)
    0x200000c8        -       0x00012354   Zero   RW          309    .bss                freertos.o
    0x2001241c        -       0x00000144   Zero   RW          480    .bss                sdmmc.o
    0x20012560        -       0x00000040   Zero   RW          522    .bss                tim.o
    0x200125a0        -       0x00000140   Zero   RW          564    .bss                usart.o
    0x200126e0        -       0x00000040   Zero   RW          761    .bss                stm32f7xx_hal_timebase_tim.o
    0x20012720        -       0x000000a8   Zero   RW          800    .bss                adc.o
    0x200127c8        -       0x00000200   Zero   RW          999    .bss                sd_diskio.o
    0x200129c8        -       0x00000020   Zero   RW         5062    .bss                ff.o
    0x200129e8        -       0x0000000c   Zero   RW         5349    .bss                ff_gen_drv.o
    0x200129f4        -       0x00000040   Zero   RW         5642    .bss                queue.o
    0x20012a34        -       0x000000f0   Zero   RW         5974    .bss                tasks.o
    0x20012b24        -       0x00034800   Zero   RW         6607    .bss                heap_4.o
    0x20047324   0x0801c8f4   0x00000004   PAD
    0x20047328        -       0x00000800   Zero   RW            1    STACK               startup_stm32f746xx.o


==============================================================================

Image component sizes


      Code (inc. data)   RO Data    RW Data    ZI Data      Debug   Object Name

       284         28          0          0        168       1907   adc.o
       180         22          0          0          0       6343   bsp_driver_sd.o
      1550         42          0          0          0      46336   cmsis_os.o
         0          0          0          0          0       7376   croutine.o
       140         26          0          0          0       3877   diskio.o
       108          4          0          0          0        854   dma.o
         0          0          0          0          0      20560   event_groups.o
        32         10          0          5          0       8424   fatfs.o
      5434         82        156          8         32      42339   ff.o
        70          6          0          0         12       1751   ff_gen_drv.o
      1122        194         89         56      74580      31384   freertos.o
       144         10          0          0          0       1023   gpio.o
       484         24          0         24     215040       7343   heap_4.o
       138          0          0          0          0       3510   list.o
       378         40          0          1          0     917315   main.o
       774         80          0         12          0      11841   port.o
      2374         24          0          0         64      22955   queue.o
       620         48         36          8        512      20941   sd_diskio.o
       400         36          0          0        324       2082   sdmmc.o
        36          8        456          0       2048        828   startup_stm32f746xx.o
       108         18          0         12          0       8526   stm32f7xx_hal.o
      1590         60          0          0          0       8790   stm32f7xx_hal_adc.o
         2          0          0          0          0       1025   stm32f7xx_hal_adc_ex.o
       160         12          0          0          0      38318   stm32f7xx_hal_cortex.o
      1116         16          8          0          0       8221   stm32f7xx_hal_dma.o
       496         54          0          0          0       3285   stm32f7xx_hal_gpio.o
        68          4          0          0          0        918   stm32f7xx_hal_msp.o
       108          8          0          0          0       1316   stm32f7xx_hal_pwr_ex.o
      1348         72          0          0          0       5965   stm32f7xx_hal_rcc.o
      1276         16          0          0          0       2328   stm32f7xx_hal_rcc_ex.o
      2850         24          0          0          0      17771   stm32f7xx_hal_sd.o
      1068         62          0          0          0      11074   stm32f7xx_hal_tim.o
       102          8          0          0          0       3160   stm32f7xx_hal_tim_ex.o
       116         16          0          0         64       1495   stm32f7xx_hal_timebase_tim.o
      1936        102          0          0          0      15031   stm32f7xx_hal_uart.o
       156         72          0          0          0       8936   stm32f7xx_it.o
      1626         42          0          0          0      23612   stm32f7xx_ll_sdmmc.o
        62          0          0          0          0       3504   syscall.o
        84         16         24          4          0       1323   system_stm32f7xx.o
      3506        254          0         60        240      33018   tasks.o
       204         20          0          0         64       1814   tim.o
       276         28          0          0        320       2008   usart.o
       290          4          0          0          0       2544   wav.o

    ----------------------------------------------------------------------
     32886       1592        802        196     293472    1362971   Object Totals
         0          0         32          0          0          0   (incl. Generated)
        70          0          1          6          4          0   (incl. Padding)

    ----------------------------------------------------------------------

      Code (inc. data)   RO Data    RW Data    ZI Data      Debug   Library Member Name

        76          0          0          0          0       1250   arm_bitreversal2.o
      1590          0          0          0          0       6236   arm_cfft_f32.o
      1316          8          0          0          0       4910   arm_cfft_radix8_f32.o
       312          0          0          0          0       2017   arm_cmplx_mag_f32.o
         0          0      77800          0          0       4961   arm_common_tables.o
       198          0          0          0          0       1321   arm_max_f32.o
       414          0          0          0          0       2840   arm_rfft_fast_f32.o
       530          0          0          0          0       3498   arm_rfft_fast_init_f32.o
        58          0          0          0          0        136   sqrtf.o
         0          0          0          0          0          0   entry.o
         0          0          0          0          0          0   entry10a.o
         0          0          0          0          0          0   entry11a.o
         8          4          0          0          0          0   entry2.o
         4          0          0          0          0          0   entry5.o
         0          0          0          0          0          0   entry7b.o
         0          0          0          0          0          0   entry8b.o
         8          4          0          0          0          0   entry9a.o
        12          6          0          4          0         68   errno.o
        30          0          0          0          0          0   handlers.o
        36          8          0          0          0         68   init.o
         0          0          0          0          0          0   iusefp.o
        30          0          0          0          0         68   llshl.o
        32          0          0          0          0         68   llushr.o
        36          0          0          0          0         68   memcpya.o
        36          0          0          0          0        108   memseta.o
       410          8          0          0          0        252   printf1.o
        44          0          0          0          0         80   uidiv.o
        98          0          0          0          0         92   uldiv.o

    ----------------------------------------------------------------------
      5290         38      77802          4          0      28041   Library Totals
        12          0          2          0          0          0   (incl. Padding)

    ----------------------------------------------------------------------

      Code (inc. data)   RO Data    RW Data    ZI Data      Debug   Library Name

      4436          8      77800          0          0      27033   arm_cortexM7lfsp_math.lib
        58          0          0          0          0        136   m_wm.l
       784         30          0          4          0        872   mc_w.l

    ----------------------------------------------------------------------
      5290         38      77802          4          0      28041   Library Totals

    ----------------------------------------------------------------------

==============================================================================


      Code (inc. data)   RO Data    RW Data    ZI Data      Debug   

     38176       1630      78604        200     293472    1357556   Grand Totals
     38176       1630      78604        200     293472    1357556   ELF Image Totals
     38176       1630      78604        200          0          0   ROM Totals

==============================================================================

    Total RO  Size (Code + RO Data)               116780 ( 114.04kB)
    Total RW  Size (RW Data + ZI Data)            293672 ( 286.79kB)
    Total ROM Size (Code + RO Data + RW Data)     116980 ( 114.24kB)

==============================================================================

